rm -rf generated_definitions/ocaml/* generated_definitions/c/* generated_definitions/latex/*
rm -rf generated_definitions/lem/* generated_definitions/isabelle/* generated_definitions/hol4/* generated_definitions/coq/*
rm -rf generated_definitions/for-rmem/*
make -C c_emulator/SoftFloat-3e/build/Linux-RISCV-GCC clean
make[1]: se entra en el directorio '/home/juancarlos/Escritorio/riscv/sail-riscv/c_emulator/SoftFloat-3e/build/Linux-RISCV-GCC'
rm -f s_eq128.o s_le128.o s_lt128.o s_shortShiftLeft128.o s_shortShiftRight128.o s_shortShiftRightJam64.o s_shortShiftRightJam64Extra.o s_shortShiftRightJam128.o s_shortShiftRightJam128Extra.o s_shiftRightJam32.o s_shiftRightJam64.o s_shiftRightJam64Extra.o s_shiftRightJam128.o s_shiftRightJam128Extra.o s_shiftRightJam256M.o s_countLeadingZeros8.o s_countLeadingZeros16.o s_countLeadingZeros32.o s_countLeadingZeros64.o s_add128.o s_add256M.o s_sub128.o s_sub256M.o s_mul64ByShifted32To128.o s_mul64To128.o s_mul128By32.o s_mul128To256M.o s_approxRecip_1Ks.o s_approxRecip32_1.o s_approxRecipSqrt_1Ks.o s_approxRecipSqrt32_1.o  softfloat_raiseFlags.o s_propagateNaNF16UI.o s_f32UIToCommonNaN.o s_commonNaNToF32UI.o s_propagateNaNF32UI.o s_f64UIToCommonNaN.o s_commonNaNToF64UI.o s_propagateNaNF64UI.o s_propagateNaNF128UI.o s_roundToUI32.o s_roundToUI64.o s_roundToI32.o s_roundToI64.o s_normSubnormalF16Sig.o s_roundPackToF16.o s_normRoundPackToF16.o s_addMagsF16.o s_subMagsF16.o s_mulAddF16.o s_normSubnormalF32Sig.o s_roundPackToF32.o s_normRoundPackToF32.o s_addMagsF32.o s_subMagsF32.o s_mulAddF32.o s_normSubnormalF64Sig.o s_roundPackToF64.o s_normRoundPackToF64.o s_addMagsF64.o s_subMagsF64.o s_mulAddF64.o s_normSubnormalExtF80Sig.o s_roundPackToExtF80.o s_normRoundPackToExtF80.o s_addMagsExtF80.o s_subMagsExtF80.o s_normSubnormalF128Sig.o s_roundPackToF128.o s_normRoundPackToF128.o s_addMagsF128.o s_subMagsF128.o s_mulAddF128.o softfloat_state.o ui32_to_f16.o ui32_to_f32.o ui32_to_f64.o ui32_to_extF80.o ui32_to_extF80M.o ui32_to_f128.o ui32_to_f128M.o ui64_to_f16.o ui64_to_f32.o ui64_to_f64.o ui64_to_extF80.o ui64_to_extF80M.o ui64_to_f128.o ui64_to_f128M.o i32_to_f16.o i32_to_f32.o i32_to_f64.o i32_to_extF80.o i32_to_extF80M.o i32_to_f128.o i32_to_f128M.o i64_to_f16.o i64_to_f32.o i64_to_f64.o i64_to_extF80.o i64_to_extF80M.o i64_to_f128.o i64_to_f128M.o f16_to_ui32.o f16_to_ui64.o f16_to_i32.o f16_to_i64.o f16_to_ui32_r_minMag.o f16_to_ui64_r_minMag.o f16_to_i32_r_minMag.o f16_to_i64_r_minMag.o f16_to_f32.o f16_to_f64.o f16_to_extF80.o f16_to_extF80M.o f16_to_f128.o f16_to_f128M.o f16_roundToInt.o f16_add.o f16_sub.o f16_mul.o f16_mulAdd.o f16_div.o f16_rem.o f16_sqrt.o f16_eq.o f16_le.o f16_lt.o f16_eq_signaling.o f16_le_quiet.o f16_lt_quiet.o f16_isSignalingNaN.o f32_to_ui32.o f32_to_ui64.o f32_to_i32.o f32_to_i64.o f32_to_ui32_r_minMag.o f32_to_ui64_r_minMag.o f32_to_i32_r_minMag.o f32_to_i64_r_minMag.o f32_to_f16.o f32_to_f64.o f32_to_extF80.o f32_to_extF80M.o f32_to_f128.o f32_to_f128M.o f32_roundToInt.o f32_add.o f32_sub.o f32_mul.o f32_mulAdd.o f32_div.o f32_rem.o f32_sqrt.o f32_eq.o f32_le.o f32_lt.o f32_eq_signaling.o f32_le_quiet.o f32_lt_quiet.o f32_isSignalingNaN.o f64_to_ui32.o f64_to_ui64.o f64_to_i32.o f64_to_i64.o f64_to_ui32_r_minMag.o f64_to_ui64_r_minMag.o f64_to_i32_r_minMag.o f64_to_i64_r_minMag.o f64_to_f16.o f64_to_f32.o f64_to_extF80.o f64_to_extF80M.o f64_to_f128.o f64_to_f128M.o f64_roundToInt.o f64_add.o f64_sub.o f64_mul.o f64_mulAdd.o f64_div.o f64_rem.o f64_sqrt.o f64_eq.o f64_le.o f64_lt.o f64_eq_signaling.o f64_le_quiet.o f64_lt_quiet.o f64_isSignalingNaN.o extF80_to_ui32.o extF80_to_ui64.o extF80_to_i32.o extF80_to_i64.o extF80_to_ui32_r_minMag.o extF80_to_ui64_r_minMag.o extF80_to_i32_r_minMag.o extF80_to_i64_r_minMag.o extF80_to_f16.o extF80_to_f32.o extF80_to_f64.o extF80_to_f128.o extF80_roundToInt.o extF80_add.o extF80_sub.o extF80_mul.o extF80_div.o extF80_rem.o extF80_sqrt.o extF80_eq.o extF80_le.o extF80_lt.o extF80_eq_signaling.o extF80_le_quiet.o extF80_lt_quiet.o extF80_isSignalingNaN.o extF80M_to_ui32.o extF80M_to_ui64.o extF80M_to_i32.o extF80M_to_i64.o extF80M_to_ui32_r_minMag.o extF80M_to_ui64_r_minMag.o extF80M_to_i32_r_minMag.o extF80M_to_i64_r_minMag.o extF80M_to_f16.o extF80M_to_f32.o extF80M_to_f64.o extF80M_to_f128M.o extF80M_roundToInt.o extF80M_add.o extF80M_sub.o extF80M_mul.o extF80M_div.o extF80M_rem.o extF80M_sqrt.o extF80M_eq.o extF80M_le.o extF80M_lt.o extF80M_eq_signaling.o extF80M_le_quiet.o extF80M_lt_quiet.o f128_to_ui32.o f128_to_ui64.o f128_to_i32.o f128_to_i64.o f128_to_ui32_r_minMag.o f128_to_ui64_r_minMag.o f128_to_i32_r_minMag.o f128_to_i64_r_minMag.o f128_to_f16.o f128_to_f32.o f128_to_extF80.o f128_to_f64.o f128_roundToInt.o f128_add.o f128_sub.o f128_mul.o f128_mulAdd.o f128_div.o f128_rem.o f128_sqrt.o f128_eq.o f128_le.o f128_lt.o f128_eq_signaling.o f128_le_quiet.o f128_lt_quiet.o f128_isSignalingNaN.o f128M_to_ui32.o f128M_to_ui64.o f128M_to_i32.o f128M_to_i64.o f128M_to_ui32_r_minMag.o f128M_to_ui64_r_minMag.o f128M_to_i32_r_minMag.o f128M_to_i64_r_minMag.o f128M_to_f16.o f128M_to_f32.o f128M_to_extF80M.o f128M_to_f64.o f128M_roundToInt.o f128M_add.o f128M_sub.o f128M_mul.o f128M_mulAdd.o f128M_div.o f128M_rem.o f128M_sqrt.o f128M_eq.o f128M_le.o f128M_lt.o f128M_eq_signaling.o f128M_le_quiet.o f128M_lt_quiet.o  softfloat.a
make[1]: se sale del directorio '/home/juancarlos/Escritorio/riscv/sail-riscv/c_emulator/SoftFloat-3e/build/Linux-RISCV-GCC'
rm -f c_emulator/riscv_sim_RV32 c_emulator/riscv_sim_RV64  c_emulator/riscv_rvfi_RV32 c_emulator/riscv_rvfi_RV64
rm -rf ocaml_emulator/_sbuild ocaml_emulator/_build ocaml_emulator/riscv_ocaml_sim_RV32 ocaml_emulator/riscv_ocaml_sim_RV64 ocaml_emulator/tracecmp
rm -f *.gcno *.gcda
rm -f z3_problems
Holmake cleanAll
make: Holmake: No existe el archivo o el directorio
make: [Makefile:494: clean] Error 127 (no tiene efecto)
rm -f handwritten_support/riscv_extras.vo handwritten_support/riscv_extras.vos handwritten_support/riscv_extras.vok handwritten_support/riscv_extras.glob handwritten_support/.riscv_extras.aux
rm -f handwritten_support/mem_metadata.vo handwritten_support/mem_metadata.vos handwritten_support/mem_metadata.vok handwritten_support/mem_metadata.glob handwritten_support/.mem_metadata.aux
rm -f sail_doc/riscv_RV32.json
rm -f sail_doc/riscv_RV64.json
ocamlbuild -clean
Building 32-bit RISCV specification...
mkdir -p generated_definitions/ocaml/RV32
sail -dno_cast -ocaml -ocaml-nobuild -ocaml_build_dir generated_definitions/ocaml/RV32 -o riscv model/prelude.sail model/riscv_xlen32.sail model/riscv_flen_D.sail model/riscv_vlen.sail model/prelude_mem_metadata.sail model/prelude_mem.sail model/riscv_types_common.sail model/riscv_types_ext.sail model/riscv_types.sail model/riscv_vmem_types.sail model/riscv_reg_type.sail model/riscv_freg_type.sail model/riscv_regs.sail model/riscv_pc_access.sail model/riscv_sys_regs.sail model/riscv_pmp_regs.sail model/riscv_pmp_control.sail model/riscv_ext_regs.sail model/riscv_addr_checks_common.sail model/riscv_addr_checks.sail model/riscv_misa_ext.sail model/riscv_vreg_type.sail model/riscv_vext_regs.sail model/riscv_csr_map.sail model/riscv_vext_control.sail model/riscv_next_regs.sail model/riscv_sys_exceptions.sail model/riscv_sync_exception.sail model/riscv_next_control.sail model/riscv_softfloat_interface.sail model/riscv_fdext_regs.sail model/riscv_fdext_control.sail model/riscv_csr_ext.sail model/riscv_sys_control.sail model/riscv_platform.sail model/riscv_mem.sail model/riscv_vmem_common.sail model/riscv_vmem_pte.sail model/riscv_vmem_ptw.sail model/riscv_vmem_tlb.sail model/riscv_vmem.sail model/riscv_types_kext.sail model/riscv_insts_begin.sail model/riscv_insts_base.sail model/riscv_insts_aext.sail model/riscv_insts_cext.sail model/riscv_insts_mext.sail model/riscv_insts_zicsr.sail model/riscv_insts_next.sail model/riscv_insts_hints.sail model/riscv_insts_fext.sail model/riscv_insts_cfext.sail model/riscv_insts_dext.sail model/riscv_insts_cdext.sail model/riscv_insts_svinval.sail model/riscv_insts_zba.sail model/riscv_insts_zbb.sail model/riscv_insts_zbc.sail model/riscv_insts_zbs.sail model/riscv_insts_zcb.sail model/riscv_insts_zfh.sail model/riscv_insts_zfa.sail model/riscv_insts_zkn.sail model/riscv_insts_zks.sail model/riscv_insts_zbkb.sail model/riscv_insts_zbkx.sail model/riscv_insts_zicond.sail model/riscv_insts_vext_utils.sail model/riscv_insts_vext_fp_utils.sail model/riscv_insts_vext_vset.sail model/riscv_insts_vext_arith.sail model/riscv_insts_vext_fp.sail model/riscv_insts_vext_mem.sail model/riscv_insts_vext_mask.sail model/riscv_insts_vext_vm.sail model/riscv_insts_vext_fp_vm.sail model/riscv_insts_vext_red.sail model/riscv_insts_vext_fp_red.sail model/riscv_jalr_seq.sail model/riscv_insts_end.sail model/riscv_step_common.sail model/riscv_step_ext.sail model/riscv_decode_ext.sail model/riscv_fetch.sail model/riscv_step.sail
[93mWarning[0m: Deprecated [96mmodel/prelude.sail[0m:42.14-100:
42[96m |[0mval int_power = {ocaml: "int_power", interpreter: "int_power", lem: "pow", coq: "pow", c: "pow_int"} : (int, int) -> int
  [91m |[0m              [91m^------------------------------------------------------------------------------------^[0m
  [91m |[0m 
All external bindings should be marked as either monadic or pure

[93mWarning[0m: Duplicate function type definition for min_int
[96mmodel/prelude.sail[0m:58.4-11:
58[96m |[0mval min_int = {ocaml: "min_int", interpreter: "min_int", lem: "min", coq: "min_atom", c: "min_int"} : forall 'x 'y.
  [91m |[0m    [91m^-----^[0m
  [91m |[0m This duplicate definition is being ignored!
  [91m |[0m [96m/home/juancarlos/.opam/default/share/sail/lib/arith.sail[0m:217.4-11:
  [91m |[0m 217[96m |[0mval min_int = pure {lem: "integerMin", coq: "Z.min", _: "min_int"} : forall 'x 'y.
  [91m |[0m    [91m |[0m    [91m^-----^[0m [91mprevious definition here[0m
mkdir -p ocaml_emulator/_sbuild
cp ocaml_emulator/_tags ocaml_emulator/platform.ml ocaml_emulator/platform_impl.ml ocaml_emulator/softfloat.ml ocaml_emulator/riscv_ocaml_sim.ml ocaml_emulator/_sbuild
cp -f generated_definitions/ocaml/RV32/*.ml ocaml_emulator/_sbuild
cd ocaml_emulator/_sbuild && ocamlbuild -use-ocamlfind riscv_ocaml_sim.native
+ ocamlfind ocamldep -package lem -package linksem -package zarith -modules riscv_ocaml_sim.ml > riscv_ocaml_sim.ml.depends
+ ocamlfind ocamldep -package lem -package linksem -package zarith -modules elf_loader.ml > elf_loader.ml.depends
+ ocamlfind ocamldep -package lem -package linksem -package zarith -modules sail_lib.ml > sail_lib.ml.depends
+ ocamlfind ocamldep -package lem -package linksem -package zarith -modules util.ml > util.ml.depends
+ ocamlfind ocamlc -c -annot -bin-annot -package lem -package linksem -package zarith -o util.cmo util.ml
+ ocamlfind ocamlc -c -annot -bin-annot -package lem -package linksem -package zarith -o sail_lib.cmo sail_lib.ml
+ ocamlfind ocamldep -package lem -package linksem -package zarith -modules platform.ml > platform.ml.depends
+ ocamlfind ocamlc -c -annot -bin-annot -package lem -package linksem -package zarith -o elf_loader.cmo elf_loader.ml
+ ocamlfind ocamldep -package lem -package linksem -package zarith -modules platform_impl.ml > platform_impl.ml.depends
+ ocamlfind ocamlc -c -annot -bin-annot -package lem -package linksem -package zarith -o platform_impl.cmo platform_impl.ml
+ ocamlfind ocamlc -c -annot -bin-annot -package lem -package linksem -package zarith -o platform_impl.cmo platform_impl.ml
File "platform_impl.ml", line 185, characters 6-12:
185 |   let nbytes = Unix.read Unix.stdin buf 0 1 in
            ^^^^^^
Warning 26 [unused-var]: unused variable nbytes.
+ ocamlfind ocamldep -package lem -package linksem -package zarith -modules riscv.ml > riscv.ml.depends
+ ocamlfind ocamlc -c -annot -bin-annot -package lem -package linksem -package zarith -o platform.cmo platform.ml
+ ocamlfind ocamldep -package lem -package linksem -package zarith -modules softfloat.ml > softfloat.ml.depends
+ ocamlfind ocamlc -c -annot -bin-annot -package lem -package linksem -package zarith -o softfloat.cmo softfloat.ml
+ ocamlfind ocamlc -c -annot -bin-annot -package lem -package linksem -package zarith -o riscv.cmo riscv.ml
+ ocamlfind ocamlc -c -annot -bin-annot -package lem -package linksem -package zarith -o riscv.cmo riscv.ml
File "riscv.ml", line 3964, characters 8-20:
3964 |   begin assert false; exit 0 end)
               ^^^^^^^^^^^^
Warning 21 [nonreturning-statement]: this statement never returns (or has an unsound type.)
File "riscv.ml", line 6915, characters 17-29:
6915 |     | _ -> begin assert false; exit 0 end
                        ^^^^^^^^^^^^
Warning 21 [nonreturning-statement]: this statement never returns (or has an unsound type.)
File "riscv.ml", line 9374, characters 17-29:
9374 |     | _ -> begin assert false; exit 0 end
                        ^^^^^^^^^^^^
Warning 21 [nonreturning-statement]: this statement never returns (or has an unsound type.)
File "riscv.ml", line 9391, characters 8-92:
9391 |         zinternal_error ("model/riscv_sys_regs.sail", (Big_int.of_int (850)), "invalid SEW");
               ^^^^^^^^^^^^^^^^^^^^^^^^^^^^^^^^^^^^^^^^^^^^^^^^^^^^^^^^^^^^^^^^^^^^^^^^^^^^^^^^^^^^
Warning 21 [nonreturning-statement]: this statement never returns (or has an unsound type.)
File "riscv.ml", line 9409, characters 8-92:
9409 |         zinternal_error ("model/riscv_sys_regs.sail", (Big_int.of_int (861)), "invalid SEW");
               ^^^^^^^^^^^^^^^^^^^^^^^^^^^^^^^^^^^^^^^^^^^^^^^^^^^^^^^^^^^^^^^^^^^^^^^^^^^^^^^^^^^^
Warning 21 [nonreturning-statement]: this statement never returns (or has an unsound type.)
File "riscv.ml", line 9424, characters 17-29:
9424 |     | _ -> begin assert false; exit 0 end
                        ^^^^^^^^^^^^
Warning 21 [nonreturning-statement]: this statement never returns (or has an unsound type.)
File "riscv.ml", line 11502, characters 17-29:
11502 |     | _ -> begin assert false; exit 0 end
                         ^^^^^^^^^^^^
Warning 21 [nonreturning-statement]: this statement never returns (or has an unsound type.)
File "riscv.ml", line 12105, characters 4-37:
12105 |     Softfloat.f16_add (zrm, zv1, zv2);
            ^^^^^^^^^^^^^^^^^^^^^^^^^^^^^^^^^
Warning 5 [ignored-partial-application]: this function application is partial,
maybe some arguments are missing.
File "riscv.ml", line 12111, characters 4-37:
12111 |     Softfloat.f16_sub (zrm, zv1, zv2);
            ^^^^^^^^^^^^^^^^^^^^^^^^^^^^^^^^^
Warning 5 [ignored-partial-application]: this function application is partial,
maybe some arguments are missing.
File "riscv.ml", line 12117, characters 4-37:
12117 |     Softfloat.f16_mul (zrm, zv1, zv2);
            ^^^^^^^^^^^^^^^^^^^^^^^^^^^^^^^^^
Warning 5 [ignored-partial-application]: this function application is partial,
maybe some arguments are missing.
File "riscv.ml", line 12123, characters 4-37:
12123 |     Softfloat.f16_div (zrm, zv1, zv2);
            ^^^^^^^^^^^^^^^^^^^^^^^^^^^^^^^^^
Warning 5 [ignored-partial-application]: this function application is partial,
maybe some arguments are missing.
File "riscv.ml", line 12129, characters 4-37:
12129 |     Softfloat.f32_add (zrm, zv1, zv2);
            ^^^^^^^^^^^^^^^^^^^^^^^^^^^^^^^^^
Warning 5 [ignored-partial-application]: this function application is partial,
maybe some arguments are missing.
File "riscv.ml", line 12135, characters 4-37:
12135 |     Softfloat.f32_sub (zrm, zv1, zv2);
            ^^^^^^^^^^^^^^^^^^^^^^^^^^^^^^^^^
Warning 5 [ignored-partial-application]: this function application is partial,
maybe some arguments are missing.
File "riscv.ml", line 12141, characters 4-37:
12141 |     Softfloat.f32_mul (zrm, zv1, zv2);
            ^^^^^^^^^^^^^^^^^^^^^^^^^^^^^^^^^
Warning 5 [ignored-partial-application]: this function application is partial,
maybe some arguments are missing.
File "riscv.ml", line 12147, characters 4-37:
12147 |     Softfloat.f32_div (zrm, zv1, zv2);
            ^^^^^^^^^^^^^^^^^^^^^^^^^^^^^^^^^
Warning 5 [ignored-partial-application]: this function application is partial,
maybe some arguments are missing.
File "riscv.ml", line 12153, characters 4-37:
12153 |     Softfloat.f64_add (zrm, zv1, zv2);
            ^^^^^^^^^^^^^^^^^^^^^^^^^^^^^^^^^
Warning 5 [ignored-partial-application]: this function application is partial,
maybe some arguments are missing.
File "riscv.ml", line 12159, characters 4-37:
12159 |     Softfloat.f64_sub (zrm, zv1, zv2);
            ^^^^^^^^^^^^^^^^^^^^^^^^^^^^^^^^^
Warning 5 [ignored-partial-application]: this function application is partial,
maybe some arguments are missing.
File "riscv.ml", line 12165, characters 4-37:
12165 |     Softfloat.f64_mul (zrm, zv1, zv2);
            ^^^^^^^^^^^^^^^^^^^^^^^^^^^^^^^^^
Warning 5 [ignored-partial-application]: this function application is partial,
maybe some arguments are missing.
File "riscv.ml", line 12171, characters 4-37:
12171 |     Softfloat.f64_div (zrm, zv1, zv2);
            ^^^^^^^^^^^^^^^^^^^^^^^^^^^^^^^^^
Warning 5 [ignored-partial-application]: this function application is partial,
maybe some arguments are missing.
File "riscv.ml", line 12177, characters 4-45:
12177 |     Softfloat.f16_muladd (zrm, zv1, zv2, zv3);
            ^^^^^^^^^^^^^^^^^^^^^^^^^^^^^^^^^^^^^^^^^
Warning 5 [ignored-partial-application]: this function application is partial,
maybe some arguments are missing.
File "riscv.ml", line 12183, characters 4-45:
12183 |     Softfloat.f32_muladd (zrm, zv1, zv2, zv3);
            ^^^^^^^^^^^^^^^^^^^^^^^^^^^^^^^^^^^^^^^^^
Warning 5 [ignored-partial-application]: this function application is partial,
maybe some arguments are missing.
File "riscv.ml", line 12189, characters 4-45:
12189 |     Softfloat.f64_muladd (zrm, zv1, zv2, zv3);
            ^^^^^^^^^^^^^^^^^^^^^^^^^^^^^^^^^^^^^^^^^
Warning 5 [ignored-partial-application]: this function application is partial,
maybe some arguments are missing.
File "riscv.ml", line 12195, characters 4-32:
12195 |     Softfloat.f16_sqrt (zrm, zv);
            ^^^^^^^^^^^^^^^^^^^^^^^^^^^^
Warning 5 [ignored-partial-application]: this function application is partial,
maybe some arguments are missing.
File "riscv.ml", line 12201, characters 4-32:
12201 |     Softfloat.f32_sqrt (zrm, zv);
            ^^^^^^^^^^^^^^^^^^^^^^^^^^^^
Warning 5 [ignored-partial-application]: this function application is partial,
maybe some arguments are missing.
File "riscv.ml", line 12207, characters 4-32:
12207 |     Softfloat.f64_sqrt (zrm, zv);
            ^^^^^^^^^^^^^^^^^^^^^^^^^^^^
Warning 5 [ignored-partial-application]: this function application is partial,
maybe some arguments are missing.
File "riscv.ml", line 12213, characters 4-34:
12213 |     Softfloat.f16_to_i32 (zrm, zv);
            ^^^^^^^^^^^^^^^^^^^^^^^^^^^^^^
Warning 5 [ignored-partial-application]: this function application is partial,
maybe some arguments are missing.
File "riscv.ml", line 12219, characters 4-35:
12219 |     Softfloat.f16_to_ui32 (zrm, zv);
            ^^^^^^^^^^^^^^^^^^^^^^^^^^^^^^^
Warning 5 [ignored-partial-application]: this function application is partial,
maybe some arguments are missing.
File "riscv.ml", line 12225, characters 4-34:
12225 |     Softfloat.i32_to_f16 (zrm, zv);
            ^^^^^^^^^^^^^^^^^^^^^^^^^^^^^^
Warning 5 [ignored-partial-application]: this function application is partial,
maybe some arguments are missing.
File "riscv.ml", line 12231, characters 4-35:
12231 |     Softfloat.ui32_to_f16 (zrm, zv);
            ^^^^^^^^^^^^^^^^^^^^^^^^^^^^^^^
Warning 5 [ignored-partial-application]: this function application is partial,
maybe some arguments are missing.
File "riscv.ml", line 12237, characters 4-34:
12237 |     Softfloat.f16_to_i64 (zrm, zv);
            ^^^^^^^^^^^^^^^^^^^^^^^^^^^^^^
Warning 5 [ignored-partial-application]: this function application is partial,
maybe some arguments are missing.
File "riscv.ml", line 12243, characters 4-35:
12243 |     Softfloat.f16_to_ui64 (zrm, zv);
            ^^^^^^^^^^^^^^^^^^^^^^^^^^^^^^^
Warning 5 [ignored-partial-application]: this function application is partial,
maybe some arguments are missing.
File "riscv.ml", line 12249, characters 4-34:
12249 |     Softfloat.i64_to_f16 (zrm, zv);
            ^^^^^^^^^^^^^^^^^^^^^^^^^^^^^^
Warning 5 [ignored-partial-application]: this function application is partial,
maybe some arguments are missing.
File "riscv.ml", line 12255, characters 4-35:
12255 |     Softfloat.ui64_to_f16 (zrm, zv);
            ^^^^^^^^^^^^^^^^^^^^^^^^^^^^^^^
Warning 5 [ignored-partial-application]: this function application is partial,
maybe some arguments are missing.
File "riscv.ml", line 12261, characters 4-34:
12261 |     Softfloat.f32_to_i32 (zrm, zv);
            ^^^^^^^^^^^^^^^^^^^^^^^^^^^^^^
Warning 5 [ignored-partial-application]: this function application is partial,
maybe some arguments are missing.
File "riscv.ml", line 12267, characters 4-35:
12267 |     Softfloat.f32_to_ui32 (zrm, zv);
            ^^^^^^^^^^^^^^^^^^^^^^^^^^^^^^^
Warning 5 [ignored-partial-application]: this function application is partial,
maybe some arguments are missing.
File "riscv.ml", line 12273, characters 4-34:
12273 |     Softfloat.i32_to_f32 (zrm, zv);
            ^^^^^^^^^^^^^^^^^^^^^^^^^^^^^^
Warning 5 [ignored-partial-application]: this function application is partial,
maybe some arguments are missing.
File "riscv.ml", line 12279, characters 4-35:
12279 |     Softfloat.ui32_to_f32 (zrm, zv);
            ^^^^^^^^^^^^^^^^^^^^^^^^^^^^^^^
Warning 5 [ignored-partial-application]: this function application is partial,
maybe some arguments are missing.
File "riscv.ml", line 12285, characters 4-34:
12285 |     Softfloat.f32_to_i64 (zrm, zv);
            ^^^^^^^^^^^^^^^^^^^^^^^^^^^^^^
Warning 5 [ignored-partial-application]: this function application is partial,
maybe some arguments are missing.
File "riscv.ml", line 12291, characters 4-35:
12291 |     Softfloat.f32_to_ui64 (zrm, zv);
            ^^^^^^^^^^^^^^^^^^^^^^^^^^^^^^^
Warning 5 [ignored-partial-application]: this function application is partial,
maybe some arguments are missing.
File "riscv.ml", line 12297, characters 4-34:
12297 |     Softfloat.i64_to_f32 (zrm, zv);
            ^^^^^^^^^^^^^^^^^^^^^^^^^^^^^^
Warning 5 [ignored-partial-application]: this function application is partial,
maybe some arguments are missing.
File "riscv.ml", line 12303, characters 4-35:
12303 |     Softfloat.ui64_to_f32 (zrm, zv);
            ^^^^^^^^^^^^^^^^^^^^^^^^^^^^^^^
Warning 5 [ignored-partial-application]: this function application is partial,
maybe some arguments are missing.
File "riscv.ml", line 12309, characters 4-34:
12309 |     Softfloat.f64_to_i32 (zrm, zv);
            ^^^^^^^^^^^^^^^^^^^^^^^^^^^^^^
Warning 5 [ignored-partial-application]: this function application is partial,
maybe some arguments are missing.
File "riscv.ml", line 12315, characters 4-35:
12315 |     Softfloat.f64_to_ui32 (zrm, zv);
            ^^^^^^^^^^^^^^^^^^^^^^^^^^^^^^^
Warning 5 [ignored-partial-application]: this function application is partial,
maybe some arguments are missing.
File "riscv.ml", line 12321, characters 4-34:
12321 |     Softfloat.i32_to_f64 (zrm, zv);
            ^^^^^^^^^^^^^^^^^^^^^^^^^^^^^^
Warning 5 [ignored-partial-application]: this function application is partial,
maybe some arguments are missing.
File "riscv.ml", line 12327, characters 4-35:
12327 |     Softfloat.ui32_to_f64 (zrm, zv);
            ^^^^^^^^^^^^^^^^^^^^^^^^^^^^^^^
Warning 5 [ignored-partial-application]: this function application is partial,
maybe some arguments are missing.
File "riscv.ml", line 12333, characters 4-34:
12333 |     Softfloat.f64_to_i64 (zrm, zv);
            ^^^^^^^^^^^^^^^^^^^^^^^^^^^^^^
Warning 5 [ignored-partial-application]: this function application is partial,
maybe some arguments are missing.
File "riscv.ml", line 12339, characters 4-35:
12339 |     Softfloat.f64_to_ui64 (zrm, zv);
            ^^^^^^^^^^^^^^^^^^^^^^^^^^^^^^^
Warning 5 [ignored-partial-application]: this function application is partial,
maybe some arguments are missing.
File "riscv.ml", line 12345, characters 4-34:
12345 |     Softfloat.i64_to_f64 (zrm, zv);
            ^^^^^^^^^^^^^^^^^^^^^^^^^^^^^^
Warning 5 [ignored-partial-application]: this function application is partial,
maybe some arguments are missing.
File "riscv.ml", line 12351, characters 4-35:
12351 |     Softfloat.ui64_to_f64 (zrm, zv);
            ^^^^^^^^^^^^^^^^^^^^^^^^^^^^^^^
Warning 5 [ignored-partial-application]: this function application is partial,
maybe some arguments are missing.
File "riscv.ml", line 12357, characters 4-34:
12357 |     Softfloat.f16_to_f32 (zrm, zv);
            ^^^^^^^^^^^^^^^^^^^^^^^^^^^^^^
Warning 5 [ignored-partial-application]: this function application is partial,
maybe some arguments are missing.
File "riscv.ml", line 12363, characters 4-34:
12363 |     Softfloat.f16_to_f64 (zrm, zv);
            ^^^^^^^^^^^^^^^^^^^^^^^^^^^^^^
Warning 5 [ignored-partial-application]: this function application is partial,
maybe some arguments are missing.
File "riscv.ml", line 12369, characters 4-34:
12369 |     Softfloat.f32_to_f64 (zrm, zv);
            ^^^^^^^^^^^^^^^^^^^^^^^^^^^^^^
Warning 5 [ignored-partial-application]: this function application is partial,
maybe some arguments are missing.
File "riscv.ml", line 12375, characters 4-34:
12375 |     Softfloat.f32_to_f16 (zrm, zv);
            ^^^^^^^^^^^^^^^^^^^^^^^^^^^^^^
Warning 5 [ignored-partial-application]: this function application is partial,
maybe some arguments are missing.
File "riscv.ml", line 12381, characters 4-34:
12381 |     Softfloat.f64_to_f16 (zrm, zv);
            ^^^^^^^^^^^^^^^^^^^^^^^^^^^^^^
Warning 5 [ignored-partial-application]: this function application is partial,
maybe some arguments are missing.
File "riscv.ml", line 12387, characters 4-34:
12387 |     Softfloat.f64_to_f32 (zrm, zv);
            ^^^^^^^^^^^^^^^^^^^^^^^^^^^^^^
Warning 5 [ignored-partial-application]: this function application is partial,
maybe some arguments are missing.
File "riscv.ml", line 12393, characters 4-31:
12393 |     Softfloat.f16_lt (zv1, zv2);
            ^^^^^^^^^^^^^^^^^^^^^^^^^^^
Warning 5 [ignored-partial-application]: this function application is partial,
maybe some arguments are missing.
File "riscv.ml", line 12399, characters 4-37:
12399 |     Softfloat.f16_lt_quiet (zv1, zv2);
            ^^^^^^^^^^^^^^^^^^^^^^^^^^^^^^^^^
Warning 5 [ignored-partial-application]: this function application is partial,
maybe some arguments are missing.
File "riscv.ml", line 12405, characters 4-31:
12405 |     Softfloat.f16_le (zv1, zv2);
            ^^^^^^^^^^^^^^^^^^^^^^^^^^^
Warning 5 [ignored-partial-application]: this function application is partial,
maybe some arguments are missing.
File "riscv.ml", line 12411, characters 4-37:
12411 |     Softfloat.f16_le_quiet (zv1, zv2);
            ^^^^^^^^^^^^^^^^^^^^^^^^^^^^^^^^^
Warning 5 [ignored-partial-application]: this function application is partial,
maybe some arguments are missing.
File "riscv.ml", line 12417, characters 4-31:
12417 |     Softfloat.f16_eq (zv1, zv2);
            ^^^^^^^^^^^^^^^^^^^^^^^^^^^
Warning 5 [ignored-partial-application]: this function application is partial,
maybe some arguments are missing.
File "riscv.ml", line 12423, characters 4-31:
12423 |     Softfloat.f32_lt (zv1, zv2);
            ^^^^^^^^^^^^^^^^^^^^^^^^^^^
Warning 5 [ignored-partial-application]: this function application is partial,
maybe some arguments are missing.
File "riscv.ml", line 12429, characters 4-37:
12429 |     Softfloat.f32_lt_quiet (zv1, zv2);
            ^^^^^^^^^^^^^^^^^^^^^^^^^^^^^^^^^
Warning 5 [ignored-partial-application]: this function application is partial,
maybe some arguments are missing.
File "riscv.ml", line 12435, characters 4-31:
12435 |     Softfloat.f32_le (zv1, zv2);
            ^^^^^^^^^^^^^^^^^^^^^^^^^^^
Warning 5 [ignored-partial-application]: this function application is partial,
maybe some arguments are missing.
File "riscv.ml", line 12441, characters 4-37:
12441 |     Softfloat.f32_le_quiet (zv1, zv2);
            ^^^^^^^^^^^^^^^^^^^^^^^^^^^^^^^^^
Warning 5 [ignored-partial-application]: this function application is partial,
maybe some arguments are missing.
File "riscv.ml", line 12447, characters 4-31:
12447 |     Softfloat.f32_eq (zv1, zv2);
            ^^^^^^^^^^^^^^^^^^^^^^^^^^^
Warning 5 [ignored-partial-application]: this function application is partial,
maybe some arguments are missing.
File "riscv.ml", line 12453, characters 4-31:
12453 |     Softfloat.f64_lt (zv1, zv2);
            ^^^^^^^^^^^^^^^^^^^^^^^^^^^
Warning 5 [ignored-partial-application]: this function application is partial,
maybe some arguments are missing.
File "riscv.ml", line 12459, characters 4-37:
12459 |     Softfloat.f64_lt_quiet (zv1, zv2);
            ^^^^^^^^^^^^^^^^^^^^^^^^^^^^^^^^^
Warning 5 [ignored-partial-application]: this function application is partial,
maybe some arguments are missing.
File "riscv.ml", line 12465, characters 4-31:
12465 |     Softfloat.f64_le (zv1, zv2);
            ^^^^^^^^^^^^^^^^^^^^^^^^^^^
Warning 5 [ignored-partial-application]: this function application is partial,
maybe some arguments are missing.
File "riscv.ml", line 12471, characters 4-37:
12471 |     Softfloat.f64_le_quiet (zv1, zv2);
            ^^^^^^^^^^^^^^^^^^^^^^^^^^^^^^^^^
Warning 5 [ignored-partial-application]: this function application is partial,
maybe some arguments are missing.
File "riscv.ml", line 12477, characters 4-31:
12477 |     Softfloat.f64_eq (zv1, zv2);
            ^^^^^^^^^^^^^^^^^^^^^^^^^^^
Warning 5 [ignored-partial-application]: this function application is partial,
maybe some arguments are missing.
File "riscv.ml", line 12483, characters 4-48:
12483 |     Softfloat.f16_round_to_int (zrm, zv, zexact);
            ^^^^^^^^^^^^^^^^^^^^^^^^^^^^^^^^^^^^^^^^^^^^
Warning 5 [ignored-partial-application]: this function application is partial,
maybe some arguments are missing.
File "riscv.ml", line 12489, characters 4-48:
12489 |     Softfloat.f32_round_to_int (zrm, zv, zexact);
            ^^^^^^^^^^^^^^^^^^^^^^^^^^^^^^^^^^^^^^^^^^^^
Warning 5 [ignored-partial-application]: this function application is partial,
maybe some arguments are missing.
File "riscv.ml", line 12495, characters 4-48:
12495 |     Softfloat.f64_round_to_int (zrm, zv, zexact);
            ^^^^^^^^^^^^^^^^^^^^^^^^^^^^^^^^^^^^^^^^^^^^
Warning 5 [ignored-partial-application]: this function application is partial,
maybe some arguments are missing.
File "riscv.ml", line 12640, characters 19-31:
12640 |       | _ -> begin assert false; exit 0 end
                           ^^^^^^^^^^^^
Warning 21 [nonreturning-statement]: this statement never returns (or has an unsound type.)
+ ocamlfind ocamlc -c -annot -bin-annot -package lem -package linksem -package zarith -o riscv_ocaml_sim.cmo riscv_ocaml_sim.ml
+ ocamlfind ocamlopt -c -annot -bin-annot -package lem -package linksem -package zarith -o util.cmx util.ml
+ ocamlfind ocamlopt -c -annot -bin-annot -package lem -package linksem -package zarith -o sail_lib.cmx sail_lib.ml
+ ocamlfind ocamlopt -c -annot -bin-annot -package lem -package linksem -package zarith -o elf_loader.cmx elf_loader.ml
+ ocamlfind ocamlopt -c -annot -bin-annot -package lem -package linksem -package zarith -o platform_impl.cmx platform_impl.ml
+ ocamlfind ocamlopt -c -annot -bin-annot -package lem -package linksem -package zarith -o platform_impl.cmx platform_impl.ml
File "platform_impl.ml", line 185, characters 6-12:
185 |   let nbytes = Unix.read Unix.stdin buf 0 1 in
            ^^^^^^
Warning 26 [unused-var]: unused variable nbytes.
+ ocamlfind ocamlopt -c -annot -bin-annot -package lem -package linksem -package zarith -o platform.cmx platform.ml
+ ocamlfind ocamlopt -c -annot -bin-annot -package lem -package linksem -package zarith -o softfloat.cmx softfloat.ml
+ ocamlfind ocamlopt -c -annot -bin-annot -package lem -package linksem -package zarith -o riscv.cmx riscv.ml
+ ocamlfind ocamlopt -c -annot -bin-annot -package lem -package linksem -package zarith -o riscv.cmx riscv.ml
File "riscv.ml", line 3964, characters 8-20:
3964 |   begin assert false; exit 0 end)
               ^^^^^^^^^^^^
Warning 21 [nonreturning-statement]: this statement never returns (or has an unsound type.)
File "riscv.ml", line 6915, characters 17-29:
6915 |     | _ -> begin assert false; exit 0 end
                        ^^^^^^^^^^^^
Warning 21 [nonreturning-statement]: this statement never returns (or has an unsound type.)
File "riscv.ml", line 9374, characters 17-29:
9374 |     | _ -> begin assert false; exit 0 end
                        ^^^^^^^^^^^^
Warning 21 [nonreturning-statement]: this statement never returns (or has an unsound type.)
File "riscv.ml", line 9391, characters 8-92:
9391 |         zinternal_error ("model/riscv_sys_regs.sail", (Big_int.of_int (850)), "invalid SEW");
               ^^^^^^^^^^^^^^^^^^^^^^^^^^^^^^^^^^^^^^^^^^^^^^^^^^^^^^^^^^^^^^^^^^^^^^^^^^^^^^^^^^^^
Warning 21 [nonreturning-statement]: this statement never returns (or has an unsound type.)
File "riscv.ml", line 9409, characters 8-92:
9409 |         zinternal_error ("model/riscv_sys_regs.sail", (Big_int.of_int (861)), "invalid SEW");
               ^^^^^^^^^^^^^^^^^^^^^^^^^^^^^^^^^^^^^^^^^^^^^^^^^^^^^^^^^^^^^^^^^^^^^^^^^^^^^^^^^^^^
Warning 21 [nonreturning-statement]: this statement never returns (or has an unsound type.)
File "riscv.ml", line 9424, characters 17-29:
9424 |     | _ -> begin assert false; exit 0 end
                        ^^^^^^^^^^^^
Warning 21 [nonreturning-statement]: this statement never returns (or has an unsound type.)
File "riscv.ml", line 11502, characters 17-29:
11502 |     | _ -> begin assert false; exit 0 end
                         ^^^^^^^^^^^^
Warning 21 [nonreturning-statement]: this statement never returns (or has an unsound type.)
File "riscv.ml", line 12105, characters 4-37:
12105 |     Softfloat.f16_add (zrm, zv1, zv2);
            ^^^^^^^^^^^^^^^^^^^^^^^^^^^^^^^^^
Warning 5 [ignored-partial-application]: this function application is partial,
maybe some arguments are missing.
File "riscv.ml", line 12111, characters 4-37:
12111 |     Softfloat.f16_sub (zrm, zv1, zv2);
            ^^^^^^^^^^^^^^^^^^^^^^^^^^^^^^^^^
Warning 5 [ignored-partial-application]: this function application is partial,
maybe some arguments are missing.
File "riscv.ml", line 12117, characters 4-37:
12117 |     Softfloat.f16_mul (zrm, zv1, zv2);
            ^^^^^^^^^^^^^^^^^^^^^^^^^^^^^^^^^
Warning 5 [ignored-partial-application]: this function application is partial,
maybe some arguments are missing.
File "riscv.ml", line 12123, characters 4-37:
12123 |     Softfloat.f16_div (zrm, zv1, zv2);
            ^^^^^^^^^^^^^^^^^^^^^^^^^^^^^^^^^
Warning 5 [ignored-partial-application]: this function application is partial,
maybe some arguments are missing.
File "riscv.ml", line 12129, characters 4-37:
12129 |     Softfloat.f32_add (zrm, zv1, zv2);
            ^^^^^^^^^^^^^^^^^^^^^^^^^^^^^^^^^
Warning 5 [ignored-partial-application]: this function application is partial,
maybe some arguments are missing.
File "riscv.ml", line 12135, characters 4-37:
12135 |     Softfloat.f32_sub (zrm, zv1, zv2);
            ^^^^^^^^^^^^^^^^^^^^^^^^^^^^^^^^^
Warning 5 [ignored-partial-application]: this function application is partial,
maybe some arguments are missing.
File "riscv.ml", line 12141, characters 4-37:
12141 |     Softfloat.f32_mul (zrm, zv1, zv2);
            ^^^^^^^^^^^^^^^^^^^^^^^^^^^^^^^^^
Warning 5 [ignored-partial-application]: this function application is partial,
maybe some arguments are missing.
File "riscv.ml", line 12147, characters 4-37:
12147 |     Softfloat.f32_div (zrm, zv1, zv2);
            ^^^^^^^^^^^^^^^^^^^^^^^^^^^^^^^^^
Warning 5 [ignored-partial-application]: this function application is partial,
maybe some arguments are missing.
File "riscv.ml", line 12153, characters 4-37:
12153 |     Softfloat.f64_add (zrm, zv1, zv2);
            ^^^^^^^^^^^^^^^^^^^^^^^^^^^^^^^^^
Warning 5 [ignored-partial-application]: this function application is partial,
maybe some arguments are missing.
File "riscv.ml", line 12159, characters 4-37:
12159 |     Softfloat.f64_sub (zrm, zv1, zv2);
            ^^^^^^^^^^^^^^^^^^^^^^^^^^^^^^^^^
Warning 5 [ignored-partial-application]: this function application is partial,
maybe some arguments are missing.
File "riscv.ml", line 12165, characters 4-37:
12165 |     Softfloat.f64_mul (zrm, zv1, zv2);
            ^^^^^^^^^^^^^^^^^^^^^^^^^^^^^^^^^
Warning 5 [ignored-partial-application]: this function application is partial,
maybe some arguments are missing.
File "riscv.ml", line 12171, characters 4-37:
12171 |     Softfloat.f64_div (zrm, zv1, zv2);
            ^^^^^^^^^^^^^^^^^^^^^^^^^^^^^^^^^
Warning 5 [ignored-partial-application]: this function application is partial,
maybe some arguments are missing.
File "riscv.ml", line 12177, characters 4-45:
12177 |     Softfloat.f16_muladd (zrm, zv1, zv2, zv3);
            ^^^^^^^^^^^^^^^^^^^^^^^^^^^^^^^^^^^^^^^^^
Warning 5 [ignored-partial-application]: this function application is partial,
maybe some arguments are missing.
File "riscv.ml", line 12183, characters 4-45:
12183 |     Softfloat.f32_muladd (zrm, zv1, zv2, zv3);
            ^^^^^^^^^^^^^^^^^^^^^^^^^^^^^^^^^^^^^^^^^
Warning 5 [ignored-partial-application]: this function application is partial,
maybe some arguments are missing.
File "riscv.ml", line 12189, characters 4-45:
12189 |     Softfloat.f64_muladd (zrm, zv1, zv2, zv3);
            ^^^^^^^^^^^^^^^^^^^^^^^^^^^^^^^^^^^^^^^^^
Warning 5 [ignored-partial-application]: this function application is partial,
maybe some arguments are missing.
File "riscv.ml", line 12195, characters 4-32:
12195 |     Softfloat.f16_sqrt (zrm, zv);
            ^^^^^^^^^^^^^^^^^^^^^^^^^^^^
Warning 5 [ignored-partial-application]: this function application is partial,
maybe some arguments are missing.
File "riscv.ml", line 12201, characters 4-32:
12201 |     Softfloat.f32_sqrt (zrm, zv);
            ^^^^^^^^^^^^^^^^^^^^^^^^^^^^
Warning 5 [ignored-partial-application]: this function application is partial,
maybe some arguments are missing.
File "riscv.ml", line 12207, characters 4-32:
12207 |     Softfloat.f64_sqrt (zrm, zv);
            ^^^^^^^^^^^^^^^^^^^^^^^^^^^^
Warning 5 [ignored-partial-application]: this function application is partial,
maybe some arguments are missing.
File "riscv.ml", line 12213, characters 4-34:
12213 |     Softfloat.f16_to_i32 (zrm, zv);
            ^^^^^^^^^^^^^^^^^^^^^^^^^^^^^^
Warning 5 [ignored-partial-application]: this function application is partial,
maybe some arguments are missing.
File "riscv.ml", line 12219, characters 4-35:
12219 |     Softfloat.f16_to_ui32 (zrm, zv);
            ^^^^^^^^^^^^^^^^^^^^^^^^^^^^^^^
Warning 5 [ignored-partial-application]: this function application is partial,
maybe some arguments are missing.
File "riscv.ml", line 12225, characters 4-34:
12225 |     Softfloat.i32_to_f16 (zrm, zv);
            ^^^^^^^^^^^^^^^^^^^^^^^^^^^^^^
Warning 5 [ignored-partial-application]: this function application is partial,
maybe some arguments are missing.
File "riscv.ml", line 12231, characters 4-35:
12231 |     Softfloat.ui32_to_f16 (zrm, zv);
            ^^^^^^^^^^^^^^^^^^^^^^^^^^^^^^^
Warning 5 [ignored-partial-application]: this function application is partial,
maybe some arguments are missing.
File "riscv.ml", line 12237, characters 4-34:
12237 |     Softfloat.f16_to_i64 (zrm, zv);
            ^^^^^^^^^^^^^^^^^^^^^^^^^^^^^^
Warning 5 [ignored-partial-application]: this function application is partial,
maybe some arguments are missing.
File "riscv.ml", line 12243, characters 4-35:
12243 |     Softfloat.f16_to_ui64 (zrm, zv);
            ^^^^^^^^^^^^^^^^^^^^^^^^^^^^^^^
Warning 5 [ignored-partial-application]: this function application is partial,
maybe some arguments are missing.
File "riscv.ml", line 12249, characters 4-34:
12249 |     Softfloat.i64_to_f16 (zrm, zv);
            ^^^^^^^^^^^^^^^^^^^^^^^^^^^^^^
Warning 5 [ignored-partial-application]: this function application is partial,
maybe some arguments are missing.
File "riscv.ml", line 12255, characters 4-35:
12255 |     Softfloat.ui64_to_f16 (zrm, zv);
            ^^^^^^^^^^^^^^^^^^^^^^^^^^^^^^^
Warning 5 [ignored-partial-application]: this function application is partial,
maybe some arguments are missing.
File "riscv.ml", line 12261, characters 4-34:
12261 |     Softfloat.f32_to_i32 (zrm, zv);
            ^^^^^^^^^^^^^^^^^^^^^^^^^^^^^^
Warning 5 [ignored-partial-application]: this function application is partial,
maybe some arguments are missing.
File "riscv.ml", line 12267, characters 4-35:
12267 |     Softfloat.f32_to_ui32 (zrm, zv);
            ^^^^^^^^^^^^^^^^^^^^^^^^^^^^^^^
Warning 5 [ignored-partial-application]: this function application is partial,
maybe some arguments are missing.
File "riscv.ml", line 12273, characters 4-34:
12273 |     Softfloat.i32_to_f32 (zrm, zv);
            ^^^^^^^^^^^^^^^^^^^^^^^^^^^^^^
Warning 5 [ignored-partial-application]: this function application is partial,
maybe some arguments are missing.
File "riscv.ml", line 12279, characters 4-35:
12279 |     Softfloat.ui32_to_f32 (zrm, zv);
            ^^^^^^^^^^^^^^^^^^^^^^^^^^^^^^^
Warning 5 [ignored-partial-application]: this function application is partial,
maybe some arguments are missing.
File "riscv.ml", line 12285, characters 4-34:
12285 |     Softfloat.f32_to_i64 (zrm, zv);
            ^^^^^^^^^^^^^^^^^^^^^^^^^^^^^^
Warning 5 [ignored-partial-application]: this function application is partial,
maybe some arguments are missing.
File "riscv.ml", line 12291, characters 4-35:
12291 |     Softfloat.f32_to_ui64 (zrm, zv);
            ^^^^^^^^^^^^^^^^^^^^^^^^^^^^^^^
Warning 5 [ignored-partial-application]: this function application is partial,
maybe some arguments are missing.
File "riscv.ml", line 12297, characters 4-34:
12297 |     Softfloat.i64_to_f32 (zrm, zv);
            ^^^^^^^^^^^^^^^^^^^^^^^^^^^^^^
Warning 5 [ignored-partial-application]: this function application is partial,
maybe some arguments are missing.
File "riscv.ml", line 12303, characters 4-35:
12303 |     Softfloat.ui64_to_f32 (zrm, zv);
            ^^^^^^^^^^^^^^^^^^^^^^^^^^^^^^^
Warning 5 [ignored-partial-application]: this function application is partial,
maybe some arguments are missing.
File "riscv.ml", line 12309, characters 4-34:
12309 |     Softfloat.f64_to_i32 (zrm, zv);
            ^^^^^^^^^^^^^^^^^^^^^^^^^^^^^^
Warning 5 [ignored-partial-application]: this function application is partial,
maybe some arguments are missing.
File "riscv.ml", line 12315, characters 4-35:
12315 |     Softfloat.f64_to_ui32 (zrm, zv);
            ^^^^^^^^^^^^^^^^^^^^^^^^^^^^^^^
Warning 5 [ignored-partial-application]: this function application is partial,
maybe some arguments are missing.
File "riscv.ml", line 12321, characters 4-34:
12321 |     Softfloat.i32_to_f64 (zrm, zv);
            ^^^^^^^^^^^^^^^^^^^^^^^^^^^^^^
Warning 5 [ignored-partial-application]: this function application is partial,
maybe some arguments are missing.
File "riscv.ml", line 12327, characters 4-35:
12327 |     Softfloat.ui32_to_f64 (zrm, zv);
            ^^^^^^^^^^^^^^^^^^^^^^^^^^^^^^^
Warning 5 [ignored-partial-application]: this function application is partial,
maybe some arguments are missing.
File "riscv.ml", line 12333, characters 4-34:
12333 |     Softfloat.f64_to_i64 (zrm, zv);
            ^^^^^^^^^^^^^^^^^^^^^^^^^^^^^^
Warning 5 [ignored-partial-application]: this function application is partial,
maybe some arguments are missing.
File "riscv.ml", line 12339, characters 4-35:
12339 |     Softfloat.f64_to_ui64 (zrm, zv);
            ^^^^^^^^^^^^^^^^^^^^^^^^^^^^^^^
Warning 5 [ignored-partial-application]: this function application is partial,
maybe some arguments are missing.
File "riscv.ml", line 12345, characters 4-34:
12345 |     Softfloat.i64_to_f64 (zrm, zv);
            ^^^^^^^^^^^^^^^^^^^^^^^^^^^^^^
Warning 5 [ignored-partial-application]: this function application is partial,
maybe some arguments are missing.
File "riscv.ml", line 12351, characters 4-35:
12351 |     Softfloat.ui64_to_f64 (zrm, zv);
            ^^^^^^^^^^^^^^^^^^^^^^^^^^^^^^^
Warning 5 [ignored-partial-application]: this function application is partial,
maybe some arguments are missing.
File "riscv.ml", line 12357, characters 4-34:
12357 |     Softfloat.f16_to_f32 (zrm, zv);
            ^^^^^^^^^^^^^^^^^^^^^^^^^^^^^^
Warning 5 [ignored-partial-application]: this function application is partial,
maybe some arguments are missing.
File "riscv.ml", line 12363, characters 4-34:
12363 |     Softfloat.f16_to_f64 (zrm, zv);
            ^^^^^^^^^^^^^^^^^^^^^^^^^^^^^^
Warning 5 [ignored-partial-application]: this function application is partial,
maybe some arguments are missing.
File "riscv.ml", line 12369, characters 4-34:
12369 |     Softfloat.f32_to_f64 (zrm, zv);
            ^^^^^^^^^^^^^^^^^^^^^^^^^^^^^^
Warning 5 [ignored-partial-application]: this function application is partial,
maybe some arguments are missing.
File "riscv.ml", line 12375, characters 4-34:
12375 |     Softfloat.f32_to_f16 (zrm, zv);
            ^^^^^^^^^^^^^^^^^^^^^^^^^^^^^^
Warning 5 [ignored-partial-application]: this function application is partial,
maybe some arguments are missing.
File "riscv.ml", line 12381, characters 4-34:
12381 |     Softfloat.f64_to_f16 (zrm, zv);
            ^^^^^^^^^^^^^^^^^^^^^^^^^^^^^^
Warning 5 [ignored-partial-application]: this function application is partial,
maybe some arguments are missing.
File "riscv.ml", line 12387, characters 4-34:
12387 |     Softfloat.f64_to_f32 (zrm, zv);
            ^^^^^^^^^^^^^^^^^^^^^^^^^^^^^^
Warning 5 [ignored-partial-application]: this function application is partial,
maybe some arguments are missing.
File "riscv.ml", line 12393, characters 4-31:
12393 |     Softfloat.f16_lt (zv1, zv2);
            ^^^^^^^^^^^^^^^^^^^^^^^^^^^
Warning 5 [ignored-partial-application]: this function application is partial,
maybe some arguments are missing.
File "riscv.ml", line 12399, characters 4-37:
12399 |     Softfloat.f16_lt_quiet (zv1, zv2);
            ^^^^^^^^^^^^^^^^^^^^^^^^^^^^^^^^^
Warning 5 [ignored-partial-application]: this function application is partial,
maybe some arguments are missing.
File "riscv.ml", line 12405, characters 4-31:
12405 |     Softfloat.f16_le (zv1, zv2);
            ^^^^^^^^^^^^^^^^^^^^^^^^^^^
Warning 5 [ignored-partial-application]: this function application is partial,
maybe some arguments are missing.
File "riscv.ml", line 12411, characters 4-37:
12411 |     Softfloat.f16_le_quiet (zv1, zv2);
            ^^^^^^^^^^^^^^^^^^^^^^^^^^^^^^^^^
Warning 5 [ignored-partial-application]: this function application is partial,
maybe some arguments are missing.
File "riscv.ml", line 12417, characters 4-31:
12417 |     Softfloat.f16_eq (zv1, zv2);
            ^^^^^^^^^^^^^^^^^^^^^^^^^^^
Warning 5 [ignored-partial-application]: this function application is partial,
maybe some arguments are missing.
File "riscv.ml", line 12423, characters 4-31:
12423 |     Softfloat.f32_lt (zv1, zv2);
            ^^^^^^^^^^^^^^^^^^^^^^^^^^^
Warning 5 [ignored-partial-application]: this function application is partial,
maybe some arguments are missing.
File "riscv.ml", line 12429, characters 4-37:
12429 |     Softfloat.f32_lt_quiet (zv1, zv2);
            ^^^^^^^^^^^^^^^^^^^^^^^^^^^^^^^^^
Warning 5 [ignored-partial-application]: this function application is partial,
maybe some arguments are missing.
File "riscv.ml", line 12435, characters 4-31:
12435 |     Softfloat.f32_le (zv1, zv2);
            ^^^^^^^^^^^^^^^^^^^^^^^^^^^
Warning 5 [ignored-partial-application]: this function application is partial,
maybe some arguments are missing.
File "riscv.ml", line 12441, characters 4-37:
12441 |     Softfloat.f32_le_quiet (zv1, zv2);
            ^^^^^^^^^^^^^^^^^^^^^^^^^^^^^^^^^
Warning 5 [ignored-partial-application]: this function application is partial,
maybe some arguments are missing.
File "riscv.ml", line 12447, characters 4-31:
12447 |     Softfloat.f32_eq (zv1, zv2);
            ^^^^^^^^^^^^^^^^^^^^^^^^^^^
Warning 5 [ignored-partial-application]: this function application is partial,
maybe some arguments are missing.
File "riscv.ml", line 12453, characters 4-31:
12453 |     Softfloat.f64_lt (zv1, zv2);
            ^^^^^^^^^^^^^^^^^^^^^^^^^^^
Warning 5 [ignored-partial-application]: this function application is partial,
maybe some arguments are missing.
File "riscv.ml", line 12459, characters 4-37:
12459 |     Softfloat.f64_lt_quiet (zv1, zv2);
            ^^^^^^^^^^^^^^^^^^^^^^^^^^^^^^^^^
Warning 5 [ignored-partial-application]: this function application is partial,
maybe some arguments are missing.
File "riscv.ml", line 12465, characters 4-31:
12465 |     Softfloat.f64_le (zv1, zv2);
            ^^^^^^^^^^^^^^^^^^^^^^^^^^^
Warning 5 [ignored-partial-application]: this function application is partial,
maybe some arguments are missing.
File "riscv.ml", line 12471, characters 4-37:
12471 |     Softfloat.f64_le_quiet (zv1, zv2);
            ^^^^^^^^^^^^^^^^^^^^^^^^^^^^^^^^^
Warning 5 [ignored-partial-application]: this function application is partial,
maybe some arguments are missing.
File "riscv.ml", line 12477, characters 4-31:
12477 |     Softfloat.f64_eq (zv1, zv2);
            ^^^^^^^^^^^^^^^^^^^^^^^^^^^
Warning 5 [ignored-partial-application]: this function application is partial,
maybe some arguments are missing.
File "riscv.ml", line 12483, characters 4-48:
12483 |     Softfloat.f16_round_to_int (zrm, zv, zexact);
            ^^^^^^^^^^^^^^^^^^^^^^^^^^^^^^^^^^^^^^^^^^^^
Warning 5 [ignored-partial-application]: this function application is partial,
maybe some arguments are missing.
File "riscv.ml", line 12489, characters 4-48:
12489 |     Softfloat.f32_round_to_int (zrm, zv, zexact);
            ^^^^^^^^^^^^^^^^^^^^^^^^^^^^^^^^^^^^^^^^^^^^
Warning 5 [ignored-partial-application]: this function application is partial,
maybe some arguments are missing.
File "riscv.ml", line 12495, characters 4-48:
12495 |     Softfloat.f64_round_to_int (zrm, zv, zexact);
            ^^^^^^^^^^^^^^^^^^^^^^^^^^^^^^^^^^^^^^^^^^^^
Warning 5 [ignored-partial-application]: this function application is partial,
maybe some arguments are missing.
File "riscv.ml", line 12640, characters 19-31:
12640 |       | _ -> begin assert false; exit 0 end
                           ^^^^^^^^^^^^
Warning 21 [nonreturning-statement]: this statement never returns (or has an unsound type.)
+ ocamlfind ocamlopt -c -annot -bin-annot -package lem -package linksem -package zarith -o riscv_ocaml_sim.cmx riscv_ocaml_sim.ml
+ ocamlfind ocamlopt -linkpkg -package lem -package linksem -package zarith util.cmx sail_lib.cmx elf_loader.cmx platform_impl.cmx platform.cmx softfloat.cmx riscv.cmx riscv_ocaml_sim.cmx -o riscv_ocaml_sim.native
rm -f ocaml_emulator/riscv_ocaml_sim_RV32 && cp -L ocaml_emulator/_sbuild/riscv_ocaml_sim.native ocaml_emulator/riscv_ocaml_sim_RV32 && rm -f ocaml_emulator/_sbuild/riscv_ocaml_sim.native
Building 32-bit RISCV OCaml emulator: [0;92mok[0m
OCaml-32 rv32mi-p-breakpoint.elf: [0;91mfail[0m
OCaml-32 rv32mi-p-csr.elf: [0;91mfail[0m
OCaml-32 rv32mi-p-illegal.elf: [0;91mfail[0m
OCaml-32 rv32mi-p-ma_addr.elf: [0;91mfail[0m
OCaml-32 rv32mi-p-ma_fetch.elf: [0;91mfail[0m
OCaml-32 rv32mi-p-mcsr.elf: [0;91mfail[0m
OCaml-32 rv32mi-p-sbreak.elf: [0;91mfail[0m
OCaml-32 rv32mi-p-scall.elf: [0;91mfail[0m
OCaml-32 rv32mi-p-shamt.elf: [0;91mfail[0m
OCaml-32 rv32si-p-csr.elf: [0;91mfail[0m
OCaml-32 rv32si-p-dirty.elf: [0;91mfail[0m
OCaml-32 rv32si-p-ma_fetch.elf: [0;91mfail[0m
OCaml-32 rv32si-p-sbreak.elf: [0;91mfail[0m
OCaml-32 rv32si-p-scall.elf: [0;91mfail[0m
OCaml-32 rv32si-p-wfi.elf: [0;91mfail[0m
OCaml-32 rv32ua-p-amoadd_w.elf: [0;91mfail[0m
OCaml-32 rv32ua-p-amoand_w.elf: [0;91mfail[0m
OCaml-32 rv32ua-p-amomaxu_w.elf: [0;91mfail[0m
OCaml-32 rv32ua-p-amomax_w.elf: [0;91mfail[0m
OCaml-32 rv32ua-p-amominu_w.elf: [0;91mfail[0m
OCaml-32 rv32ua-p-amomin_w.elf: [0;91mfail[0m
OCaml-32 rv32ua-p-amoor_w.elf: [0;91mfail[0m
OCaml-32 rv32ua-p-amoswap_w.elf: [0;91mfail[0m
OCaml-32 rv32ua-p-amoxor_w.elf: [0;91mfail[0m
OCaml-32 rv32ua-p-lrsc.elf: [0;91mfail[0m
OCaml-32 rv32ua-v-amoadd_w.elf: [0;91mfail[0m
OCaml-32 rv32ua-v-amoand_w.elf: [0;91mfail[0m
OCaml-32 rv32ua-v-amomaxu_w.elf: [0;91mfail[0m
OCaml-32 rv32ua-v-amomax_w.elf: [0;91mfail[0m
OCaml-32 rv32ua-v-amominu_w.elf: [0;91mfail[0m
OCaml-32 rv32ua-v-amomin_w.elf: [0;91mfail[0m
OCaml-32 rv32ua-v-amoor_w.elf: [0;91mfail[0m
OCaml-32 rv32ua-v-amoswap_w.elf: [0;91mfail[0m
OCaml-32 rv32ua-v-amoxor_w.elf: [0;91mfail[0m
OCaml-32 rv32ua-v-lrsc.elf: [0;91mfail[0m
OCaml-32 rv32uc-p-rvc.elf: [0;91mfail[0m
OCaml-32 rv32uc-v-rvc.elf: [0;91mfail[0m
OCaml-32 rv32ui-p-add.elf: [0;91mfail[0m
OCaml-32 rv32ui-p-addi.elf: [0;91mfail[0m
OCaml-32 rv32ui-p-and.elf: [0;91mfail[0m
OCaml-32 rv32ui-p-andi.elf: [0;91mfail[0m
OCaml-32 rv32ui-p-auipc.elf: [0;91mfail[0m
OCaml-32 rv32ui-p-beq.elf: [0;91mfail[0m
OCaml-32 rv32ui-p-bge.elf: [0;91mfail[0m
OCaml-32 rv32ui-p-bgeu.elf: [0;91mfail[0m
OCaml-32 rv32ui-p-blt.elf: [0;91mfail[0m
OCaml-32 rv32ui-p-bltu.elf: [0;91mfail[0m
OCaml-32 rv32ui-p-bne.elf: [0;91mfail[0m
OCaml-32 rv32ui-p-fence_i.elf: [0;91mfail[0m
OCaml-32 rv32ui-p-jal.elf: [0;91mfail[0m
OCaml-32 rv32ui-p-jalr.elf: [0;91mfail[0m
OCaml-32 rv32ui-p-lb.elf: [0;91mfail[0m
OCaml-32 rv32ui-p-lbu.elf: [0;91mfail[0m
OCaml-32 rv32ui-p-lh.elf: [0;91mfail[0m
OCaml-32 rv32ui-p-lhu.elf: [0;91mfail[0m
OCaml-32 rv32ui-p-lui.elf: [0;91mfail[0m
OCaml-32 rv32ui-p-lw.elf: [0;91mfail[0m
OCaml-32 rv32ui-p-or.elf: [0;91mfail[0m
OCaml-32 rv32ui-p-ori.elf: [0;91mfail[0m
OCaml-32 rv32ui-p-sb.elf: [0;91mfail[0m
OCaml-32 rv32ui-p-sh.elf: [0;91mfail[0m
OCaml-32 rv32ui-p-simple.elf: [0;91mfail[0m
OCaml-32 rv32ui-p-sll.elf: [0;91mfail[0m
OCaml-32 rv32ui-p-slli.elf: [0;91mfail[0m
OCaml-32 rv32ui-p-slt.elf: [0;91mfail[0m
OCaml-32 rv32ui-p-slti.elf: [0;91mfail[0m
OCaml-32 rv32ui-p-sltiu.elf: [0;91mfail[0m
OCaml-32 rv32ui-p-sltu.elf: [0;91mfail[0m
OCaml-32 rv32ui-p-sra.elf: [0;91mfail[0m
OCaml-32 rv32ui-p-srai.elf: [0;91mfail[0m
OCaml-32 rv32ui-p-srl.elf: [0;91mfail[0m
OCaml-32 rv32ui-p-srli.elf: [0;91mfail[0m
OCaml-32 rv32ui-p-sub.elf: [0;91mfail[0m
OCaml-32 rv32ui-p-sw.elf: [0;91mfail[0m
OCaml-32 rv32ui-p-xor.elf: [0;91mfail[0m
OCaml-32 rv32ui-p-xori.elf: [0;91mfail[0m
OCaml-32 rv32ui-v-add.elf: [0;91mfail[0m
OCaml-32 rv32ui-v-addi.elf: [0;91mfail[0m
OCaml-32 rv32ui-v-and.elf: [0;91mfail[0m
OCaml-32 rv32ui-v-andi.elf: [0;91mfail[0m
OCaml-32 rv32ui-v-auipc.elf: [0;91mfail[0m
OCaml-32 rv32ui-v-beq.elf: [0;91mfail[0m
OCaml-32 rv32ui-v-bge.elf: [0;91mfail[0m
OCaml-32 rv32ui-v-bgeu.elf: [0;91mfail[0m
OCaml-32 rv32ui-v-blt.elf: [0;91mfail[0m
OCaml-32 rv32ui-v-bltu.elf: [0;91mfail[0m
OCaml-32 rv32ui-v-bne.elf: [0;91mfail[0m
OCaml-32 rv32ui-v-fence_i.elf: [0;91mfail[0m
OCaml-32 rv32ui-v-jal.elf: [0;91mfail[0m
OCaml-32 rv32ui-v-jalr.elf: [0;91mfail[0m
OCaml-32 rv32ui-v-lb.elf: [0;91mfail[0m
OCaml-32 rv32ui-v-lbu.elf: [0;91mfail[0m
OCaml-32 rv32ui-v-lh.elf: [0;91mfail[0m
OCaml-32 rv32ui-v-lhu.elf: [0;91mfail[0m
OCaml-32 rv32ui-v-lui.elf: [0;91mfail[0m
OCaml-32 rv32ui-v-lw.elf: [0;91mfail[0m
OCaml-32 rv32ui-v-or.elf: [0;91mfail[0m
OCaml-32 rv32ui-v-ori.elf: [0;91mfail[0m
OCaml-32 rv32ui-v-sb.elf: [0;91mfail[0m
OCaml-32 rv32ui-v-sh.elf: [0;91mfail[0m
OCaml-32 rv32ui-v-simple.elf: [0;91mfail[0m
OCaml-32 rv32ui-v-sll.elf: [0;91mfail[0m
OCaml-32 rv32ui-v-slli.elf: [0;91mfail[0m
OCaml-32 rv32ui-v-slt.elf: [0;91mfail[0m
OCaml-32 rv32ui-v-slti.elf: [0;91mfail[0m
OCaml-32 rv32ui-v-sltiu.elf: [0;91mfail[0m
OCaml-32 rv32ui-v-sltu.elf: [0;91mfail[0m
OCaml-32 rv32ui-v-sra.elf: [0;91mfail[0m
OCaml-32 rv32ui-v-srai.elf: [0;91mfail[0m
OCaml-32 rv32ui-v-srl.elf: [0;91mfail[0m
OCaml-32 rv32ui-v-srli.elf: [0;91mfail[0m
OCaml-32 rv32ui-v-sub.elf: [0;91mfail[0m
OCaml-32 rv32ui-v-sw.elf: [0;91mfail[0m
OCaml-32 rv32ui-v-xor.elf: [0;91mfail[0m
OCaml-32 rv32ui-v-xori.elf: [0;91mfail[0m
OCaml-32 rv32um-p-div.elf: [0;91mfail[0m
OCaml-32 rv32um-p-divu.elf: [0;91mfail[0m
OCaml-32 rv32um-p-mul.elf: [0;91mfail[0m
OCaml-32 rv32um-p-mulh.elf: [0;91mfail[0m
OCaml-32 rv32um-p-mulhsu.elf: [0;91mfail[0m
OCaml-32 rv32um-p-mulhu.elf: [0;91mfail[0m
OCaml-32 rv32um-p-rem.elf: [0;91mfail[0m
OCaml-32 rv32um-p-remu.elf: [0;91mfail[0m
OCaml-32 rv32um-v-div.elf: [0;91mfail[0m
OCaml-32 rv32um-v-divu.elf: [0;91mfail[0m
OCaml-32 rv32um-v-mul.elf: [0;91mfail[0m
OCaml-32 rv32um-v-mulh.elf: [0;91mfail[0m
OCaml-32 rv32um-v-mulhsu.elf: [0;91mfail[0m
OCaml-32 rv32um-v-mulhu.elf: [0;91mfail[0m
OCaml-32 rv32um-v-rem.elf: [0;91mfail[0m
OCaml-32 rv32um-v-remu.elf: [0;91mfail[0m
32-bit RISCV OCaml tests: Passed 1 out of 132

mkdir -p generated_definitions/c
sail -dno_cast -c_preserve _set_Misa_C -O -Oconstant_fold -memo_z3 -c -c_include riscv_prelude.h -c_include riscv_platform.h -c_no_main model/prelude.sail model/riscv_xlen32.sail model/riscv_flen_D.sail model/riscv_vlen.sail model/prelude_mem_metadata.sail model/prelude_mem.sail model/riscv_types_common.sail model/riscv_types_ext.sail model/riscv_types.sail model/riscv_vmem_types.sail model/riscv_reg_type.sail model/riscv_freg_type.sail model/riscv_regs.sail model/riscv_pc_access.sail model/riscv_sys_regs.sail model/riscv_pmp_regs.sail model/riscv_pmp_control.sail model/riscv_ext_regs.sail model/riscv_addr_checks_common.sail model/riscv_addr_checks.sail model/riscv_misa_ext.sail model/riscv_vreg_type.sail model/riscv_vext_regs.sail model/riscv_csr_map.sail model/riscv_vext_control.sail model/riscv_next_regs.sail model/riscv_sys_exceptions.sail model/riscv_sync_exception.sail model/riscv_next_control.sail model/riscv_softfloat_interface.sail model/riscv_fdext_regs.sail model/riscv_fdext_control.sail model/riscv_csr_ext.sail model/riscv_sys_control.sail model/riscv_platform.sail model/riscv_mem.sail model/riscv_vmem_common.sail model/riscv_vmem_pte.sail model/riscv_vmem_ptw.sail model/riscv_vmem_tlb.sail model/riscv_vmem.sail model/riscv_types_kext.sail model/riscv_insts_begin.sail model/riscv_insts_base.sail model/riscv_insts_aext.sail model/riscv_insts_cext.sail model/riscv_insts_mext.sail model/riscv_insts_zicsr.sail model/riscv_insts_next.sail model/riscv_insts_hints.sail model/riscv_insts_fext.sail model/riscv_insts_cfext.sail model/riscv_insts_dext.sail model/riscv_insts_cdext.sail model/riscv_insts_svinval.sail model/riscv_insts_zba.sail model/riscv_insts_zbb.sail model/riscv_insts_zbc.sail model/riscv_insts_zbs.sail model/riscv_insts_zcb.sail model/riscv_insts_zfh.sail model/riscv_insts_zfa.sail model/riscv_insts_zkn.sail model/riscv_insts_zks.sail model/riscv_insts_zbkb.sail model/riscv_insts_zbkx.sail model/riscv_insts_zicond.sail model/riscv_insts_vext_utils.sail model/riscv_insts_vext_fp_utils.sail model/riscv_insts_vext_vset.sail model/riscv_insts_vext_arith.sail model/riscv_insts_vext_fp.sail model/riscv_insts_vext_mem.sail model/riscv_insts_vext_mask.sail model/riscv_insts_vext_vm.sail model/riscv_insts_vext_fp_vm.sail model/riscv_insts_vext_red.sail model/riscv_insts_vext_fp_red.sail model/riscv_jalr_seq.sail model/riscv_insts_end.sail model/riscv_step_common.sail model/riscv_step_ext.sail model/riscv_decode_ext.sail model/riscv_fetch.sail model/riscv_step.sail model/main.sail -o generated_definitions/c/riscv_model_RV32
[93mWarning[0m: Deprecated [96mmodel/prelude.sail[0m:42.14-100:
42[96m |[0mval int_power = {ocaml: "int_power", interpreter: "int_power", lem: "pow", coq: "pow", c: "pow_int"} : (int, int) -> int
  [91m |[0m              [91m^------------------------------------------------------------------------------------^[0m
  [91m |[0m 
All external bindings should be marked as either monadic or pure

[93mWarning[0m: Duplicate function type definition for min_int
[96mmodel/prelude.sail[0m:58.4-11:
58[96m |[0mval min_int = {ocaml: "min_int", interpreter: "min_int", lem: "min", coq: "min_atom", c: "min_int"} : forall 'x 'y.
  [91m |[0m    [91m^-----^[0m
  [91m |[0m This duplicate definition is being ignored!
  [91m |[0m [96m/home/juancarlos/.opam/default/share/sail/lib/arith.sail[0m:217.4-11:
  [91m |[0m 217[96m |[0mval min_int = pure {lem: "integerMin", coq: "Z.min", _: "min_int"} : forall 'x 'y.
  [91m |[0m    [91m |[0m    [91m^-----^[0m [91mprevious definition here[0m
make SPECIALIZE_TYPE=RISCV -C c_emulator/SoftFloat-3e/build/Linux-RISCV-GCC
make[1]: se entra en el directorio '/home/juancarlos/Escritorio/riscv/sail-riscv/c_emulator/SoftFloat-3e/build/Linux-RISCV-GCC'
cc -c -Werror-implicit-function-declaration -DSOFTFLOAT_ROUND_ODD -I. -I../../source/RISCV -I../../source/include -O2 -o s_eq128.o ../../source/s_eq128.c
cc -c -Werror-implicit-function-declaration -DSOFTFLOAT_ROUND_ODD -I. -I../../source/RISCV -I../../source/include -O2 -o s_le128.o ../../source/s_le128.c
cc -c -Werror-implicit-function-declaration -DSOFTFLOAT_ROUND_ODD -I. -I../../source/RISCV -I../../source/include -O2 -o s_lt128.o ../../source/s_lt128.c
cc -c -Werror-implicit-function-declaration -DSOFTFLOAT_ROUND_ODD -I. -I../../source/RISCV -I../../source/include -O2 -o s_shortShiftLeft128.o ../../source/s_shortShiftLeft128.c
cc -c -Werror-implicit-function-declaration -DSOFTFLOAT_ROUND_ODD -I. -I../../source/RISCV -I../../source/include -O2 -o s_shortShiftRight128.o ../../source/s_shortShiftRight128.c
cc -c -Werror-implicit-function-declaration -DSOFTFLOAT_ROUND_ODD -I. -I../../source/RISCV -I../../source/include -O2 -o s_shortShiftRightJam64.o ../../source/s_shortShiftRightJam64.c
cc -c -Werror-implicit-function-declaration -DSOFTFLOAT_ROUND_ODD -I. -I../../source/RISCV -I../../source/include -O2 -o s_shortShiftRightJam64Extra.o ../../source/s_shortShiftRightJam64Extra.c
cc -c -Werror-implicit-function-declaration -DSOFTFLOAT_ROUND_ODD -I. -I../../source/RISCV -I../../source/include -O2 -o s_shortShiftRightJam128.o ../../source/s_shortShiftRightJam128.c
cc -c -Werror-implicit-function-declaration -DSOFTFLOAT_ROUND_ODD -I. -I../../source/RISCV -I../../source/include -O2 -o s_shortShiftRightJam128Extra.o ../../source/s_shortShiftRightJam128Extra.c
cc -c -Werror-implicit-function-declaration -DSOFTFLOAT_ROUND_ODD -I. -I../../source/RISCV -I../../source/include -O2 -o s_shiftRightJam32.o ../../source/s_shiftRightJam32.c
cc -c -Werror-implicit-function-declaration -DSOFTFLOAT_ROUND_ODD -I. -I../../source/RISCV -I../../source/include -O2 -o s_shiftRightJam64.o ../../source/s_shiftRightJam64.c
cc -c -Werror-implicit-function-declaration -DSOFTFLOAT_ROUND_ODD -I. -I../../source/RISCV -I../../source/include -O2 -o s_shiftRightJam64Extra.o ../../source/s_shiftRightJam64Extra.c
cc -c -Werror-implicit-function-declaration -DSOFTFLOAT_ROUND_ODD -I. -I../../source/RISCV -I../../source/include -O2 -o s_shiftRightJam128.o ../../source/s_shiftRightJam128.c
cc -c -Werror-implicit-function-declaration -DSOFTFLOAT_ROUND_ODD -I. -I../../source/RISCV -I../../source/include -O2 -o s_shiftRightJam128Extra.o ../../source/s_shiftRightJam128Extra.c
cc -c -Werror-implicit-function-declaration -DSOFTFLOAT_ROUND_ODD -I. -I../../source/RISCV -I../../source/include -O2 -o s_shiftRightJam256M.o ../../source/s_shiftRightJam256M.c
cc -c -Werror-implicit-function-declaration -DSOFTFLOAT_ROUND_ODD -I. -I../../source/RISCV -I../../source/include -O2 -o s_countLeadingZeros8.o ../../source/s_countLeadingZeros8.c
cc -c -Werror-implicit-function-declaration -DSOFTFLOAT_ROUND_ODD -I. -I../../source/RISCV -I../../source/include -O2 -o s_countLeadingZeros16.o ../../source/s_countLeadingZeros16.c
cc -c -Werror-implicit-function-declaration -DSOFTFLOAT_ROUND_ODD -I. -I../../source/RISCV -I../../source/include -O2 -o s_countLeadingZeros32.o ../../source/s_countLeadingZeros32.c
cc -c -Werror-implicit-function-declaration -DSOFTFLOAT_ROUND_ODD -I. -I../../source/RISCV -I../../source/include -O2 -o s_countLeadingZeros64.o ../../source/s_countLeadingZeros64.c
cc -c -Werror-implicit-function-declaration -DSOFTFLOAT_ROUND_ODD -I. -I../../source/RISCV -I../../source/include -O2 -o s_add128.o ../../source/s_add128.c
cc -c -Werror-implicit-function-declaration -DSOFTFLOAT_ROUND_ODD -I. -I../../source/RISCV -I../../source/include -O2 -o s_add256M.o ../../source/s_add256M.c
cc -c -Werror-implicit-function-declaration -DSOFTFLOAT_ROUND_ODD -I. -I../../source/RISCV -I../../source/include -O2 -o s_sub128.o ../../source/s_sub128.c
cc -c -Werror-implicit-function-declaration -DSOFTFLOAT_ROUND_ODD -I. -I../../source/RISCV -I../../source/include -O2 -o s_sub256M.o ../../source/s_sub256M.c
cc -c -Werror-implicit-function-declaration -DSOFTFLOAT_ROUND_ODD -I. -I../../source/RISCV -I../../source/include -O2 -o s_mul64ByShifted32To128.o ../../source/s_mul64ByShifted32To128.c
cc -c -Werror-implicit-function-declaration -DSOFTFLOAT_ROUND_ODD -I. -I../../source/RISCV -I../../source/include -O2 -o s_mul64To128.o ../../source/s_mul64To128.c
cc -c -Werror-implicit-function-declaration -DSOFTFLOAT_ROUND_ODD -I. -I../../source/RISCV -I../../source/include -O2 -o s_mul128By32.o ../../source/s_mul128By32.c
cc -c -Werror-implicit-function-declaration -DSOFTFLOAT_ROUND_ODD -I. -I../../source/RISCV -I../../source/include -O2 -o s_mul128To256M.o ../../source/s_mul128To256M.c
cc -c -Werror-implicit-function-declaration -DSOFTFLOAT_ROUND_ODD -I. -I../../source/RISCV -I../../source/include -O2 -o s_approxRecip_1Ks.o ../../source/s_approxRecip_1Ks.c
cc -c -Werror-implicit-function-declaration -DSOFTFLOAT_ROUND_ODD -I. -I../../source/RISCV -I../../source/include -O2 -o s_approxRecip32_1.o ../../source/s_approxRecip32_1.c
cc -c -Werror-implicit-function-declaration -DSOFTFLOAT_ROUND_ODD -I. -I../../source/RISCV -I../../source/include -O2 -o s_approxRecipSqrt_1Ks.o ../../source/s_approxRecipSqrt_1Ks.c
cc -c -Werror-implicit-function-declaration -DSOFTFLOAT_ROUND_ODD -I. -I../../source/RISCV -I../../source/include -O2 -o s_approxRecipSqrt32_1.o ../../source/s_approxRecipSqrt32_1.c
cc -c -Werror-implicit-function-declaration -DSOFTFLOAT_ROUND_ODD -I. -I../../source/RISCV -I../../source/include -O2 -o softfloat_raiseFlags.o ../../source/RISCV/softfloat_raiseFlags.c
cc -c -Werror-implicit-function-declaration -DSOFTFLOAT_ROUND_ODD -I. -I../../source/RISCV -I../../source/include -O2 -o s_propagateNaNF16UI.o ../../source/RISCV/s_propagateNaNF16UI.c
cc -c -Werror-implicit-function-declaration -DSOFTFLOAT_ROUND_ODD -I. -I../../source/RISCV -I../../source/include -O2 -o s_f32UIToCommonNaN.o ../../source/RISCV/s_f32UIToCommonNaN.c
cc -c -Werror-implicit-function-declaration -DSOFTFLOAT_ROUND_ODD -I. -I../../source/RISCV -I../../source/include -O2 -o s_commonNaNToF32UI.o ../../source/RISCV/s_commonNaNToF32UI.c
cc -c -Werror-implicit-function-declaration -DSOFTFLOAT_ROUND_ODD -I. -I../../source/RISCV -I../../source/include -O2 -o s_propagateNaNF32UI.o ../../source/RISCV/s_propagateNaNF32UI.c
cc -c -Werror-implicit-function-declaration -DSOFTFLOAT_ROUND_ODD -I. -I../../source/RISCV -I../../source/include -O2 -o s_f64UIToCommonNaN.o ../../source/RISCV/s_f64UIToCommonNaN.c
cc -c -Werror-implicit-function-declaration -DSOFTFLOAT_ROUND_ODD -I. -I../../source/RISCV -I../../source/include -O2 -o s_commonNaNToF64UI.o ../../source/RISCV/s_commonNaNToF64UI.c
cc -c -Werror-implicit-function-declaration -DSOFTFLOAT_ROUND_ODD -I. -I../../source/RISCV -I../../source/include -O2 -o s_propagateNaNF64UI.o ../../source/RISCV/s_propagateNaNF64UI.c
cc -c -Werror-implicit-function-declaration -DSOFTFLOAT_ROUND_ODD -I. -I../../source/RISCV -I../../source/include -O2 -o s_propagateNaNF128UI.o ../../source/RISCV/s_propagateNaNF128UI.c
cc -c -Werror-implicit-function-declaration -DSOFTFLOAT_ROUND_ODD -I. -I../../source/RISCV -I../../source/include -O2 -o s_roundToUI32.o ../../source/s_roundToUI32.c
cc -c -Werror-implicit-function-declaration -DSOFTFLOAT_ROUND_ODD -I. -I../../source/RISCV -I../../source/include -O2 -o s_roundToUI64.o ../../source/s_roundToUI64.c
cc -c -Werror-implicit-function-declaration -DSOFTFLOAT_ROUND_ODD -I. -I../../source/RISCV -I../../source/include -O2 -o s_roundToI32.o ../../source/s_roundToI32.c
cc -c -Werror-implicit-function-declaration -DSOFTFLOAT_ROUND_ODD -I. -I../../source/RISCV -I../../source/include -O2 -o s_roundToI64.o ../../source/s_roundToI64.c
cc -c -Werror-implicit-function-declaration -DSOFTFLOAT_ROUND_ODD -I. -I../../source/RISCV -I../../source/include -O2 -o s_normSubnormalF16Sig.o ../../source/s_normSubnormalF16Sig.c
cc -c -Werror-implicit-function-declaration -DSOFTFLOAT_ROUND_ODD -I. -I../../source/RISCV -I../../source/include -O2 -o s_roundPackToF16.o ../../source/s_roundPackToF16.c
cc -c -Werror-implicit-function-declaration -DSOFTFLOAT_ROUND_ODD -I. -I../../source/RISCV -I../../source/include -O2 -o s_normRoundPackToF16.o ../../source/s_normRoundPackToF16.c
cc -c -Werror-implicit-function-declaration -DSOFTFLOAT_ROUND_ODD -I. -I../../source/RISCV -I../../source/include -O2 -o s_addMagsF16.o ../../source/s_addMagsF16.c
cc -c -Werror-implicit-function-declaration -DSOFTFLOAT_ROUND_ODD -I. -I../../source/RISCV -I../../source/include -O2 -o s_subMagsF16.o ../../source/s_subMagsF16.c
cc -c -Werror-implicit-function-declaration -DSOFTFLOAT_ROUND_ODD -I. -I../../source/RISCV -I../../source/include -O2 -o s_mulAddF16.o ../../source/s_mulAddF16.c
cc -c -Werror-implicit-function-declaration -DSOFTFLOAT_ROUND_ODD -I. -I../../source/RISCV -I../../source/include -O2 -o s_normSubnormalF32Sig.o ../../source/s_normSubnormalF32Sig.c
cc -c -Werror-implicit-function-declaration -DSOFTFLOAT_ROUND_ODD -I. -I../../source/RISCV -I../../source/include -O2 -o s_roundPackToF32.o ../../source/s_roundPackToF32.c
cc -c -Werror-implicit-function-declaration -DSOFTFLOAT_ROUND_ODD -I. -I../../source/RISCV -I../../source/include -O2 -o s_normRoundPackToF32.o ../../source/s_normRoundPackToF32.c
cc -c -Werror-implicit-function-declaration -DSOFTFLOAT_ROUND_ODD -I. -I../../source/RISCV -I../../source/include -O2 -o s_addMagsF32.o ../../source/s_addMagsF32.c
cc -c -Werror-implicit-function-declaration -DSOFTFLOAT_ROUND_ODD -I. -I../../source/RISCV -I../../source/include -O2 -o s_subMagsF32.o ../../source/s_subMagsF32.c
cc -c -Werror-implicit-function-declaration -DSOFTFLOAT_ROUND_ODD -I. -I../../source/RISCV -I../../source/include -O2 -o s_mulAddF32.o ../../source/s_mulAddF32.c
cc -c -Werror-implicit-function-declaration -DSOFTFLOAT_ROUND_ODD -I. -I../../source/RISCV -I../../source/include -O2 -o s_normSubnormalF64Sig.o ../../source/s_normSubnormalF64Sig.c
cc -c -Werror-implicit-function-declaration -DSOFTFLOAT_ROUND_ODD -I. -I../../source/RISCV -I../../source/include -O2 -o s_roundPackToF64.o ../../source/s_roundPackToF64.c
cc -c -Werror-implicit-function-declaration -DSOFTFLOAT_ROUND_ODD -I. -I../../source/RISCV -I../../source/include -O2 -o s_normRoundPackToF64.o ../../source/s_normRoundPackToF64.c
cc -c -Werror-implicit-function-declaration -DSOFTFLOAT_ROUND_ODD -I. -I../../source/RISCV -I../../source/include -O2 -o s_addMagsF64.o ../../source/s_addMagsF64.c
cc -c -Werror-implicit-function-declaration -DSOFTFLOAT_ROUND_ODD -I. -I../../source/RISCV -I../../source/include -O2 -o s_subMagsF64.o ../../source/s_subMagsF64.c
cc -c -Werror-implicit-function-declaration -DSOFTFLOAT_ROUND_ODD -I. -I../../source/RISCV -I../../source/include -O2 -o s_mulAddF64.o ../../source/s_mulAddF64.c
cc -c -Werror-implicit-function-declaration -DSOFTFLOAT_ROUND_ODD -I. -I../../source/RISCV -I../../source/include -O2 -o s_normSubnormalExtF80Sig.o ../../source/s_normSubnormalExtF80Sig.c
cc -c -Werror-implicit-function-declaration -DSOFTFLOAT_ROUND_ODD -I. -I../../source/RISCV -I../../source/include -O2 -o s_roundPackToExtF80.o ../../source/s_roundPackToExtF80.c
cc -c -Werror-implicit-function-declaration -DSOFTFLOAT_ROUND_ODD -I. -I../../source/RISCV -I../../source/include -O2 -o s_normRoundPackToExtF80.o ../../source/s_normRoundPackToExtF80.c
cc -c -Werror-implicit-function-declaration -DSOFTFLOAT_ROUND_ODD -I. -I../../source/RISCV -I../../source/include -O2 -o s_addMagsExtF80.o ../../source/s_addMagsExtF80.c
cc -c -Werror-implicit-function-declaration -DSOFTFLOAT_ROUND_ODD -I. -I../../source/RISCV -I../../source/include -O2 -o s_subMagsExtF80.o ../../source/s_subMagsExtF80.c
cc -c -Werror-implicit-function-declaration -DSOFTFLOAT_ROUND_ODD -I. -I../../source/RISCV -I../../source/include -O2 -o s_normSubnormalF128Sig.o ../../source/s_normSubnormalF128Sig.c
cc -c -Werror-implicit-function-declaration -DSOFTFLOAT_ROUND_ODD -I. -I../../source/RISCV -I../../source/include -O2 -o s_roundPackToF128.o ../../source/s_roundPackToF128.c
cc -c -Werror-implicit-function-declaration -DSOFTFLOAT_ROUND_ODD -I. -I../../source/RISCV -I../../source/include -O2 -o s_normRoundPackToF128.o ../../source/s_normRoundPackToF128.c
cc -c -Werror-implicit-function-declaration -DSOFTFLOAT_ROUND_ODD -I. -I../../source/RISCV -I../../source/include -O2 -o s_addMagsF128.o ../../source/s_addMagsF128.c
cc -c -Werror-implicit-function-declaration -DSOFTFLOAT_ROUND_ODD -I. -I../../source/RISCV -I../../source/include -O2 -o s_subMagsF128.o ../../source/s_subMagsF128.c
cc -c -Werror-implicit-function-declaration -DSOFTFLOAT_ROUND_ODD -I. -I../../source/RISCV -I../../source/include -O2 -o s_mulAddF128.o ../../source/s_mulAddF128.c
cc -c -Werror-implicit-function-declaration -DSOFTFLOAT_ROUND_ODD -I. -I../../source/RISCV -I../../source/include -O2 -o softfloat_state.o ../../source/softfloat_state.c
cc -c -Werror-implicit-function-declaration -DSOFTFLOAT_ROUND_ODD -I. -I../../source/RISCV -I../../source/include -O2 -o ui32_to_f16.o ../../source/ui32_to_f16.c
cc -c -Werror-implicit-function-declaration -DSOFTFLOAT_ROUND_ODD -I. -I../../source/RISCV -I../../source/include -O2 -o ui32_to_f32.o ../../source/ui32_to_f32.c
cc -c -Werror-implicit-function-declaration -DSOFTFLOAT_ROUND_ODD -I. -I../../source/RISCV -I../../source/include -O2 -o ui32_to_f64.o ../../source/ui32_to_f64.c
cc -c -Werror-implicit-function-declaration -DSOFTFLOAT_ROUND_ODD -I. -I../../source/RISCV -I../../source/include -O2 -o ui32_to_extF80.o ../../source/ui32_to_extF80.c
cc -c -Werror-implicit-function-declaration -DSOFTFLOAT_ROUND_ODD -I. -I../../source/RISCV -I../../source/include -O2 -o ui32_to_extF80M.o ../../source/ui32_to_extF80M.c
cc -c -Werror-implicit-function-declaration -DSOFTFLOAT_ROUND_ODD -I. -I../../source/RISCV -I../../source/include -O2 -o ui32_to_f128.o ../../source/ui32_to_f128.c
cc -c -Werror-implicit-function-declaration -DSOFTFLOAT_ROUND_ODD -I. -I../../source/RISCV -I../../source/include -O2 -o ui32_to_f128M.o ../../source/ui32_to_f128M.c
cc -c -Werror-implicit-function-declaration -DSOFTFLOAT_ROUND_ODD -I. -I../../source/RISCV -I../../source/include -O2 -o ui64_to_f16.o ../../source/ui64_to_f16.c
cc -c -Werror-implicit-function-declaration -DSOFTFLOAT_ROUND_ODD -I. -I../../source/RISCV -I../../source/include -O2 -o ui64_to_f32.o ../../source/ui64_to_f32.c
cc -c -Werror-implicit-function-declaration -DSOFTFLOAT_ROUND_ODD -I. -I../../source/RISCV -I../../source/include -O2 -o ui64_to_f64.o ../../source/ui64_to_f64.c
cc -c -Werror-implicit-function-declaration -DSOFTFLOAT_ROUND_ODD -I. -I../../source/RISCV -I../../source/include -O2 -o ui64_to_extF80.o ../../source/ui64_to_extF80.c
cc -c -Werror-implicit-function-declaration -DSOFTFLOAT_ROUND_ODD -I. -I../../source/RISCV -I../../source/include -O2 -o ui64_to_extF80M.o ../../source/ui64_to_extF80M.c
cc -c -Werror-implicit-function-declaration -DSOFTFLOAT_ROUND_ODD -I. -I../../source/RISCV -I../../source/include -O2 -o ui64_to_f128.o ../../source/ui64_to_f128.c
cc -c -Werror-implicit-function-declaration -DSOFTFLOAT_ROUND_ODD -I. -I../../source/RISCV -I../../source/include -O2 -o ui64_to_f128M.o ../../source/ui64_to_f128M.c
cc -c -Werror-implicit-function-declaration -DSOFTFLOAT_ROUND_ODD -I. -I../../source/RISCV -I../../source/include -O2 -o i32_to_f16.o ../../source/i32_to_f16.c
cc -c -Werror-implicit-function-declaration -DSOFTFLOAT_ROUND_ODD -I. -I../../source/RISCV -I../../source/include -O2 -o i32_to_f32.o ../../source/i32_to_f32.c
cc -c -Werror-implicit-function-declaration -DSOFTFLOAT_ROUND_ODD -I. -I../../source/RISCV -I../../source/include -O2 -o i32_to_f64.o ../../source/i32_to_f64.c
cc -c -Werror-implicit-function-declaration -DSOFTFLOAT_ROUND_ODD -I. -I../../source/RISCV -I../../source/include -O2 -o i32_to_extF80.o ../../source/i32_to_extF80.c
cc -c -Werror-implicit-function-declaration -DSOFTFLOAT_ROUND_ODD -I. -I../../source/RISCV -I../../source/include -O2 -o i32_to_extF80M.o ../../source/i32_to_extF80M.c
cc -c -Werror-implicit-function-declaration -DSOFTFLOAT_ROUND_ODD -I. -I../../source/RISCV -I../../source/include -O2 -o i32_to_f128.o ../../source/i32_to_f128.c
cc -c -Werror-implicit-function-declaration -DSOFTFLOAT_ROUND_ODD -I. -I../../source/RISCV -I../../source/include -O2 -o i32_to_f128M.o ../../source/i32_to_f128M.c
cc -c -Werror-implicit-function-declaration -DSOFTFLOAT_ROUND_ODD -I. -I../../source/RISCV -I../../source/include -O2 -o i64_to_f16.o ../../source/i64_to_f16.c
cc -c -Werror-implicit-function-declaration -DSOFTFLOAT_ROUND_ODD -I. -I../../source/RISCV -I../../source/include -O2 -o i64_to_f32.o ../../source/i64_to_f32.c
cc -c -Werror-implicit-function-declaration -DSOFTFLOAT_ROUND_ODD -I. -I../../source/RISCV -I../../source/include -O2 -o i64_to_f64.o ../../source/i64_to_f64.c
cc -c -Werror-implicit-function-declaration -DSOFTFLOAT_ROUND_ODD -I. -I../../source/RISCV -I../../source/include -O2 -o i64_to_extF80.o ../../source/i64_to_extF80.c
cc -c -Werror-implicit-function-declaration -DSOFTFLOAT_ROUND_ODD -I. -I../../source/RISCV -I../../source/include -O2 -o i64_to_extF80M.o ../../source/i64_to_extF80M.c
cc -c -Werror-implicit-function-declaration -DSOFTFLOAT_ROUND_ODD -I. -I../../source/RISCV -I../../source/include -O2 -o i64_to_f128.o ../../source/i64_to_f128.c
cc -c -Werror-implicit-function-declaration -DSOFTFLOAT_ROUND_ODD -I. -I../../source/RISCV -I../../source/include -O2 -o i64_to_f128M.o ../../source/i64_to_f128M.c
cc -c -Werror-implicit-function-declaration -DSOFTFLOAT_ROUND_ODD -I. -I../../source/RISCV -I../../source/include -O2 -o f16_to_ui32.o ../../source/f16_to_ui32.c
cc -c -Werror-implicit-function-declaration -DSOFTFLOAT_ROUND_ODD -I. -I../../source/RISCV -I../../source/include -O2 -o f16_to_ui64.o ../../source/f16_to_ui64.c
cc -c -Werror-implicit-function-declaration -DSOFTFLOAT_ROUND_ODD -I. -I../../source/RISCV -I../../source/include -O2 -o f16_to_i32.o ../../source/f16_to_i32.c
cc -c -Werror-implicit-function-declaration -DSOFTFLOAT_ROUND_ODD -I. -I../../source/RISCV -I../../source/include -O2 -o f16_to_i64.o ../../source/f16_to_i64.c
cc -c -Werror-implicit-function-declaration -DSOFTFLOAT_ROUND_ODD -I. -I../../source/RISCV -I../../source/include -O2 -o f16_to_ui32_r_minMag.o ../../source/f16_to_ui32_r_minMag.c
cc -c -Werror-implicit-function-declaration -DSOFTFLOAT_ROUND_ODD -I. -I../../source/RISCV -I../../source/include -O2 -o f16_to_ui64_r_minMag.o ../../source/f16_to_ui64_r_minMag.c
cc -c -Werror-implicit-function-declaration -DSOFTFLOAT_ROUND_ODD -I. -I../../source/RISCV -I../../source/include -O2 -o f16_to_i32_r_minMag.o ../../source/f16_to_i32_r_minMag.c
cc -c -Werror-implicit-function-declaration -DSOFTFLOAT_ROUND_ODD -I. -I../../source/RISCV -I../../source/include -O2 -o f16_to_i64_r_minMag.o ../../source/f16_to_i64_r_minMag.c
cc -c -Werror-implicit-function-declaration -DSOFTFLOAT_ROUND_ODD -I. -I../../source/RISCV -I../../source/include -O2 -o f16_to_f32.o ../../source/f16_to_f32.c
cc -c -Werror-implicit-function-declaration -DSOFTFLOAT_ROUND_ODD -I. -I../../source/RISCV -I../../source/include -O2 -o f16_to_f64.o ../../source/f16_to_f64.c
cc -c -Werror-implicit-function-declaration -DSOFTFLOAT_ROUND_ODD -I. -I../../source/RISCV -I../../source/include -O2 -o f16_to_extF80.o ../../source/f16_to_extF80.c
cc -c -Werror-implicit-function-declaration -DSOFTFLOAT_ROUND_ODD -I. -I../../source/RISCV -I../../source/include -O2 -o f16_to_extF80M.o ../../source/f16_to_extF80M.c
cc -c -Werror-implicit-function-declaration -DSOFTFLOAT_ROUND_ODD -I. -I../../source/RISCV -I../../source/include -O2 -o f16_to_f128.o ../../source/f16_to_f128.c
cc -c -Werror-implicit-function-declaration -DSOFTFLOAT_ROUND_ODD -I. -I../../source/RISCV -I../../source/include -O2 -o f16_to_f128M.o ../../source/f16_to_f128M.c
cc -c -Werror-implicit-function-declaration -DSOFTFLOAT_ROUND_ODD -I. -I../../source/RISCV -I../../source/include -O2 -o f16_roundToInt.o ../../source/f16_roundToInt.c
cc -c -Werror-implicit-function-declaration -DSOFTFLOAT_ROUND_ODD -I. -I../../source/RISCV -I../../source/include -O2 -o f16_add.o ../../source/f16_add.c
cc -c -Werror-implicit-function-declaration -DSOFTFLOAT_ROUND_ODD -I. -I../../source/RISCV -I../../source/include -O2 -o f16_sub.o ../../source/f16_sub.c
cc -c -Werror-implicit-function-declaration -DSOFTFLOAT_ROUND_ODD -I. -I../../source/RISCV -I../../source/include -O2 -o f16_mul.o ../../source/f16_mul.c
cc -c -Werror-implicit-function-declaration -DSOFTFLOAT_ROUND_ODD -I. -I../../source/RISCV -I../../source/include -O2 -o f16_mulAdd.o ../../source/f16_mulAdd.c
cc -c -Werror-implicit-function-declaration -DSOFTFLOAT_ROUND_ODD -I. -I../../source/RISCV -I../../source/include -O2 -o f16_div.o ../../source/f16_div.c
cc -c -Werror-implicit-function-declaration -DSOFTFLOAT_ROUND_ODD -I. -I../../source/RISCV -I../../source/include -O2 -o f16_rem.o ../../source/f16_rem.c
cc -c -Werror-implicit-function-declaration -DSOFTFLOAT_ROUND_ODD -I. -I../../source/RISCV -I../../source/include -O2 -o f16_sqrt.o ../../source/f16_sqrt.c
cc -c -Werror-implicit-function-declaration -DSOFTFLOAT_ROUND_ODD -I. -I../../source/RISCV -I../../source/include -O2 -o f16_eq.o ../../source/f16_eq.c
cc -c -Werror-implicit-function-declaration -DSOFTFLOAT_ROUND_ODD -I. -I../../source/RISCV -I../../source/include -O2 -o f16_le.o ../../source/f16_le.c
cc -c -Werror-implicit-function-declaration -DSOFTFLOAT_ROUND_ODD -I. -I../../source/RISCV -I../../source/include -O2 -o f16_lt.o ../../source/f16_lt.c
cc -c -Werror-implicit-function-declaration -DSOFTFLOAT_ROUND_ODD -I. -I../../source/RISCV -I../../source/include -O2 -o f16_eq_signaling.o ../../source/f16_eq_signaling.c
cc -c -Werror-implicit-function-declaration -DSOFTFLOAT_ROUND_ODD -I. -I../../source/RISCV -I../../source/include -O2 -o f16_le_quiet.o ../../source/f16_le_quiet.c
cc -c -Werror-implicit-function-declaration -DSOFTFLOAT_ROUND_ODD -I. -I../../source/RISCV -I../../source/include -O2 -o f16_lt_quiet.o ../../source/f16_lt_quiet.c
cc -c -Werror-implicit-function-declaration -DSOFTFLOAT_ROUND_ODD -I. -I../../source/RISCV -I../../source/include -O2 -o f16_isSignalingNaN.o ../../source/f16_isSignalingNaN.c
cc -c -Werror-implicit-function-declaration -DSOFTFLOAT_ROUND_ODD -I. -I../../source/RISCV -I../../source/include -O2 -o f32_to_ui32.o ../../source/f32_to_ui32.c
cc -c -Werror-implicit-function-declaration -DSOFTFLOAT_ROUND_ODD -I. -I../../source/RISCV -I../../source/include -O2 -o f32_to_ui64.o ../../source/f32_to_ui64.c
cc -c -Werror-implicit-function-declaration -DSOFTFLOAT_ROUND_ODD -I. -I../../source/RISCV -I../../source/include -O2 -o f32_to_i32.o ../../source/f32_to_i32.c
cc -c -Werror-implicit-function-declaration -DSOFTFLOAT_ROUND_ODD -I. -I../../source/RISCV -I../../source/include -O2 -o f32_to_i64.o ../../source/f32_to_i64.c
cc -c -Werror-implicit-function-declaration -DSOFTFLOAT_ROUND_ODD -I. -I../../source/RISCV -I../../source/include -O2 -o f32_to_ui32_r_minMag.o ../../source/f32_to_ui32_r_minMag.c
cc -c -Werror-implicit-function-declaration -DSOFTFLOAT_ROUND_ODD -I. -I../../source/RISCV -I../../source/include -O2 -o f32_to_ui64_r_minMag.o ../../source/f32_to_ui64_r_minMag.c
cc -c -Werror-implicit-function-declaration -DSOFTFLOAT_ROUND_ODD -I. -I../../source/RISCV -I../../source/include -O2 -o f32_to_i32_r_minMag.o ../../source/f32_to_i32_r_minMag.c
cc -c -Werror-implicit-function-declaration -DSOFTFLOAT_ROUND_ODD -I. -I../../source/RISCV -I../../source/include -O2 -o f32_to_i64_r_minMag.o ../../source/f32_to_i64_r_minMag.c
cc -c -Werror-implicit-function-declaration -DSOFTFLOAT_ROUND_ODD -I. -I../../source/RISCV -I../../source/include -O2 -o f32_to_f16.o ../../source/f32_to_f16.c
cc -c -Werror-implicit-function-declaration -DSOFTFLOAT_ROUND_ODD -I. -I../../source/RISCV -I../../source/include -O2 -o f32_to_f64.o ../../source/f32_to_f64.c
cc -c -Werror-implicit-function-declaration -DSOFTFLOAT_ROUND_ODD -I. -I../../source/RISCV -I../../source/include -O2 -o f32_to_extF80.o ../../source/f32_to_extF80.c
cc -c -Werror-implicit-function-declaration -DSOFTFLOAT_ROUND_ODD -I. -I../../source/RISCV -I../../source/include -O2 -o f32_to_extF80M.o ../../source/f32_to_extF80M.c
cc -c -Werror-implicit-function-declaration -DSOFTFLOAT_ROUND_ODD -I. -I../../source/RISCV -I../../source/include -O2 -o f32_to_f128.o ../../source/f32_to_f128.c
cc -c -Werror-implicit-function-declaration -DSOFTFLOAT_ROUND_ODD -I. -I../../source/RISCV -I../../source/include -O2 -o f32_to_f128M.o ../../source/f32_to_f128M.c
cc -c -Werror-implicit-function-declaration -DSOFTFLOAT_ROUND_ODD -I. -I../../source/RISCV -I../../source/include -O2 -o f32_roundToInt.o ../../source/f32_roundToInt.c
cc -c -Werror-implicit-function-declaration -DSOFTFLOAT_ROUND_ODD -I. -I../../source/RISCV -I../../source/include -O2 -o f32_add.o ../../source/f32_add.c
cc -c -Werror-implicit-function-declaration -DSOFTFLOAT_ROUND_ODD -I. -I../../source/RISCV -I../../source/include -O2 -o f32_sub.o ../../source/f32_sub.c
cc -c -Werror-implicit-function-declaration -DSOFTFLOAT_ROUND_ODD -I. -I../../source/RISCV -I../../source/include -O2 -o f32_mul.o ../../source/f32_mul.c
cc -c -Werror-implicit-function-declaration -DSOFTFLOAT_ROUND_ODD -I. -I../../source/RISCV -I../../source/include -O2 -o f32_mulAdd.o ../../source/f32_mulAdd.c
cc -c -Werror-implicit-function-declaration -DSOFTFLOAT_ROUND_ODD -I. -I../../source/RISCV -I../../source/include -O2 -o f32_div.o ../../source/f32_div.c
cc -c -Werror-implicit-function-declaration -DSOFTFLOAT_ROUND_ODD -I. -I../../source/RISCV -I../../source/include -O2 -o f32_rem.o ../../source/f32_rem.c
cc -c -Werror-implicit-function-declaration -DSOFTFLOAT_ROUND_ODD -I. -I../../source/RISCV -I../../source/include -O2 -o f32_sqrt.o ../../source/f32_sqrt.c
cc -c -Werror-implicit-function-declaration -DSOFTFLOAT_ROUND_ODD -I. -I../../source/RISCV -I../../source/include -O2 -o f32_eq.o ../../source/f32_eq.c
cc -c -Werror-implicit-function-declaration -DSOFTFLOAT_ROUND_ODD -I. -I../../source/RISCV -I../../source/include -O2 -o f32_le.o ../../source/f32_le.c
cc -c -Werror-implicit-function-declaration -DSOFTFLOAT_ROUND_ODD -I. -I../../source/RISCV -I../../source/include -O2 -o f32_lt.o ../../source/f32_lt.c
cc -c -Werror-implicit-function-declaration -DSOFTFLOAT_ROUND_ODD -I. -I../../source/RISCV -I../../source/include -O2 -o f32_eq_signaling.o ../../source/f32_eq_signaling.c
cc -c -Werror-implicit-function-declaration -DSOFTFLOAT_ROUND_ODD -I. -I../../source/RISCV -I../../source/include -O2 -o f32_le_quiet.o ../../source/f32_le_quiet.c
cc -c -Werror-implicit-function-declaration -DSOFTFLOAT_ROUND_ODD -I. -I../../source/RISCV -I../../source/include -O2 -o f32_lt_quiet.o ../../source/f32_lt_quiet.c
cc -c -Werror-implicit-function-declaration -DSOFTFLOAT_ROUND_ODD -I. -I../../source/RISCV -I../../source/include -O2 -o f32_isSignalingNaN.o ../../source/f32_isSignalingNaN.c
cc -c -Werror-implicit-function-declaration -DSOFTFLOAT_ROUND_ODD -I. -I../../source/RISCV -I../../source/include -O2 -o f64_to_ui32.o ../../source/f64_to_ui32.c
cc -c -Werror-implicit-function-declaration -DSOFTFLOAT_ROUND_ODD -I. -I../../source/RISCV -I../../source/include -O2 -o f64_to_ui64.o ../../source/f64_to_ui64.c
cc -c -Werror-implicit-function-declaration -DSOFTFLOAT_ROUND_ODD -I. -I../../source/RISCV -I../../source/include -O2 -o f64_to_i32.o ../../source/f64_to_i32.c
cc -c -Werror-implicit-function-declaration -DSOFTFLOAT_ROUND_ODD -I. -I../../source/RISCV -I../../source/include -O2 -o f64_to_i64.o ../../source/f64_to_i64.c
cc -c -Werror-implicit-function-declaration -DSOFTFLOAT_ROUND_ODD -I. -I../../source/RISCV -I../../source/include -O2 -o f64_to_ui32_r_minMag.o ../../source/f64_to_ui32_r_minMag.c
cc -c -Werror-implicit-function-declaration -DSOFTFLOAT_ROUND_ODD -I. -I../../source/RISCV -I../../source/include -O2 -o f64_to_ui64_r_minMag.o ../../source/f64_to_ui64_r_minMag.c
cc -c -Werror-implicit-function-declaration -DSOFTFLOAT_ROUND_ODD -I. -I../../source/RISCV -I../../source/include -O2 -o f64_to_i32_r_minMag.o ../../source/f64_to_i32_r_minMag.c
cc -c -Werror-implicit-function-declaration -DSOFTFLOAT_ROUND_ODD -I. -I../../source/RISCV -I../../source/include -O2 -o f64_to_i64_r_minMag.o ../../source/f64_to_i64_r_minMag.c
cc -c -Werror-implicit-function-declaration -DSOFTFLOAT_ROUND_ODD -I. -I../../source/RISCV -I../../source/include -O2 -o f64_to_f16.o ../../source/f64_to_f16.c
cc -c -Werror-implicit-function-declaration -DSOFTFLOAT_ROUND_ODD -I. -I../../source/RISCV -I../../source/include -O2 -o f64_to_f32.o ../../source/f64_to_f32.c
cc -c -Werror-implicit-function-declaration -DSOFTFLOAT_ROUND_ODD -I. -I../../source/RISCV -I../../source/include -O2 -o f64_to_extF80.o ../../source/f64_to_extF80.c
cc -c -Werror-implicit-function-declaration -DSOFTFLOAT_ROUND_ODD -I. -I../../source/RISCV -I../../source/include -O2 -o f64_to_extF80M.o ../../source/f64_to_extF80M.c
cc -c -Werror-implicit-function-declaration -DSOFTFLOAT_ROUND_ODD -I. -I../../source/RISCV -I../../source/include -O2 -o f64_to_f128.o ../../source/f64_to_f128.c
cc -c -Werror-implicit-function-declaration -DSOFTFLOAT_ROUND_ODD -I. -I../../source/RISCV -I../../source/include -O2 -o f64_to_f128M.o ../../source/f64_to_f128M.c
cc -c -Werror-implicit-function-declaration -DSOFTFLOAT_ROUND_ODD -I. -I../../source/RISCV -I../../source/include -O2 -o f64_roundToInt.o ../../source/f64_roundToInt.c
cc -c -Werror-implicit-function-declaration -DSOFTFLOAT_ROUND_ODD -I. -I../../source/RISCV -I../../source/include -O2 -o f64_add.o ../../source/f64_add.c
cc -c -Werror-implicit-function-declaration -DSOFTFLOAT_ROUND_ODD -I. -I../../source/RISCV -I../../source/include -O2 -o f64_sub.o ../../source/f64_sub.c
cc -c -Werror-implicit-function-declaration -DSOFTFLOAT_ROUND_ODD -I. -I../../source/RISCV -I../../source/include -O2 -o f64_mul.o ../../source/f64_mul.c
cc -c -Werror-implicit-function-declaration -DSOFTFLOAT_ROUND_ODD -I. -I../../source/RISCV -I../../source/include -O2 -o f64_mulAdd.o ../../source/f64_mulAdd.c
cc -c -Werror-implicit-function-declaration -DSOFTFLOAT_ROUND_ODD -I. -I../../source/RISCV -I../../source/include -O2 -o f64_div.o ../../source/f64_div.c
cc -c -Werror-implicit-function-declaration -DSOFTFLOAT_ROUND_ODD -I. -I../../source/RISCV -I../../source/include -O2 -o f64_rem.o ../../source/f64_rem.c
cc -c -Werror-implicit-function-declaration -DSOFTFLOAT_ROUND_ODD -I. -I../../source/RISCV -I../../source/include -O2 -o f64_sqrt.o ../../source/f64_sqrt.c
cc -c -Werror-implicit-function-declaration -DSOFTFLOAT_ROUND_ODD -I. -I../../source/RISCV -I../../source/include -O2 -o f64_eq.o ../../source/f64_eq.c
cc -c -Werror-implicit-function-declaration -DSOFTFLOAT_ROUND_ODD -I. -I../../source/RISCV -I../../source/include -O2 -o f64_le.o ../../source/f64_le.c
cc -c -Werror-implicit-function-declaration -DSOFTFLOAT_ROUND_ODD -I. -I../../source/RISCV -I../../source/include -O2 -o f64_lt.o ../../source/f64_lt.c
cc -c -Werror-implicit-function-declaration -DSOFTFLOAT_ROUND_ODD -I. -I../../source/RISCV -I../../source/include -O2 -o f64_eq_signaling.o ../../source/f64_eq_signaling.c
cc -c -Werror-implicit-function-declaration -DSOFTFLOAT_ROUND_ODD -I. -I../../source/RISCV -I../../source/include -O2 -o f64_le_quiet.o ../../source/f64_le_quiet.c
cc -c -Werror-implicit-function-declaration -DSOFTFLOAT_ROUND_ODD -I. -I../../source/RISCV -I../../source/include -O2 -o f64_lt_quiet.o ../../source/f64_lt_quiet.c
cc -c -Werror-implicit-function-declaration -DSOFTFLOAT_ROUND_ODD -I. -I../../source/RISCV -I../../source/include -O2 -o f64_isSignalingNaN.o ../../source/f64_isSignalingNaN.c
cc -c -Werror-implicit-function-declaration -DSOFTFLOAT_ROUND_ODD -I. -I../../source/RISCV -I../../source/include -O2 -o extF80_to_ui32.o ../../source/extF80_to_ui32.c
cc -c -Werror-implicit-function-declaration -DSOFTFLOAT_ROUND_ODD -I. -I../../source/RISCV -I../../source/include -O2 -o extF80_to_ui64.o ../../source/extF80_to_ui64.c
cc -c -Werror-implicit-function-declaration -DSOFTFLOAT_ROUND_ODD -I. -I../../source/RISCV -I../../source/include -O2 -o extF80_to_i32.o ../../source/extF80_to_i32.c
cc -c -Werror-implicit-function-declaration -DSOFTFLOAT_ROUND_ODD -I. -I../../source/RISCV -I../../source/include -O2 -o extF80_to_i64.o ../../source/extF80_to_i64.c
cc -c -Werror-implicit-function-declaration -DSOFTFLOAT_ROUND_ODD -I. -I../../source/RISCV -I../../source/include -O2 -o extF80_to_ui32_r_minMag.o ../../source/extF80_to_ui32_r_minMag.c
cc -c -Werror-implicit-function-declaration -DSOFTFLOAT_ROUND_ODD -I. -I../../source/RISCV -I../../source/include -O2 -o extF80_to_ui64_r_minMag.o ../../source/extF80_to_ui64_r_minMag.c
cc -c -Werror-implicit-function-declaration -DSOFTFLOAT_ROUND_ODD -I. -I../../source/RISCV -I../../source/include -O2 -o extF80_to_i32_r_minMag.o ../../source/extF80_to_i32_r_minMag.c
cc -c -Werror-implicit-function-declaration -DSOFTFLOAT_ROUND_ODD -I. -I../../source/RISCV -I../../source/include -O2 -o extF80_to_i64_r_minMag.o ../../source/extF80_to_i64_r_minMag.c
cc -c -Werror-implicit-function-declaration -DSOFTFLOAT_ROUND_ODD -I. -I../../source/RISCV -I../../source/include -O2 -o extF80_to_f16.o ../../source/extF80_to_f16.c
cc -c -Werror-implicit-function-declaration -DSOFTFLOAT_ROUND_ODD -I. -I../../source/RISCV -I../../source/include -O2 -o extF80_to_f32.o ../../source/extF80_to_f32.c
cc -c -Werror-implicit-function-declaration -DSOFTFLOAT_ROUND_ODD -I. -I../../source/RISCV -I../../source/include -O2 -o extF80_to_f64.o ../../source/extF80_to_f64.c
cc -c -Werror-implicit-function-declaration -DSOFTFLOAT_ROUND_ODD -I. -I../../source/RISCV -I../../source/include -O2 -o extF80_to_f128.o ../../source/extF80_to_f128.c
cc -c -Werror-implicit-function-declaration -DSOFTFLOAT_ROUND_ODD -I. -I../../source/RISCV -I../../source/include -O2 -o extF80_roundToInt.o ../../source/extF80_roundToInt.c
cc -c -Werror-implicit-function-declaration -DSOFTFLOAT_ROUND_ODD -I. -I../../source/RISCV -I../../source/include -O2 -o extF80_add.o ../../source/extF80_add.c
cc -c -Werror-implicit-function-declaration -DSOFTFLOAT_ROUND_ODD -I. -I../../source/RISCV -I../../source/include -O2 -o extF80_sub.o ../../source/extF80_sub.c
cc -c -Werror-implicit-function-declaration -DSOFTFLOAT_ROUND_ODD -I. -I../../source/RISCV -I../../source/include -O2 -o extF80_mul.o ../../source/extF80_mul.c
cc -c -Werror-implicit-function-declaration -DSOFTFLOAT_ROUND_ODD -I. -I../../source/RISCV -I../../source/include -O2 -o extF80_div.o ../../source/extF80_div.c
cc -c -Werror-implicit-function-declaration -DSOFTFLOAT_ROUND_ODD -I. -I../../source/RISCV -I../../source/include -O2 -o extF80_rem.o ../../source/extF80_rem.c
cc -c -Werror-implicit-function-declaration -DSOFTFLOAT_ROUND_ODD -I. -I../../source/RISCV -I../../source/include -O2 -o extF80_sqrt.o ../../source/extF80_sqrt.c
cc -c -Werror-implicit-function-declaration -DSOFTFLOAT_ROUND_ODD -I. -I../../source/RISCV -I../../source/include -O2 -o extF80_eq.o ../../source/extF80_eq.c
cc -c -Werror-implicit-function-declaration -DSOFTFLOAT_ROUND_ODD -I. -I../../source/RISCV -I../../source/include -O2 -o extF80_le.o ../../source/extF80_le.c
cc -c -Werror-implicit-function-declaration -DSOFTFLOAT_ROUND_ODD -I. -I../../source/RISCV -I../../source/include -O2 -o extF80_lt.o ../../source/extF80_lt.c
cc -c -Werror-implicit-function-declaration -DSOFTFLOAT_ROUND_ODD -I. -I../../source/RISCV -I../../source/include -O2 -o extF80_eq_signaling.o ../../source/extF80_eq_signaling.c
cc -c -Werror-implicit-function-declaration -DSOFTFLOAT_ROUND_ODD -I. -I../../source/RISCV -I../../source/include -O2 -o extF80_le_quiet.o ../../source/extF80_le_quiet.c
cc -c -Werror-implicit-function-declaration -DSOFTFLOAT_ROUND_ODD -I. -I../../source/RISCV -I../../source/include -O2 -o extF80_lt_quiet.o ../../source/extF80_lt_quiet.c
cc -c -Werror-implicit-function-declaration -DSOFTFLOAT_ROUND_ODD -I. -I../../source/RISCV -I../../source/include -O2 -o extF80_isSignalingNaN.o ../../source/extF80_isSignalingNaN.c
cc -c -Werror-implicit-function-declaration -DSOFTFLOAT_ROUND_ODD -I. -I../../source/RISCV -I../../source/include -O2 -o extF80M_to_ui32.o ../../source/extF80M_to_ui32.c
cc -c -Werror-implicit-function-declaration -DSOFTFLOAT_ROUND_ODD -I. -I../../source/RISCV -I../../source/include -O2 -o extF80M_to_ui64.o ../../source/extF80M_to_ui64.c
cc -c -Werror-implicit-function-declaration -DSOFTFLOAT_ROUND_ODD -I. -I../../source/RISCV -I../../source/include -O2 -o extF80M_to_i32.o ../../source/extF80M_to_i32.c
cc -c -Werror-implicit-function-declaration -DSOFTFLOAT_ROUND_ODD -I. -I../../source/RISCV -I../../source/include -O2 -o extF80M_to_i64.o ../../source/extF80M_to_i64.c
cc -c -Werror-implicit-function-declaration -DSOFTFLOAT_ROUND_ODD -I. -I../../source/RISCV -I../../source/include -O2 -o extF80M_to_ui32_r_minMag.o ../../source/extF80M_to_ui32_r_minMag.c
cc -c -Werror-implicit-function-declaration -DSOFTFLOAT_ROUND_ODD -I. -I../../source/RISCV -I../../source/include -O2 -o extF80M_to_ui64_r_minMag.o ../../source/extF80M_to_ui64_r_minMag.c
cc -c -Werror-implicit-function-declaration -DSOFTFLOAT_ROUND_ODD -I. -I../../source/RISCV -I../../source/include -O2 -o extF80M_to_i32_r_minMag.o ../../source/extF80M_to_i32_r_minMag.c
cc -c -Werror-implicit-function-declaration -DSOFTFLOAT_ROUND_ODD -I. -I../../source/RISCV -I../../source/include -O2 -o extF80M_to_i64_r_minMag.o ../../source/extF80M_to_i64_r_minMag.c
cc -c -Werror-implicit-function-declaration -DSOFTFLOAT_ROUND_ODD -I. -I../../source/RISCV -I../../source/include -O2 -o extF80M_to_f16.o ../../source/extF80M_to_f16.c
cc -c -Werror-implicit-function-declaration -DSOFTFLOAT_ROUND_ODD -I. -I../../source/RISCV -I../../source/include -O2 -o extF80M_to_f32.o ../../source/extF80M_to_f32.c
cc -c -Werror-implicit-function-declaration -DSOFTFLOAT_ROUND_ODD -I. -I../../source/RISCV -I../../source/include -O2 -o extF80M_to_f64.o ../../source/extF80M_to_f64.c
cc -c -Werror-implicit-function-declaration -DSOFTFLOAT_ROUND_ODD -I. -I../../source/RISCV -I../../source/include -O2 -o extF80M_to_f128M.o ../../source/extF80M_to_f128M.c
cc -c -Werror-implicit-function-declaration -DSOFTFLOAT_ROUND_ODD -I. -I../../source/RISCV -I../../source/include -O2 -o extF80M_roundToInt.o ../../source/extF80M_roundToInt.c
cc -c -Werror-implicit-function-declaration -DSOFTFLOAT_ROUND_ODD -I. -I../../source/RISCV -I../../source/include -O2 -o extF80M_add.o ../../source/extF80M_add.c
cc -c -Werror-implicit-function-declaration -DSOFTFLOAT_ROUND_ODD -I. -I../../source/RISCV -I../../source/include -O2 -o extF80M_sub.o ../../source/extF80M_sub.c
cc -c -Werror-implicit-function-declaration -DSOFTFLOAT_ROUND_ODD -I. -I../../source/RISCV -I../../source/include -O2 -o extF80M_mul.o ../../source/extF80M_mul.c
cc -c -Werror-implicit-function-declaration -DSOFTFLOAT_ROUND_ODD -I. -I../../source/RISCV -I../../source/include -O2 -o extF80M_div.o ../../source/extF80M_div.c
cc -c -Werror-implicit-function-declaration -DSOFTFLOAT_ROUND_ODD -I. -I../../source/RISCV -I../../source/include -O2 -o extF80M_rem.o ../../source/extF80M_rem.c
cc -c -Werror-implicit-function-declaration -DSOFTFLOAT_ROUND_ODD -I. -I../../source/RISCV -I../../source/include -O2 -o extF80M_sqrt.o ../../source/extF80M_sqrt.c
cc -c -Werror-implicit-function-declaration -DSOFTFLOAT_ROUND_ODD -I. -I../../source/RISCV -I../../source/include -O2 -o extF80M_eq.o ../../source/extF80M_eq.c
cc -c -Werror-implicit-function-declaration -DSOFTFLOAT_ROUND_ODD -I. -I../../source/RISCV -I../../source/include -O2 -o extF80M_le.o ../../source/extF80M_le.c
cc -c -Werror-implicit-function-declaration -DSOFTFLOAT_ROUND_ODD -I. -I../../source/RISCV -I../../source/include -O2 -o extF80M_lt.o ../../source/extF80M_lt.c
cc -c -Werror-implicit-function-declaration -DSOFTFLOAT_ROUND_ODD -I. -I../../source/RISCV -I../../source/include -O2 -o extF80M_eq_signaling.o ../../source/extF80M_eq_signaling.c
cc -c -Werror-implicit-function-declaration -DSOFTFLOAT_ROUND_ODD -I. -I../../source/RISCV -I../../source/include -O2 -o extF80M_le_quiet.o ../../source/extF80M_le_quiet.c
cc -c -Werror-implicit-function-declaration -DSOFTFLOAT_ROUND_ODD -I. -I../../source/RISCV -I../../source/include -O2 -o extF80M_lt_quiet.o ../../source/extF80M_lt_quiet.c
cc -c -Werror-implicit-function-declaration -DSOFTFLOAT_ROUND_ODD -I. -I../../source/RISCV -I../../source/include -O2 -o f128_to_ui32.o ../../source/f128_to_ui32.c
cc -c -Werror-implicit-function-declaration -DSOFTFLOAT_ROUND_ODD -I. -I../../source/RISCV -I../../source/include -O2 -o f128_to_ui64.o ../../source/f128_to_ui64.c
cc -c -Werror-implicit-function-declaration -DSOFTFLOAT_ROUND_ODD -I. -I../../source/RISCV -I../../source/include -O2 -o f128_to_i32.o ../../source/f128_to_i32.c
cc -c -Werror-implicit-function-declaration -DSOFTFLOAT_ROUND_ODD -I. -I../../source/RISCV -I../../source/include -O2 -o f128_to_i64.o ../../source/f128_to_i64.c
cc -c -Werror-implicit-function-declaration -DSOFTFLOAT_ROUND_ODD -I. -I../../source/RISCV -I../../source/include -O2 -o f128_to_ui32_r_minMag.o ../../source/f128_to_ui32_r_minMag.c
cc -c -Werror-implicit-function-declaration -DSOFTFLOAT_ROUND_ODD -I. -I../../source/RISCV -I../../source/include -O2 -o f128_to_ui64_r_minMag.o ../../source/f128_to_ui64_r_minMag.c
cc -c -Werror-implicit-function-declaration -DSOFTFLOAT_ROUND_ODD -I. -I../../source/RISCV -I../../source/include -O2 -o f128_to_i32_r_minMag.o ../../source/f128_to_i32_r_minMag.c
cc -c -Werror-implicit-function-declaration -DSOFTFLOAT_ROUND_ODD -I. -I../../source/RISCV -I../../source/include -O2 -o f128_to_i64_r_minMag.o ../../source/f128_to_i64_r_minMag.c
cc -c -Werror-implicit-function-declaration -DSOFTFLOAT_ROUND_ODD -I. -I../../source/RISCV -I../../source/include -O2 -o f128_to_f16.o ../../source/f128_to_f16.c
cc -c -Werror-implicit-function-declaration -DSOFTFLOAT_ROUND_ODD -I. -I../../source/RISCV -I../../source/include -O2 -o f128_to_f32.o ../../source/f128_to_f32.c
cc -c -Werror-implicit-function-declaration -DSOFTFLOAT_ROUND_ODD -I. -I../../source/RISCV -I../../source/include -O2 -o f128_to_extF80.o ../../source/f128_to_extF80.c
cc -c -Werror-implicit-function-declaration -DSOFTFLOAT_ROUND_ODD -I. -I../../source/RISCV -I../../source/include -O2 -o f128_to_f64.o ../../source/f128_to_f64.c
cc -c -Werror-implicit-function-declaration -DSOFTFLOAT_ROUND_ODD -I. -I../../source/RISCV -I../../source/include -O2 -o f128_roundToInt.o ../../source/f128_roundToInt.c
cc -c -Werror-implicit-function-declaration -DSOFTFLOAT_ROUND_ODD -I. -I../../source/RISCV -I../../source/include -O2 -o f128_add.o ../../source/f128_add.c
cc -c -Werror-implicit-function-declaration -DSOFTFLOAT_ROUND_ODD -I. -I../../source/RISCV -I../../source/include -O2 -o f128_sub.o ../../source/f128_sub.c
cc -c -Werror-implicit-function-declaration -DSOFTFLOAT_ROUND_ODD -I. -I../../source/RISCV -I../../source/include -O2 -o f128_mul.o ../../source/f128_mul.c
cc -c -Werror-implicit-function-declaration -DSOFTFLOAT_ROUND_ODD -I. -I../../source/RISCV -I../../source/include -O2 -o f128_mulAdd.o ../../source/f128_mulAdd.c
cc -c -Werror-implicit-function-declaration -DSOFTFLOAT_ROUND_ODD -I. -I../../source/RISCV -I../../source/include -O2 -o f128_div.o ../../source/f128_div.c
cc -c -Werror-implicit-function-declaration -DSOFTFLOAT_ROUND_ODD -I. -I../../source/RISCV -I../../source/include -O2 -o f128_rem.o ../../source/f128_rem.c
cc -c -Werror-implicit-function-declaration -DSOFTFLOAT_ROUND_ODD -I. -I../../source/RISCV -I../../source/include -O2 -o f128_sqrt.o ../../source/f128_sqrt.c
cc -c -Werror-implicit-function-declaration -DSOFTFLOAT_ROUND_ODD -I. -I../../source/RISCV -I../../source/include -O2 -o f128_eq.o ../../source/f128_eq.c
cc -c -Werror-implicit-function-declaration -DSOFTFLOAT_ROUND_ODD -I. -I../../source/RISCV -I../../source/include -O2 -o f128_le.o ../../source/f128_le.c
cc -c -Werror-implicit-function-declaration -DSOFTFLOAT_ROUND_ODD -I. -I../../source/RISCV -I../../source/include -O2 -o f128_lt.o ../../source/f128_lt.c
cc -c -Werror-implicit-function-declaration -DSOFTFLOAT_ROUND_ODD -I. -I../../source/RISCV -I../../source/include -O2 -o f128_eq_signaling.o ../../source/f128_eq_signaling.c
cc -c -Werror-implicit-function-declaration -DSOFTFLOAT_ROUND_ODD -I. -I../../source/RISCV -I../../source/include -O2 -o f128_le_quiet.o ../../source/f128_le_quiet.c
cc -c -Werror-implicit-function-declaration -DSOFTFLOAT_ROUND_ODD -I. -I../../source/RISCV -I../../source/include -O2 -o f128_lt_quiet.o ../../source/f128_lt_quiet.c
cc -c -Werror-implicit-function-declaration -DSOFTFLOAT_ROUND_ODD -I. -I../../source/RISCV -I../../source/include -O2 -o f128_isSignalingNaN.o ../../source/f128_isSignalingNaN.c
cc -c -Werror-implicit-function-declaration -DSOFTFLOAT_ROUND_ODD -I. -I../../source/RISCV -I../../source/include -O2 -o f128M_to_ui32.o ../../source/f128M_to_ui32.c
cc -c -Werror-implicit-function-declaration -DSOFTFLOAT_ROUND_ODD -I. -I../../source/RISCV -I../../source/include -O2 -o f128M_to_ui64.o ../../source/f128M_to_ui64.c
cc -c -Werror-implicit-function-declaration -DSOFTFLOAT_ROUND_ODD -I. -I../../source/RISCV -I../../source/include -O2 -o f128M_to_i32.o ../../source/f128M_to_i32.c
cc -c -Werror-implicit-function-declaration -DSOFTFLOAT_ROUND_ODD -I. -I../../source/RISCV -I../../source/include -O2 -o f128M_to_i64.o ../../source/f128M_to_i64.c
cc -c -Werror-implicit-function-declaration -DSOFTFLOAT_ROUND_ODD -I. -I../../source/RISCV -I../../source/include -O2 -o f128M_to_ui32_r_minMag.o ../../source/f128M_to_ui32_r_minMag.c
cc -c -Werror-implicit-function-declaration -DSOFTFLOAT_ROUND_ODD -I. -I../../source/RISCV -I../../source/include -O2 -o f128M_to_ui64_r_minMag.o ../../source/f128M_to_ui64_r_minMag.c
cc -c -Werror-implicit-function-declaration -DSOFTFLOAT_ROUND_ODD -I. -I../../source/RISCV -I../../source/include -O2 -o f128M_to_i32_r_minMag.o ../../source/f128M_to_i32_r_minMag.c
cc -c -Werror-implicit-function-declaration -DSOFTFLOAT_ROUND_ODD -I. -I../../source/RISCV -I../../source/include -O2 -o f128M_to_i64_r_minMag.o ../../source/f128M_to_i64_r_minMag.c
cc -c -Werror-implicit-function-declaration -DSOFTFLOAT_ROUND_ODD -I. -I../../source/RISCV -I../../source/include -O2 -o f128M_to_f16.o ../../source/f128M_to_f16.c
cc -c -Werror-implicit-function-declaration -DSOFTFLOAT_ROUND_ODD -I. -I../../source/RISCV -I../../source/include -O2 -o f128M_to_f32.o ../../source/f128M_to_f32.c
cc -c -Werror-implicit-function-declaration -DSOFTFLOAT_ROUND_ODD -I. -I../../source/RISCV -I../../source/include -O2 -o f128M_to_extF80M.o ../../source/f128M_to_extF80M.c
cc -c -Werror-implicit-function-declaration -DSOFTFLOAT_ROUND_ODD -I. -I../../source/RISCV -I../../source/include -O2 -o f128M_to_f64.o ../../source/f128M_to_f64.c
cc -c -Werror-implicit-function-declaration -DSOFTFLOAT_ROUND_ODD -I. -I../../source/RISCV -I../../source/include -O2 -o f128M_roundToInt.o ../../source/f128M_roundToInt.c
cc -c -Werror-implicit-function-declaration -DSOFTFLOAT_ROUND_ODD -I. -I../../source/RISCV -I../../source/include -O2 -o f128M_add.o ../../source/f128M_add.c
cc -c -Werror-implicit-function-declaration -DSOFTFLOAT_ROUND_ODD -I. -I../../source/RISCV -I../../source/include -O2 -o f128M_sub.o ../../source/f128M_sub.c
cc -c -Werror-implicit-function-declaration -DSOFTFLOAT_ROUND_ODD -I. -I../../source/RISCV -I../../source/include -O2 -o f128M_mul.o ../../source/f128M_mul.c
cc -c -Werror-implicit-function-declaration -DSOFTFLOAT_ROUND_ODD -I. -I../../source/RISCV -I../../source/include -O2 -o f128M_mulAdd.o ../../source/f128M_mulAdd.c
cc -c -Werror-implicit-function-declaration -DSOFTFLOAT_ROUND_ODD -I. -I../../source/RISCV -I../../source/include -O2 -o f128M_div.o ../../source/f128M_div.c
cc -c -Werror-implicit-function-declaration -DSOFTFLOAT_ROUND_ODD -I. -I../../source/RISCV -I../../source/include -O2 -o f128M_rem.o ../../source/f128M_rem.c
cc -c -Werror-implicit-function-declaration -DSOFTFLOAT_ROUND_ODD -I. -I../../source/RISCV -I../../source/include -O2 -o f128M_sqrt.o ../../source/f128M_sqrt.c
cc -c -Werror-implicit-function-declaration -DSOFTFLOAT_ROUND_ODD -I. -I../../source/RISCV -I../../source/include -O2 -o f128M_eq.o ../../source/f128M_eq.c
cc -c -Werror-implicit-function-declaration -DSOFTFLOAT_ROUND_ODD -I. -I../../source/RISCV -I../../source/include -O2 -o f128M_le.o ../../source/f128M_le.c
cc -c -Werror-implicit-function-declaration -DSOFTFLOAT_ROUND_ODD -I. -I../../source/RISCV -I../../source/include -O2 -o f128M_lt.o ../../source/f128M_lt.c
cc -c -Werror-implicit-function-declaration -DSOFTFLOAT_ROUND_ODD -I. -I../../source/RISCV -I../../source/include -O2 -o f128M_eq_signaling.o ../../source/f128M_eq_signaling.c
cc -c -Werror-implicit-function-declaration -DSOFTFLOAT_ROUND_ODD -I. -I../../source/RISCV -I../../source/include -O2 -o f128M_le_quiet.o ../../source/f128M_le_quiet.c
cc -c -Werror-implicit-function-declaration -DSOFTFLOAT_ROUND_ODD -I. -I../../source/RISCV -I../../source/include -O2 -o f128M_lt_quiet.o ../../source/f128M_lt_quiet.c
rm -f softfloat.a
ar crs softfloat.a s_eq128.o s_le128.o s_lt128.o s_shortShiftLeft128.o s_shortShiftRight128.o s_shortShiftRightJam64.o s_shortShiftRightJam64Extra.o s_shortShiftRightJam128.o s_shortShiftRightJam128Extra.o s_shiftRightJam32.o s_shiftRightJam64.o s_shiftRightJam64Extra.o s_shiftRightJam128.o s_shiftRightJam128Extra.o s_shiftRightJam256M.o s_countLeadingZeros8.o s_countLeadingZeros16.o s_countLeadingZeros32.o s_countLeadingZeros64.o s_add128.o s_add256M.o s_sub128.o s_sub256M.o s_mul64ByShifted32To128.o s_mul64To128.o s_mul128By32.o s_mul128To256M.o s_approxRecip_1Ks.o s_approxRecip32_1.o s_approxRecipSqrt_1Ks.o s_approxRecipSqrt32_1.o softfloat_raiseFlags.o s_propagateNaNF16UI.o s_f32UIToCommonNaN.o s_commonNaNToF32UI.o s_propagateNaNF32UI.o s_f64UIToCommonNaN.o s_commonNaNToF64UI.o s_propagateNaNF64UI.o s_propagateNaNF128UI.o s_roundToUI32.o s_roundToUI64.o s_roundToI32.o s_roundToI64.o s_normSubnormalF16Sig.o s_roundPackToF16.o s_normRoundPackToF16.o s_addMagsF16.o s_subMagsF16.o s_mulAddF16.o s_normSubnormalF32Sig.o s_roundPackToF32.o s_normRoundPackToF32.o s_addMagsF32.o s_subMagsF32.o s_mulAddF32.o s_normSubnormalF64Sig.o s_roundPackToF64.o s_normRoundPackToF64.o s_addMagsF64.o s_subMagsF64.o s_mulAddF64.o s_normSubnormalExtF80Sig.o s_roundPackToExtF80.o s_normRoundPackToExtF80.o s_addMagsExtF80.o s_subMagsExtF80.o s_normSubnormalF128Sig.o s_roundPackToF128.o s_normRoundPackToF128.o s_addMagsF128.o s_subMagsF128.o s_mulAddF128.o softfloat_state.o ui32_to_f16.o ui32_to_f32.o ui32_to_f64.o ui32_to_extF80.o ui32_to_extF80M.o ui32_to_f128.o ui32_to_f128M.o ui64_to_f16.o ui64_to_f32.o ui64_to_f64.o ui64_to_extF80.o ui64_to_extF80M.o ui64_to_f128.o ui64_to_f128M.o i32_to_f16.o i32_to_f32.o i32_to_f64.o i32_to_extF80.o i32_to_extF80M.o i32_to_f128.o i32_to_f128M.o i64_to_f16.o i64_to_f32.o i64_to_f64.o i64_to_extF80.o i64_to_extF80M.o i64_to_f128.o i64_to_f128M.o f16_to_ui32.o f16_to_ui64.o f16_to_i32.o f16_to_i64.o f16_to_ui32_r_minMag.o f16_to_ui64_r_minMag.o f16_to_i32_r_minMag.o f16_to_i64_r_minMag.o f16_to_f32.o f16_to_f64.o f16_to_extF80.o f16_to_extF80M.o f16_to_f128.o f16_to_f128M.o f16_roundToInt.o f16_add.o f16_sub.o f16_mul.o f16_mulAdd.o f16_div.o f16_rem.o f16_sqrt.o f16_eq.o f16_le.o f16_lt.o f16_eq_signaling.o f16_le_quiet.o f16_lt_quiet.o f16_isSignalingNaN.o f32_to_ui32.o f32_to_ui64.o f32_to_i32.o f32_to_i64.o f32_to_ui32_r_minMag.o f32_to_ui64_r_minMag.o f32_to_i32_r_minMag.o f32_to_i64_r_minMag.o f32_to_f16.o f32_to_f64.o f32_to_extF80.o f32_to_extF80M.o f32_to_f128.o f32_to_f128M.o f32_roundToInt.o f32_add.o f32_sub.o f32_mul.o f32_mulAdd.o f32_div.o f32_rem.o f32_sqrt.o f32_eq.o f32_le.o f32_lt.o f32_eq_signaling.o f32_le_quiet.o f32_lt_quiet.o f32_isSignalingNaN.o f64_to_ui32.o f64_to_ui64.o f64_to_i32.o f64_to_i64.o f64_to_ui32_r_minMag.o f64_to_ui64_r_minMag.o f64_to_i32_r_minMag.o f64_to_i64_r_minMag.o f64_to_f16.o f64_to_f32.o f64_to_extF80.o f64_to_extF80M.o f64_to_f128.o f64_to_f128M.o f64_roundToInt.o f64_add.o f64_sub.o f64_mul.o f64_mulAdd.o f64_div.o f64_rem.o f64_sqrt.o f64_eq.o f64_le.o f64_lt.o f64_eq_signaling.o f64_le_quiet.o f64_lt_quiet.o f64_isSignalingNaN.o extF80_to_ui32.o extF80_to_ui64.o extF80_to_i32.o extF80_to_i64.o extF80_to_ui32_r_minMag.o extF80_to_ui64_r_minMag.o extF80_to_i32_r_minMag.o extF80_to_i64_r_minMag.o extF80_to_f16.o extF80_to_f32.o extF80_to_f64.o extF80_to_f128.o extF80_roundToInt.o extF80_add.o extF80_sub.o extF80_mul.o extF80_div.o extF80_rem.o extF80_sqrt.o extF80_eq.o extF80_le.o extF80_lt.o extF80_eq_signaling.o extF80_le_quiet.o extF80_lt_quiet.o extF80_isSignalingNaN.o extF80M_to_ui32.o extF80M_to_ui64.o extF80M_to_i32.o extF80M_to_i64.o extF80M_to_ui32_r_minMag.o extF80M_to_ui64_r_minMag.o extF80M_to_i32_r_minMag.o extF80M_to_i64_r_minMag.o extF80M_to_f16.o extF80M_to_f32.o extF80M_to_f64.o extF80M_to_f128M.o extF80M_roundToInt.o extF80M_add.o extF80M_sub.o extF80M_mul.o extF80M_div.o extF80M_rem.o extF80M_sqrt.o extF80M_eq.o extF80M_le.o extF80M_lt.o extF80M_eq_signaling.o extF80M_le_quiet.o extF80M_lt_quiet.o f128_to_ui32.o f128_to_ui64.o f128_to_i32.o f128_to_i64.o f128_to_ui32_r_minMag.o f128_to_ui64_r_minMag.o f128_to_i32_r_minMag.o f128_to_i64_r_minMag.o f128_to_f16.o f128_to_f32.o f128_to_extF80.o f128_to_f64.o f128_roundToInt.o f128_add.o f128_sub.o f128_mul.o f128_mulAdd.o f128_div.o f128_rem.o f128_sqrt.o f128_eq.o f128_le.o f128_lt.o f128_eq_signaling.o f128_le_quiet.o f128_lt_quiet.o f128_isSignalingNaN.o f128M_to_ui32.o f128M_to_ui64.o f128M_to_i32.o f128M_to_i64.o f128M_to_ui32_r_minMag.o f128M_to_ui64_r_minMag.o f128M_to_i32_r_minMag.o f128M_to_i64_r_minMag.o f128M_to_f16.o f128M_to_f32.o f128M_to_extF80M.o f128M_to_f64.o f128M_roundToInt.o f128M_add.o f128M_sub.o f128M_mul.o f128M_mulAdd.o f128M_div.o f128M_rem.o f128M_sqrt.o f128M_eq.o f128M_le.o f128M_lt.o f128M_eq_signaling.o f128M_le_quiet.o f128M_lt_quiet.o
make[1]: se sale del directorio '/home/juancarlos/Escritorio/riscv/sail-riscv/c_emulator/SoftFloat-3e/build/Linux-RISCV-GCC'
cc -g  -I /home/juancarlos/.opam/default/share/sail/lib -I c_emulator   -I c_emulator/SoftFloat-3e/source/include -O3 -flto=auto generated_definitions/c/riscv_model_RV32.c c_emulator/riscv_prelude.c c_emulator/riscv_platform_impl.c c_emulator/riscv_platform.c c_emulator/riscv_softfloat.c c_emulator/riscv_sim.c /home/juancarlos/.opam/default/share/sail/lib/*.c -lgmp -lz c_emulator/SoftFloat-3e/build/Linux-RISCV-GCC/softfloat.a -o c_emulator/riscv_sim_RV32
Building 32-bit RISCV C emulator: [0;92mok[0m
C-32 rv32mi-p-breakpoint.elf: [0;92mok[0m
C-32 rv32mi-p-csr.elf: [0;92mok[0m
C-32 rv32mi-p-illegal.elf: [0;92mok[0m
C-32 rv32mi-p-ma_addr.elf: [0;92mok[0m
C-32 rv32mi-p-ma_fetch.elf: [0;92mok[0m
C-32 rv32mi-p-mcsr.elf: [0;92mok[0m
C-32 rv32mi-p-sbreak.elf: [0;92mok[0m
C-32 rv32mi-p-scall.elf: [0;92mok[0m
C-32 rv32mi-p-shamt.elf: [0;92mok[0m
C-32 rv32si-p-csr.elf: [0;92mok[0m
C-32 rv32si-p-dirty.elf: [0;92mok[0m
C-32 rv32si-p-ma_fetch.elf: [0;92mok[0m
C-32 rv32si-p-sbreak.elf: [0;92mok[0m
C-32 rv32si-p-scall.elf: [0;92mok[0m
C-32 rv32si-p-wfi.elf: [0;92mok[0m
C-32 rv32ua-p-amoadd_w.elf: [0;92mok[0m
C-32 rv32ua-p-amoand_w.elf: [0;92mok[0m
C-32 rv32ua-p-amomaxu_w.elf: [0;92mok[0m
C-32 rv32ua-p-amomax_w.elf: [0;92mok[0m
C-32 rv32ua-p-amominu_w.elf: [0;92mok[0m
C-32 rv32ua-p-amomin_w.elf: [0;92mok[0m
C-32 rv32ua-p-amoor_w.elf: [0;92mok[0m
C-32 rv32ua-p-amoswap_w.elf: [0;92mok[0m
C-32 rv32ua-p-amoxor_w.elf: [0;92mok[0m
C-32 rv32ua-p-lrsc.elf: [0;92mok[0m
C-32 rv32ua-v-amoadd_w.elf: [0;92mok[0m
C-32 rv32ua-v-amoand_w.elf: [0;92mok[0m
C-32 rv32ua-v-amomaxu_w.elf: [0;92mok[0m
C-32 rv32ua-v-amomax_w.elf: [0;92mok[0m
C-32 rv32ua-v-amominu_w.elf: [0;92mok[0m
C-32 rv32ua-v-amomin_w.elf: [0;92mok[0m
C-32 rv32ua-v-amoor_w.elf: [0;92mok[0m
C-32 rv32ua-v-amoswap_w.elf: [0;92mok[0m
C-32 rv32ua-v-amoxor_w.elf: [0;92mok[0m
C-32 rv32ua-v-lrsc.elf: [0;92mok[0m
C-32 rv32uc-p-rvc.elf: [0;92mok[0m
C-32 rv32uc-v-rvc.elf: [0;92mok[0m
C-32 rv32ud-p-fadd.elf: [0;92mok[0m
C-32 rv32ud-p-fclass.elf: [0;92mok[0m
C-32 rv32ud-p-fcmp.elf: [0;92mok[0m
C-32 rv32ud-p-fcvt.elf: [0;92mok[0m
C-32 rv32ud-p-fcvt_w.elf: [0;92mok[0m
C-32 rv32ud-p-fdiv.elf: [0;92mok[0m
C-32 rv32ud-p-fmadd.elf: [0;92mok[0m
C-32 rv32ud-p-fmin.elf: [0;92mok[0m
C-32 rv32ud-v-fadd.elf: [0;92mok[0m
C-32 rv32ud-v-fclass.elf: [0;92mok[0m
C-32 rv32ud-v-fcmp.elf: [0;92mok[0m
C-32 rv32ud-v-fcvt.elf: [0;92mok[0m
C-32 rv32ud-v-fcvt_w.elf: [0;92mok[0m
C-32 rv32ud-v-fdiv.elf: [0;92mok[0m
C-32 rv32ud-v-fmadd.elf: [0;92mok[0m
C-32 rv32ud-v-fmin.elf: [0;92mok[0m
C-32 rv32uf-p-fadd.elf: [0;92mok[0m
C-32 rv32uf-p-fclass.elf: [0;92mok[0m
C-32 rv32uf-p-fcmp.elf: [0;92mok[0m
C-32 rv32uf-p-fcvt.elf: [0;92mok[0m
C-32 rv32uf-p-fcvt_w.elf: [0;92mok[0m
C-32 rv32uf-p-fdiv.elf: [0;92mok[0m
C-32 rv32uf-p-fmadd.elf: [0;92mok[0m
C-32 rv32uf-p-fmin.elf: [0;92mok[0m
C-32 rv32uf-v-fadd.elf: [0;92mok[0m
C-32 rv32uf-v-fclass.elf: [0;92mok[0m
C-32 rv32uf-v-fcmp.elf: [0;92mok[0m
C-32 rv32uf-v-fcvt.elf: [0;92mok[0m
C-32 rv32uf-v-fcvt_w.elf: [0;92mok[0m
C-32 rv32uf-v-fdiv.elf: [0;92mok[0m
C-32 rv32uf-v-fmadd.elf: [0;92mok[0m
C-32 rv32uf-v-fmin.elf: [0;92mok[0m
C-32 rv32ui-p-add.elf: [0;92mok[0m
C-32 rv32ui-p-addi.elf: [0;92mok[0m
C-32 rv32ui-p-and.elf: [0;92mok[0m
C-32 rv32ui-p-andi.elf: [0;92mok[0m
C-32 rv32ui-p-auipc.elf: [0;92mok[0m
C-32 rv32ui-p-beq.elf: [0;92mok[0m
C-32 rv32ui-p-bge.elf: [0;92mok[0m
C-32 rv32ui-p-bgeu.elf: [0;92mok[0m
C-32 rv32ui-p-blt.elf: [0;92mok[0m
C-32 rv32ui-p-bltu.elf: [0;92mok[0m
C-32 rv32ui-p-bne.elf: [0;92mok[0m
C-32 rv32ui-p-fence_i.elf: [0;92mok[0m
C-32 rv32ui-p-jal.elf: [0;92mok[0m
C-32 rv32ui-p-jalr.elf: [0;92mok[0m
C-32 rv32ui-p-lb.elf: [0;92mok[0m
C-32 rv32ui-p-lbu.elf: [0;92mok[0m
C-32 rv32ui-p-lh.elf: [0;92mok[0m
C-32 rv32ui-p-lhu.elf: [0;92mok[0m
C-32 rv32ui-p-lui.elf: [0;92mok[0m
C-32 rv32ui-p-lw.elf: [0;92mok[0m
C-32 rv32ui-p-or.elf: [0;92mok[0m
C-32 rv32ui-p-ori.elf: [0;92mok[0m
C-32 rv32ui-p-sb.elf: [0;92mok[0m
C-32 rv32ui-p-sh.elf: [0;92mok[0m
C-32 rv32ui-p-simple.elf: [0;92mok[0m
C-32 rv32ui-p-sll.elf: [0;92mok[0m
C-32 rv32ui-p-slli.elf: [0;92mok[0m
C-32 rv32ui-p-slt.elf: [0;92mok[0m
C-32 rv32ui-p-slti.elf: [0;92mok[0m
C-32 rv32ui-p-sltiu.elf: [0;92mok[0m
C-32 rv32ui-p-sltu.elf: [0;92mok[0m
C-32 rv32ui-p-sra.elf: [0;92mok[0m
C-32 rv32ui-p-srai.elf: [0;92mok[0m
C-32 rv32ui-p-srl.elf: [0;92mok[0m
C-32 rv32ui-p-srli.elf: [0;92mok[0m
C-32 rv32ui-p-sub.elf: [0;92mok[0m
C-32 rv32ui-p-sw.elf: [0;92mok[0m
C-32 rv32ui-p-xor.elf: [0;92mok[0m
C-32 rv32ui-p-xori.elf: [0;92mok[0m
C-32 rv32ui-v-add.elf: [0;92mok[0m
C-32 rv32ui-v-addi.elf: [0;92mok[0m
C-32 rv32ui-v-and.elf: [0;92mok[0m
C-32 rv32ui-v-andi.elf: [0;92mok[0m
C-32 rv32ui-v-auipc.elf: [0;92mok[0m
C-32 rv32ui-v-beq.elf: [0;92mok[0m
C-32 rv32ui-v-bge.elf: [0;92mok[0m
C-32 rv32ui-v-bgeu.elf: [0;92mok[0m
C-32 rv32ui-v-blt.elf: [0;92mok[0m
C-32 rv32ui-v-bltu.elf: [0;92mok[0m
C-32 rv32ui-v-bne.elf: [0;92mok[0m
C-32 rv32ui-v-fence_i.elf: [0;92mok[0m
C-32 rv32ui-v-jal.elf: [0;92mok[0m
C-32 rv32ui-v-jalr.elf: [0;92mok[0m
C-32 rv32ui-v-lb.elf: [0;92mok[0m
C-32 rv32ui-v-lbu.elf: [0;92mok[0m
C-32 rv32ui-v-lh.elf: [0;92mok[0m
C-32 rv32ui-v-lhu.elf: [0;92mok[0m
C-32 rv32ui-v-lui.elf: [0;92mok[0m
C-32 rv32ui-v-lw.elf: [0;92mok[0m
C-32 rv32ui-v-or.elf: [0;92mok[0m
C-32 rv32ui-v-ori.elf: [0;92mok[0m
C-32 rv32ui-v-sb.elf: [0;92mok[0m
C-32 rv32ui-v-sh.elf: [0;92mok[0m
C-32 rv32ui-v-simple.elf: [0;92mok[0m
C-32 rv32ui-v-sll.elf: [0;92mok[0m
C-32 rv32ui-v-slli.elf: [0;92mok[0m
C-32 rv32ui-v-slt.elf: [0;92mok[0m
C-32 rv32ui-v-slti.elf: [0;92mok[0m
C-32 rv32ui-v-sltiu.elf: [0;92mok[0m
C-32 rv32ui-v-sltu.elf: [0;92mok[0m
C-32 rv32ui-v-sra.elf: [0;92mok[0m
C-32 rv32ui-v-srai.elf: [0;92mok[0m
C-32 rv32ui-v-srl.elf: [0;92mok[0m
C-32 rv32ui-v-srli.elf: [0;92mok[0m
C-32 rv32ui-v-sub.elf: [0;92mok[0m
C-32 rv32ui-v-sw.elf: [0;92mok[0m
C-32 rv32ui-v-xor.elf: [0;92mok[0m
C-32 rv32ui-v-xori.elf: [0;92mok[0m
C-32 rv32um-p-div.elf: [0;92mok[0m
C-32 rv32um-p-divu.elf: [0;92mok[0m
C-32 rv32um-p-mul.elf: [0;92mok[0m
C-32 rv32um-p-mulh.elf: [0;92mok[0m
C-32 rv32um-p-mulhsu.elf: [0;92mok[0m
C-32 rv32um-p-mulhu.elf: [0;92mok[0m
C-32 rv32um-p-rem.elf: [0;92mok[0m
C-32 rv32um-p-remu.elf: [0;92mok[0m
C-32 rv32um-v-div.elf: [0;92mok[0m
C-32 rv32um-v-divu.elf: [0;92mok[0m
C-32 rv32um-v-mul.elf: [0;92mok[0m
C-32 rv32um-v-mulh.elf: [0;92mok[0m
C-32 rv32um-v-mulhsu.elf: [0;92mok[0m
C-32 rv32um-v-mulhu.elf: [0;92mok[0m
C-32 rv32um-v-rem.elf: [0;92mok[0m
C-32 rv32um-v-remu.elf: [0;92mok[0m
32-bit RISCV C tests: Passed 164 out of 164

rm -rf generated_definitions/ocaml/* generated_definitions/c/* generated_definitions/latex/*
rm -rf generated_definitions/lem/* generated_definitions/isabelle/* generated_definitions/hol4/* generated_definitions/coq/*
rm -rf generated_definitions/for-rmem/*
make -C c_emulator/SoftFloat-3e/build/Linux-RISCV-GCC clean
make[1]: se entra en el directorio '/home/juancarlos/Escritorio/riscv/sail-riscv/c_emulator/SoftFloat-3e/build/Linux-RISCV-GCC'
rm -f s_eq128.o s_le128.o s_lt128.o s_shortShiftLeft128.o s_shortShiftRight128.o s_shortShiftRightJam64.o s_shortShiftRightJam64Extra.o s_shortShiftRightJam128.o s_shortShiftRightJam128Extra.o s_shiftRightJam32.o s_shiftRightJam64.o s_shiftRightJam64Extra.o s_shiftRightJam128.o s_shiftRightJam128Extra.o s_shiftRightJam256M.o s_countLeadingZeros8.o s_countLeadingZeros16.o s_countLeadingZeros32.o s_countLeadingZeros64.o s_add128.o s_add256M.o s_sub128.o s_sub256M.o s_mul64ByShifted32To128.o s_mul64To128.o s_mul128By32.o s_mul128To256M.o s_approxRecip_1Ks.o s_approxRecip32_1.o s_approxRecipSqrt_1Ks.o s_approxRecipSqrt32_1.o  softfloat_raiseFlags.o s_propagateNaNF16UI.o s_f32UIToCommonNaN.o s_commonNaNToF32UI.o s_propagateNaNF32UI.o s_f64UIToCommonNaN.o s_commonNaNToF64UI.o s_propagateNaNF64UI.o s_propagateNaNF128UI.o s_roundToUI32.o s_roundToUI64.o s_roundToI32.o s_roundToI64.o s_normSubnormalF16Sig.o s_roundPackToF16.o s_normRoundPackToF16.o s_addMagsF16.o s_subMagsF16.o s_mulAddF16.o s_normSubnormalF32Sig.o s_roundPackToF32.o s_normRoundPackToF32.o s_addMagsF32.o s_subMagsF32.o s_mulAddF32.o s_normSubnormalF64Sig.o s_roundPackToF64.o s_normRoundPackToF64.o s_addMagsF64.o s_subMagsF64.o s_mulAddF64.o s_normSubnormalExtF80Sig.o s_roundPackToExtF80.o s_normRoundPackToExtF80.o s_addMagsExtF80.o s_subMagsExtF80.o s_normSubnormalF128Sig.o s_roundPackToF128.o s_normRoundPackToF128.o s_addMagsF128.o s_subMagsF128.o s_mulAddF128.o softfloat_state.o ui32_to_f16.o ui32_to_f32.o ui32_to_f64.o ui32_to_extF80.o ui32_to_extF80M.o ui32_to_f128.o ui32_to_f128M.o ui64_to_f16.o ui64_to_f32.o ui64_to_f64.o ui64_to_extF80.o ui64_to_extF80M.o ui64_to_f128.o ui64_to_f128M.o i32_to_f16.o i32_to_f32.o i32_to_f64.o i32_to_extF80.o i32_to_extF80M.o i32_to_f128.o i32_to_f128M.o i64_to_f16.o i64_to_f32.o i64_to_f64.o i64_to_extF80.o i64_to_extF80M.o i64_to_f128.o i64_to_f128M.o f16_to_ui32.o f16_to_ui64.o f16_to_i32.o f16_to_i64.o f16_to_ui32_r_minMag.o f16_to_ui64_r_minMag.o f16_to_i32_r_minMag.o f16_to_i64_r_minMag.o f16_to_f32.o f16_to_f64.o f16_to_extF80.o f16_to_extF80M.o f16_to_f128.o f16_to_f128M.o f16_roundToInt.o f16_add.o f16_sub.o f16_mul.o f16_mulAdd.o f16_div.o f16_rem.o f16_sqrt.o f16_eq.o f16_le.o f16_lt.o f16_eq_signaling.o f16_le_quiet.o f16_lt_quiet.o f16_isSignalingNaN.o f32_to_ui32.o f32_to_ui64.o f32_to_i32.o f32_to_i64.o f32_to_ui32_r_minMag.o f32_to_ui64_r_minMag.o f32_to_i32_r_minMag.o f32_to_i64_r_minMag.o f32_to_f16.o f32_to_f64.o f32_to_extF80.o f32_to_extF80M.o f32_to_f128.o f32_to_f128M.o f32_roundToInt.o f32_add.o f32_sub.o f32_mul.o f32_mulAdd.o f32_div.o f32_rem.o f32_sqrt.o f32_eq.o f32_le.o f32_lt.o f32_eq_signaling.o f32_le_quiet.o f32_lt_quiet.o f32_isSignalingNaN.o f64_to_ui32.o f64_to_ui64.o f64_to_i32.o f64_to_i64.o f64_to_ui32_r_minMag.o f64_to_ui64_r_minMag.o f64_to_i32_r_minMag.o f64_to_i64_r_minMag.o f64_to_f16.o f64_to_f32.o f64_to_extF80.o f64_to_extF80M.o f64_to_f128.o f64_to_f128M.o f64_roundToInt.o f64_add.o f64_sub.o f64_mul.o f64_mulAdd.o f64_div.o f64_rem.o f64_sqrt.o f64_eq.o f64_le.o f64_lt.o f64_eq_signaling.o f64_le_quiet.o f64_lt_quiet.o f64_isSignalingNaN.o extF80_to_ui32.o extF80_to_ui64.o extF80_to_i32.o extF80_to_i64.o extF80_to_ui32_r_minMag.o extF80_to_ui64_r_minMag.o extF80_to_i32_r_minMag.o extF80_to_i64_r_minMag.o extF80_to_f16.o extF80_to_f32.o extF80_to_f64.o extF80_to_f128.o extF80_roundToInt.o extF80_add.o extF80_sub.o extF80_mul.o extF80_div.o extF80_rem.o extF80_sqrt.o extF80_eq.o extF80_le.o extF80_lt.o extF80_eq_signaling.o extF80_le_quiet.o extF80_lt_quiet.o extF80_isSignalingNaN.o extF80M_to_ui32.o extF80M_to_ui64.o extF80M_to_i32.o extF80M_to_i64.o extF80M_to_ui32_r_minMag.o extF80M_to_ui64_r_minMag.o extF80M_to_i32_r_minMag.o extF80M_to_i64_r_minMag.o extF80M_to_f16.o extF80M_to_f32.o extF80M_to_f64.o extF80M_to_f128M.o extF80M_roundToInt.o extF80M_add.o extF80M_sub.o extF80M_mul.o extF80M_div.o extF80M_rem.o extF80M_sqrt.o extF80M_eq.o extF80M_le.o extF80M_lt.o extF80M_eq_signaling.o extF80M_le_quiet.o extF80M_lt_quiet.o f128_to_ui32.o f128_to_ui64.o f128_to_i32.o f128_to_i64.o f128_to_ui32_r_minMag.o f128_to_ui64_r_minMag.o f128_to_i32_r_minMag.o f128_to_i64_r_minMag.o f128_to_f16.o f128_to_f32.o f128_to_extF80.o f128_to_f64.o f128_roundToInt.o f128_add.o f128_sub.o f128_mul.o f128_mulAdd.o f128_div.o f128_rem.o f128_sqrt.o f128_eq.o f128_le.o f128_lt.o f128_eq_signaling.o f128_le_quiet.o f128_lt_quiet.o f128_isSignalingNaN.o f128M_to_ui32.o f128M_to_ui64.o f128M_to_i32.o f128M_to_i64.o f128M_to_ui32_r_minMag.o f128M_to_ui64_r_minMag.o f128M_to_i32_r_minMag.o f128M_to_i64_r_minMag.o f128M_to_f16.o f128M_to_f32.o f128M_to_extF80M.o f128M_to_f64.o f128M_roundToInt.o f128M_add.o f128M_sub.o f128M_mul.o f128M_mulAdd.o f128M_div.o f128M_rem.o f128M_sqrt.o f128M_eq.o f128M_le.o f128M_lt.o f128M_eq_signaling.o f128M_le_quiet.o f128M_lt_quiet.o  softfloat.a
make[1]: se sale del directorio '/home/juancarlos/Escritorio/riscv/sail-riscv/c_emulator/SoftFloat-3e/build/Linux-RISCV-GCC'
rm -f c_emulator/riscv_sim_RV32 c_emulator/riscv_sim_RV64  c_emulator/riscv_rvfi_RV32 c_emulator/riscv_rvfi_RV64
rm -rf ocaml_emulator/_sbuild ocaml_emulator/_build ocaml_emulator/riscv_ocaml_sim_RV32 ocaml_emulator/riscv_ocaml_sim_RV64 ocaml_emulator/tracecmp
rm -f *.gcno *.gcda
rm -f z3_problems
Holmake cleanAll
make: Holmake: No existe el archivo o el directorio
make: [Makefile:494: clean] Error 127 (no tiene efecto)
rm -f handwritten_support/riscv_extras.vo handwritten_support/riscv_extras.vos handwritten_support/riscv_extras.vok handwritten_support/riscv_extras.glob handwritten_support/.riscv_extras.aux
rm -f handwritten_support/mem_metadata.vo handwritten_support/mem_metadata.vos handwritten_support/mem_metadata.vok handwritten_support/mem_metadata.glob handwritten_support/.mem_metadata.aux
rm -f sail_doc/riscv_RV32.json
rm -f sail_doc/riscv_RV64.json
ocamlbuild -clean
Building 64-bit RISCV specification...
mkdir -p generated_definitions/ocaml/RV64
sail -dno_cast -ocaml -ocaml-nobuild -ocaml_build_dir generated_definitions/ocaml/RV64 -o riscv model/prelude.sail model/riscv_xlen64.sail model/riscv_flen_D.sail model/riscv_vlen.sail model/prelude_mem_metadata.sail model/prelude_mem.sail model/riscv_types_common.sail model/riscv_types_ext.sail model/riscv_types.sail model/riscv_vmem_types.sail model/riscv_reg_type.sail model/riscv_freg_type.sail model/riscv_regs.sail model/riscv_pc_access.sail model/riscv_sys_regs.sail model/riscv_pmp_regs.sail model/riscv_pmp_control.sail model/riscv_ext_regs.sail model/riscv_addr_checks_common.sail model/riscv_addr_checks.sail model/riscv_misa_ext.sail model/riscv_vreg_type.sail model/riscv_vext_regs.sail model/riscv_csr_map.sail model/riscv_vext_control.sail model/riscv_next_regs.sail model/riscv_sys_exceptions.sail model/riscv_sync_exception.sail model/riscv_next_control.sail model/riscv_softfloat_interface.sail model/riscv_fdext_regs.sail model/riscv_fdext_control.sail model/riscv_csr_ext.sail model/riscv_sys_control.sail model/riscv_platform.sail model/riscv_mem.sail model/riscv_vmem_common.sail model/riscv_vmem_pte.sail model/riscv_vmem_ptw.sail model/riscv_vmem_tlb.sail model/riscv_vmem.sail model/riscv_types_kext.sail model/riscv_insts_begin.sail model/riscv_insts_base.sail model/riscv_insts_aext.sail model/riscv_insts_cext.sail model/riscv_insts_mext.sail model/riscv_insts_zicsr.sail model/riscv_insts_next.sail model/riscv_insts_hints.sail model/riscv_insts_fext.sail model/riscv_insts_cfext.sail model/riscv_insts_dext.sail model/riscv_insts_cdext.sail model/riscv_insts_svinval.sail model/riscv_insts_zba.sail model/riscv_insts_zbb.sail model/riscv_insts_zbc.sail model/riscv_insts_zbs.sail model/riscv_insts_zcb.sail model/riscv_insts_zfh.sail model/riscv_insts_zfa.sail model/riscv_insts_zkn.sail model/riscv_insts_zks.sail model/riscv_insts_zbkb.sail model/riscv_insts_zbkx.sail model/riscv_insts_zicond.sail model/riscv_insts_vext_utils.sail model/riscv_insts_vext_fp_utils.sail model/riscv_insts_vext_vset.sail model/riscv_insts_vext_arith.sail model/riscv_insts_vext_fp.sail model/riscv_insts_vext_mem.sail model/riscv_insts_vext_mask.sail model/riscv_insts_vext_vm.sail model/riscv_insts_vext_fp_vm.sail model/riscv_insts_vext_red.sail model/riscv_insts_vext_fp_red.sail model/riscv_jalr_seq.sail model/riscv_insts_end.sail model/riscv_step_common.sail model/riscv_step_ext.sail model/riscv_decode_ext.sail model/riscv_fetch.sail model/riscv_step.sail
[93mWarning[0m: Deprecated [96mmodel/prelude.sail[0m:42.14-100:
42[96m |[0mval int_power = {ocaml: "int_power", interpreter: "int_power", lem: "pow", coq: "pow", c: "pow_int"} : (int, int) -> int
  [91m |[0m              [91m^------------------------------------------------------------------------------------^[0m
  [91m |[0m 
All external bindings should be marked as either monadic or pure

[93mWarning[0m: Duplicate function type definition for min_int
[96mmodel/prelude.sail[0m:58.4-11:
58[96m |[0mval min_int = {ocaml: "min_int", interpreter: "min_int", lem: "min", coq: "min_atom", c: "min_int"} : forall 'x 'y.
  [91m |[0m    [91m^-----^[0m
  [91m |[0m This duplicate definition is being ignored!
  [91m |[0m [96m/home/juancarlos/.opam/default/share/sail/lib/arith.sail[0m:217.4-11:
  [91m |[0m 217[96m |[0mval min_int = pure {lem: "integerMin", coq: "Z.min", _: "min_int"} : forall 'x 'y.
  [91m |[0m    [91m |[0m    [91m^-----^[0m [91mprevious definition here[0m
mkdir -p ocaml_emulator/_sbuild
cp ocaml_emulator/_tags ocaml_emulator/platform.ml ocaml_emulator/platform_impl.ml ocaml_emulator/softfloat.ml ocaml_emulator/riscv_ocaml_sim.ml ocaml_emulator/_sbuild
cp -f generated_definitions/ocaml/RV64/*.ml ocaml_emulator/_sbuild
cd ocaml_emulator/_sbuild && ocamlbuild -use-ocamlfind riscv_ocaml_sim.native
+ ocamlfind ocamldep -package lem -package linksem -package zarith -modules riscv_ocaml_sim.ml > riscv_ocaml_sim.ml.depends
+ ocamlfind ocamldep -package lem -package linksem -package zarith -modules elf_loader.ml > elf_loader.ml.depends
+ ocamlfind ocamldep -package lem -package linksem -package zarith -modules sail_lib.ml > sail_lib.ml.depends
+ ocamlfind ocamldep -package lem -package linksem -package zarith -modules util.ml > util.ml.depends
+ ocamlfind ocamlc -c -annot -bin-annot -package lem -package linksem -package zarith -o util.cmo util.ml
+ ocamlfind ocamlc -c -annot -bin-annot -package lem -package linksem -package zarith -o sail_lib.cmo sail_lib.ml
+ ocamlfind ocamldep -package lem -package linksem -package zarith -modules platform.ml > platform.ml.depends
+ ocamlfind ocamlc -c -annot -bin-annot -package lem -package linksem -package zarith -o elf_loader.cmo elf_loader.ml
+ ocamlfind ocamldep -package lem -package linksem -package zarith -modules platform_impl.ml > platform_impl.ml.depends
+ ocamlfind ocamlc -c -annot -bin-annot -package lem -package linksem -package zarith -o platform_impl.cmo platform_impl.ml
+ ocamlfind ocamlc -c -annot -bin-annot -package lem -package linksem -package zarith -o platform_impl.cmo platform_impl.ml
File "platform_impl.ml", line 185, characters 6-12:
185 |   let nbytes = Unix.read Unix.stdin buf 0 1 in
            ^^^^^^
Warning 26 [unused-var]: unused variable nbytes.
+ ocamlfind ocamldep -package lem -package linksem -package zarith -modules riscv.ml > riscv.ml.depends
+ ocamlfind ocamlc -c -annot -bin-annot -package lem -package linksem -package zarith -o platform.cmo platform.ml
+ ocamlfind ocamldep -package lem -package linksem -package zarith -modules softfloat.ml > softfloat.ml.depends
+ ocamlfind ocamlc -c -annot -bin-annot -package lem -package linksem -package zarith -o softfloat.cmo softfloat.ml
+ ocamlfind ocamlc -c -annot -bin-annot -package lem -package linksem -package zarith -o riscv.cmo riscv.ml
+ ocamlfind ocamlc -c -annot -bin-annot -package lem -package linksem -package zarith -o riscv.cmo riscv.ml
File "riscv.ml", line 3964, characters 8-20:
3964 |   begin assert false; exit 0 end)
               ^^^^^^^^^^^^
Warning 21 [nonreturning-statement]: this statement never returns (or has an unsound type.)
File "riscv.ml", line 6915, characters 17-29:
6915 |     | _ -> begin assert false; exit 0 end
                        ^^^^^^^^^^^^
Warning 21 [nonreturning-statement]: this statement never returns (or has an unsound type.)
File "riscv.ml", line 9374, characters 17-29:
9374 |     | _ -> begin assert false; exit 0 end
                        ^^^^^^^^^^^^
Warning 21 [nonreturning-statement]: this statement never returns (or has an unsound type.)
File "riscv.ml", line 9391, characters 8-92:
9391 |         zinternal_error ("model/riscv_sys_regs.sail", (Big_int.of_int (850)), "invalid SEW");
               ^^^^^^^^^^^^^^^^^^^^^^^^^^^^^^^^^^^^^^^^^^^^^^^^^^^^^^^^^^^^^^^^^^^^^^^^^^^^^^^^^^^^
Warning 21 [nonreturning-statement]: this statement never returns (or has an unsound type.)
File "riscv.ml", line 9409, characters 8-92:
9409 |         zinternal_error ("model/riscv_sys_regs.sail", (Big_int.of_int (861)), "invalid SEW");
               ^^^^^^^^^^^^^^^^^^^^^^^^^^^^^^^^^^^^^^^^^^^^^^^^^^^^^^^^^^^^^^^^^^^^^^^^^^^^^^^^^^^^
Warning 21 [nonreturning-statement]: this statement never returns (or has an unsound type.)
File "riscv.ml", line 9424, characters 17-29:
9424 |     | _ -> begin assert false; exit 0 end
                        ^^^^^^^^^^^^
Warning 21 [nonreturning-statement]: this statement never returns (or has an unsound type.)
File "riscv.ml", line 11508, characters 17-29:
11508 |     | _ -> begin assert false; exit 0 end
                         ^^^^^^^^^^^^
Warning 21 [nonreturning-statement]: this statement never returns (or has an unsound type.)
File "riscv.ml", line 12111, characters 4-37:
12111 |     Softfloat.f16_add (zrm, zv1, zv2);
            ^^^^^^^^^^^^^^^^^^^^^^^^^^^^^^^^^
Warning 5 [ignored-partial-application]: this function application is partial,
maybe some arguments are missing.
File "riscv.ml", line 12117, characters 4-37:
12117 |     Softfloat.f16_sub (zrm, zv1, zv2);
            ^^^^^^^^^^^^^^^^^^^^^^^^^^^^^^^^^
Warning 5 [ignored-partial-application]: this function application is partial,
maybe some arguments are missing.
File "riscv.ml", line 12123, characters 4-37:
12123 |     Softfloat.f16_mul (zrm, zv1, zv2);
            ^^^^^^^^^^^^^^^^^^^^^^^^^^^^^^^^^
Warning 5 [ignored-partial-application]: this function application is partial,
maybe some arguments are missing.
File "riscv.ml", line 12129, characters 4-37:
12129 |     Softfloat.f16_div (zrm, zv1, zv2);
            ^^^^^^^^^^^^^^^^^^^^^^^^^^^^^^^^^
Warning 5 [ignored-partial-application]: this function application is partial,
maybe some arguments are missing.
File "riscv.ml", line 12135, characters 4-37:
12135 |     Softfloat.f32_add (zrm, zv1, zv2);
            ^^^^^^^^^^^^^^^^^^^^^^^^^^^^^^^^^
Warning 5 [ignored-partial-application]: this function application is partial,
maybe some arguments are missing.
File "riscv.ml", line 12141, characters 4-37:
12141 |     Softfloat.f32_sub (zrm, zv1, zv2);
            ^^^^^^^^^^^^^^^^^^^^^^^^^^^^^^^^^
Warning 5 [ignored-partial-application]: this function application is partial,
maybe some arguments are missing.
File "riscv.ml", line 12147, characters 4-37:
12147 |     Softfloat.f32_mul (zrm, zv1, zv2);
            ^^^^^^^^^^^^^^^^^^^^^^^^^^^^^^^^^
Warning 5 [ignored-partial-application]: this function application is partial,
maybe some arguments are missing.
File "riscv.ml", line 12153, characters 4-37:
12153 |     Softfloat.f32_div (zrm, zv1, zv2);
            ^^^^^^^^^^^^^^^^^^^^^^^^^^^^^^^^^
Warning 5 [ignored-partial-application]: this function application is partial,
maybe some arguments are missing.
File "riscv.ml", line 12159, characters 4-37:
12159 |     Softfloat.f64_add (zrm, zv1, zv2);
            ^^^^^^^^^^^^^^^^^^^^^^^^^^^^^^^^^
Warning 5 [ignored-partial-application]: this function application is partial,
maybe some arguments are missing.
File "riscv.ml", line 12165, characters 4-37:
12165 |     Softfloat.f64_sub (zrm, zv1, zv2);
            ^^^^^^^^^^^^^^^^^^^^^^^^^^^^^^^^^
Warning 5 [ignored-partial-application]: this function application is partial,
maybe some arguments are missing.
File "riscv.ml", line 12171, characters 4-37:
12171 |     Softfloat.f64_mul (zrm, zv1, zv2);
            ^^^^^^^^^^^^^^^^^^^^^^^^^^^^^^^^^
Warning 5 [ignored-partial-application]: this function application is partial,
maybe some arguments are missing.
File "riscv.ml", line 12177, characters 4-37:
12177 |     Softfloat.f64_div (zrm, zv1, zv2);
            ^^^^^^^^^^^^^^^^^^^^^^^^^^^^^^^^^
Warning 5 [ignored-partial-application]: this function application is partial,
maybe some arguments are missing.
File "riscv.ml", line 12183, characters 4-45:
12183 |     Softfloat.f16_muladd (zrm, zv1, zv2, zv3);
            ^^^^^^^^^^^^^^^^^^^^^^^^^^^^^^^^^^^^^^^^^
Warning 5 [ignored-partial-application]: this function application is partial,
maybe some arguments are missing.
File "riscv.ml", line 12189, characters 4-45:
12189 |     Softfloat.f32_muladd (zrm, zv1, zv2, zv3);
            ^^^^^^^^^^^^^^^^^^^^^^^^^^^^^^^^^^^^^^^^^
Warning 5 [ignored-partial-application]: this function application is partial,
maybe some arguments are missing.
File "riscv.ml", line 12195, characters 4-45:
12195 |     Softfloat.f64_muladd (zrm, zv1, zv2, zv3);
            ^^^^^^^^^^^^^^^^^^^^^^^^^^^^^^^^^^^^^^^^^
Warning 5 [ignored-partial-application]: this function application is partial,
maybe some arguments are missing.
File "riscv.ml", line 12201, characters 4-32:
12201 |     Softfloat.f16_sqrt (zrm, zv);
            ^^^^^^^^^^^^^^^^^^^^^^^^^^^^
Warning 5 [ignored-partial-application]: this function application is partial,
maybe some arguments are missing.
File "riscv.ml", line 12207, characters 4-32:
12207 |     Softfloat.f32_sqrt (zrm, zv);
            ^^^^^^^^^^^^^^^^^^^^^^^^^^^^
Warning 5 [ignored-partial-application]: this function application is partial,
maybe some arguments are missing.
File "riscv.ml", line 12213, characters 4-32:
12213 |     Softfloat.f64_sqrt (zrm, zv);
            ^^^^^^^^^^^^^^^^^^^^^^^^^^^^
Warning 5 [ignored-partial-application]: this function application is partial,
maybe some arguments are missing.
File "riscv.ml", line 12219, characters 4-34:
12219 |     Softfloat.f16_to_i32 (zrm, zv);
            ^^^^^^^^^^^^^^^^^^^^^^^^^^^^^^
Warning 5 [ignored-partial-application]: this function application is partial,
maybe some arguments are missing.
File "riscv.ml", line 12225, characters 4-35:
12225 |     Softfloat.f16_to_ui32 (zrm, zv);
            ^^^^^^^^^^^^^^^^^^^^^^^^^^^^^^^
Warning 5 [ignored-partial-application]: this function application is partial,
maybe some arguments are missing.
File "riscv.ml", line 12231, characters 4-34:
12231 |     Softfloat.i32_to_f16 (zrm, zv);
            ^^^^^^^^^^^^^^^^^^^^^^^^^^^^^^
Warning 5 [ignored-partial-application]: this function application is partial,
maybe some arguments are missing.
File "riscv.ml", line 12237, characters 4-35:
12237 |     Softfloat.ui32_to_f16 (zrm, zv);
            ^^^^^^^^^^^^^^^^^^^^^^^^^^^^^^^
Warning 5 [ignored-partial-application]: this function application is partial,
maybe some arguments are missing.
File "riscv.ml", line 12243, characters 4-34:
12243 |     Softfloat.f16_to_i64 (zrm, zv);
            ^^^^^^^^^^^^^^^^^^^^^^^^^^^^^^
Warning 5 [ignored-partial-application]: this function application is partial,
maybe some arguments are missing.
File "riscv.ml", line 12249, characters 4-35:
12249 |     Softfloat.f16_to_ui64 (zrm, zv);
            ^^^^^^^^^^^^^^^^^^^^^^^^^^^^^^^
Warning 5 [ignored-partial-application]: this function application is partial,
maybe some arguments are missing.
File "riscv.ml", line 12255, characters 4-34:
12255 |     Softfloat.i64_to_f16 (zrm, zv);
            ^^^^^^^^^^^^^^^^^^^^^^^^^^^^^^
Warning 5 [ignored-partial-application]: this function application is partial,
maybe some arguments are missing.
File "riscv.ml", line 12261, characters 4-35:
12261 |     Softfloat.ui64_to_f16 (zrm, zv);
            ^^^^^^^^^^^^^^^^^^^^^^^^^^^^^^^
Warning 5 [ignored-partial-application]: this function application is partial,
maybe some arguments are missing.
File "riscv.ml", line 12267, characters 4-34:
12267 |     Softfloat.f32_to_i32 (zrm, zv);
            ^^^^^^^^^^^^^^^^^^^^^^^^^^^^^^
Warning 5 [ignored-partial-application]: this function application is partial,
maybe some arguments are missing.
File "riscv.ml", line 12273, characters 4-35:
12273 |     Softfloat.f32_to_ui32 (zrm, zv);
            ^^^^^^^^^^^^^^^^^^^^^^^^^^^^^^^
Warning 5 [ignored-partial-application]: this function application is partial,
maybe some arguments are missing.
File "riscv.ml", line 12279, characters 4-34:
12279 |     Softfloat.i32_to_f32 (zrm, zv);
            ^^^^^^^^^^^^^^^^^^^^^^^^^^^^^^
Warning 5 [ignored-partial-application]: this function application is partial,
maybe some arguments are missing.
File "riscv.ml", line 12285, characters 4-35:
12285 |     Softfloat.ui32_to_f32 (zrm, zv);
            ^^^^^^^^^^^^^^^^^^^^^^^^^^^^^^^
Warning 5 [ignored-partial-application]: this function application is partial,
maybe some arguments are missing.
File "riscv.ml", line 12291, characters 4-34:
12291 |     Softfloat.f32_to_i64 (zrm, zv);
            ^^^^^^^^^^^^^^^^^^^^^^^^^^^^^^
Warning 5 [ignored-partial-application]: this function application is partial,
maybe some arguments are missing.
File "riscv.ml", line 12297, characters 4-35:
12297 |     Softfloat.f32_to_ui64 (zrm, zv);
            ^^^^^^^^^^^^^^^^^^^^^^^^^^^^^^^
Warning 5 [ignored-partial-application]: this function application is partial,
maybe some arguments are missing.
File "riscv.ml", line 12303, characters 4-34:
12303 |     Softfloat.i64_to_f32 (zrm, zv);
            ^^^^^^^^^^^^^^^^^^^^^^^^^^^^^^
Warning 5 [ignored-partial-application]: this function application is partial,
maybe some arguments are missing.
File "riscv.ml", line 12309, characters 4-35:
12309 |     Softfloat.ui64_to_f32 (zrm, zv);
            ^^^^^^^^^^^^^^^^^^^^^^^^^^^^^^^
Warning 5 [ignored-partial-application]: this function application is partial,
maybe some arguments are missing.
File "riscv.ml", line 12315, characters 4-34:
12315 |     Softfloat.f64_to_i32 (zrm, zv);
            ^^^^^^^^^^^^^^^^^^^^^^^^^^^^^^
Warning 5 [ignored-partial-application]: this function application is partial,
maybe some arguments are missing.
File "riscv.ml", line 12321, characters 4-35:
12321 |     Softfloat.f64_to_ui32 (zrm, zv);
            ^^^^^^^^^^^^^^^^^^^^^^^^^^^^^^^
Warning 5 [ignored-partial-application]: this function application is partial,
maybe some arguments are missing.
File "riscv.ml", line 12327, characters 4-34:
12327 |     Softfloat.i32_to_f64 (zrm, zv);
            ^^^^^^^^^^^^^^^^^^^^^^^^^^^^^^
Warning 5 [ignored-partial-application]: this function application is partial,
maybe some arguments are missing.
File "riscv.ml", line 12333, characters 4-35:
12333 |     Softfloat.ui32_to_f64 (zrm, zv);
            ^^^^^^^^^^^^^^^^^^^^^^^^^^^^^^^
Warning 5 [ignored-partial-application]: this function application is partial,
maybe some arguments are missing.
File "riscv.ml", line 12339, characters 4-34:
12339 |     Softfloat.f64_to_i64 (zrm, zv);
            ^^^^^^^^^^^^^^^^^^^^^^^^^^^^^^
Warning 5 [ignored-partial-application]: this function application is partial,
maybe some arguments are missing.
File "riscv.ml", line 12345, characters 4-35:
12345 |     Softfloat.f64_to_ui64 (zrm, zv);
            ^^^^^^^^^^^^^^^^^^^^^^^^^^^^^^^
Warning 5 [ignored-partial-application]: this function application is partial,
maybe some arguments are missing.
File "riscv.ml", line 12351, characters 4-34:
12351 |     Softfloat.i64_to_f64 (zrm, zv);
            ^^^^^^^^^^^^^^^^^^^^^^^^^^^^^^
Warning 5 [ignored-partial-application]: this function application is partial,
maybe some arguments are missing.
File "riscv.ml", line 12357, characters 4-35:
12357 |     Softfloat.ui64_to_f64 (zrm, zv);
            ^^^^^^^^^^^^^^^^^^^^^^^^^^^^^^^
Warning 5 [ignored-partial-application]: this function application is partial,
maybe some arguments are missing.
File "riscv.ml", line 12363, characters 4-34:
12363 |     Softfloat.f16_to_f32 (zrm, zv);
            ^^^^^^^^^^^^^^^^^^^^^^^^^^^^^^
Warning 5 [ignored-partial-application]: this function application is partial,
maybe some arguments are missing.
File "riscv.ml", line 12369, characters 4-34:
12369 |     Softfloat.f16_to_f64 (zrm, zv);
            ^^^^^^^^^^^^^^^^^^^^^^^^^^^^^^
Warning 5 [ignored-partial-application]: this function application is partial,
maybe some arguments are missing.
File "riscv.ml", line 12375, characters 4-34:
12375 |     Softfloat.f32_to_f64 (zrm, zv);
            ^^^^^^^^^^^^^^^^^^^^^^^^^^^^^^
Warning 5 [ignored-partial-application]: this function application is partial,
maybe some arguments are missing.
File "riscv.ml", line 12381, characters 4-34:
12381 |     Softfloat.f32_to_f16 (zrm, zv);
            ^^^^^^^^^^^^^^^^^^^^^^^^^^^^^^
Warning 5 [ignored-partial-application]: this function application is partial,
maybe some arguments are missing.
File "riscv.ml", line 12387, characters 4-34:
12387 |     Softfloat.f64_to_f16 (zrm, zv);
            ^^^^^^^^^^^^^^^^^^^^^^^^^^^^^^
Warning 5 [ignored-partial-application]: this function application is partial,
maybe some arguments are missing.
File "riscv.ml", line 12393, characters 4-34:
12393 |     Softfloat.f64_to_f32 (zrm, zv);
            ^^^^^^^^^^^^^^^^^^^^^^^^^^^^^^
Warning 5 [ignored-partial-application]: this function application is partial,
maybe some arguments are missing.
File "riscv.ml", line 12399, characters 4-31:
12399 |     Softfloat.f16_lt (zv1, zv2);
            ^^^^^^^^^^^^^^^^^^^^^^^^^^^
Warning 5 [ignored-partial-application]: this function application is partial,
maybe some arguments are missing.
File "riscv.ml", line 12405, characters 4-37:
12405 |     Softfloat.f16_lt_quiet (zv1, zv2);
            ^^^^^^^^^^^^^^^^^^^^^^^^^^^^^^^^^
Warning 5 [ignored-partial-application]: this function application is partial,
maybe some arguments are missing.
File "riscv.ml", line 12411, characters 4-31:
12411 |     Softfloat.f16_le (zv1, zv2);
            ^^^^^^^^^^^^^^^^^^^^^^^^^^^
Warning 5 [ignored-partial-application]: this function application is partial,
maybe some arguments are missing.
File "riscv.ml", line 12417, characters 4-37:
12417 |     Softfloat.f16_le_quiet (zv1, zv2);
            ^^^^^^^^^^^^^^^^^^^^^^^^^^^^^^^^^
Warning 5 [ignored-partial-application]: this function application is partial,
maybe some arguments are missing.
File "riscv.ml", line 12423, characters 4-31:
12423 |     Softfloat.f16_eq (zv1, zv2);
            ^^^^^^^^^^^^^^^^^^^^^^^^^^^
Warning 5 [ignored-partial-application]: this function application is partial,
maybe some arguments are missing.
File "riscv.ml", line 12429, characters 4-31:
12429 |     Softfloat.f32_lt (zv1, zv2);
            ^^^^^^^^^^^^^^^^^^^^^^^^^^^
Warning 5 [ignored-partial-application]: this function application is partial,
maybe some arguments are missing.
File "riscv.ml", line 12435, characters 4-37:
12435 |     Softfloat.f32_lt_quiet (zv1, zv2);
            ^^^^^^^^^^^^^^^^^^^^^^^^^^^^^^^^^
Warning 5 [ignored-partial-application]: this function application is partial,
maybe some arguments are missing.
File "riscv.ml", line 12441, characters 4-31:
12441 |     Softfloat.f32_le (zv1, zv2);
            ^^^^^^^^^^^^^^^^^^^^^^^^^^^
Warning 5 [ignored-partial-application]: this function application is partial,
maybe some arguments are missing.
File "riscv.ml", line 12447, characters 4-37:
12447 |     Softfloat.f32_le_quiet (zv1, zv2);
            ^^^^^^^^^^^^^^^^^^^^^^^^^^^^^^^^^
Warning 5 [ignored-partial-application]: this function application is partial,
maybe some arguments are missing.
File "riscv.ml", line 12453, characters 4-31:
12453 |     Softfloat.f32_eq (zv1, zv2);
            ^^^^^^^^^^^^^^^^^^^^^^^^^^^
Warning 5 [ignored-partial-application]: this function application is partial,
maybe some arguments are missing.
File "riscv.ml", line 12459, characters 4-31:
12459 |     Softfloat.f64_lt (zv1, zv2);
            ^^^^^^^^^^^^^^^^^^^^^^^^^^^
Warning 5 [ignored-partial-application]: this function application is partial,
maybe some arguments are missing.
File "riscv.ml", line 12465, characters 4-37:
12465 |     Softfloat.f64_lt_quiet (zv1, zv2);
            ^^^^^^^^^^^^^^^^^^^^^^^^^^^^^^^^^
Warning 5 [ignored-partial-application]: this function application is partial,
maybe some arguments are missing.
File "riscv.ml", line 12471, characters 4-31:
12471 |     Softfloat.f64_le (zv1, zv2);
            ^^^^^^^^^^^^^^^^^^^^^^^^^^^
Warning 5 [ignored-partial-application]: this function application is partial,
maybe some arguments are missing.
File "riscv.ml", line 12477, characters 4-37:
12477 |     Softfloat.f64_le_quiet (zv1, zv2);
            ^^^^^^^^^^^^^^^^^^^^^^^^^^^^^^^^^
Warning 5 [ignored-partial-application]: this function application is partial,
maybe some arguments are missing.
File "riscv.ml", line 12483, characters 4-31:
12483 |     Softfloat.f64_eq (zv1, zv2);
            ^^^^^^^^^^^^^^^^^^^^^^^^^^^
Warning 5 [ignored-partial-application]: this function application is partial,
maybe some arguments are missing.
File "riscv.ml", line 12489, characters 4-48:
12489 |     Softfloat.f16_round_to_int (zrm, zv, zexact);
            ^^^^^^^^^^^^^^^^^^^^^^^^^^^^^^^^^^^^^^^^^^^^
Warning 5 [ignored-partial-application]: this function application is partial,
maybe some arguments are missing.
File "riscv.ml", line 12495, characters 4-48:
12495 |     Softfloat.f32_round_to_int (zrm, zv, zexact);
            ^^^^^^^^^^^^^^^^^^^^^^^^^^^^^^^^^^^^^^^^^^^^
Warning 5 [ignored-partial-application]: this function application is partial,
maybe some arguments are missing.
File "riscv.ml", line 12501, characters 4-48:
12501 |     Softfloat.f64_round_to_int (zrm, zv, zexact);
            ^^^^^^^^^^^^^^^^^^^^^^^^^^^^^^^^^^^^^^^^^^^^
Warning 5 [ignored-partial-application]: this function application is partial,
maybe some arguments are missing.
File "riscv.ml", line 12646, characters 19-31:
12646 |       | _ -> begin assert false; exit 0 end
                           ^^^^^^^^^^^^
Warning 21 [nonreturning-statement]: this statement never returns (or has an unsound type.)
+ ocamlfind ocamlc -c -annot -bin-annot -package lem -package linksem -package zarith -o riscv_ocaml_sim.cmo riscv_ocaml_sim.ml
+ ocamlfind ocamlopt -c -annot -bin-annot -package lem -package linksem -package zarith -o util.cmx util.ml
+ ocamlfind ocamlopt -c -annot -bin-annot -package lem -package linksem -package zarith -o sail_lib.cmx sail_lib.ml
+ ocamlfind ocamlopt -c -annot -bin-annot -package lem -package linksem -package zarith -o elf_loader.cmx elf_loader.ml
+ ocamlfind ocamlopt -c -annot -bin-annot -package lem -package linksem -package zarith -o platform_impl.cmx platform_impl.ml
+ ocamlfind ocamlopt -c -annot -bin-annot -package lem -package linksem -package zarith -o platform_impl.cmx platform_impl.ml
File "platform_impl.ml", line 185, characters 6-12:
185 |   let nbytes = Unix.read Unix.stdin buf 0 1 in
            ^^^^^^
Warning 26 [unused-var]: unused variable nbytes.
+ ocamlfind ocamlopt -c -annot -bin-annot -package lem -package linksem -package zarith -o platform.cmx platform.ml
+ ocamlfind ocamlopt -c -annot -bin-annot -package lem -package linksem -package zarith -o softfloat.cmx softfloat.ml
+ ocamlfind ocamlopt -c -annot -bin-annot -package lem -package linksem -package zarith -o riscv.cmx riscv.ml
+ ocamlfind ocamlopt -c -annot -bin-annot -package lem -package linksem -package zarith -o riscv.cmx riscv.ml
File "riscv.ml", line 3964, characters 8-20:
3964 |   begin assert false; exit 0 end)
               ^^^^^^^^^^^^
Warning 21 [nonreturning-statement]: this statement never returns (or has an unsound type.)
File "riscv.ml", line 6915, characters 17-29:
6915 |     | _ -> begin assert false; exit 0 end
                        ^^^^^^^^^^^^
Warning 21 [nonreturning-statement]: this statement never returns (or has an unsound type.)
File "riscv.ml", line 9374, characters 17-29:
9374 |     | _ -> begin assert false; exit 0 end
                        ^^^^^^^^^^^^
Warning 21 [nonreturning-statement]: this statement never returns (or has an unsound type.)
File "riscv.ml", line 9391, characters 8-92:
9391 |         zinternal_error ("model/riscv_sys_regs.sail", (Big_int.of_int (850)), "invalid SEW");
               ^^^^^^^^^^^^^^^^^^^^^^^^^^^^^^^^^^^^^^^^^^^^^^^^^^^^^^^^^^^^^^^^^^^^^^^^^^^^^^^^^^^^
Warning 21 [nonreturning-statement]: this statement never returns (or has an unsound type.)
File "riscv.ml", line 9409, characters 8-92:
9409 |         zinternal_error ("model/riscv_sys_regs.sail", (Big_int.of_int (861)), "invalid SEW");
               ^^^^^^^^^^^^^^^^^^^^^^^^^^^^^^^^^^^^^^^^^^^^^^^^^^^^^^^^^^^^^^^^^^^^^^^^^^^^^^^^^^^^
Warning 21 [nonreturning-statement]: this statement never returns (or has an unsound type.)
File "riscv.ml", line 9424, characters 17-29:
9424 |     | _ -> begin assert false; exit 0 end
                        ^^^^^^^^^^^^
Warning 21 [nonreturning-statement]: this statement never returns (or has an unsound type.)
File "riscv.ml", line 11508, characters 17-29:
11508 |     | _ -> begin assert false; exit 0 end
                         ^^^^^^^^^^^^
Warning 21 [nonreturning-statement]: this statement never returns (or has an unsound type.)
File "riscv.ml", line 12111, characters 4-37:
12111 |     Softfloat.f16_add (zrm, zv1, zv2);
            ^^^^^^^^^^^^^^^^^^^^^^^^^^^^^^^^^
Warning 5 [ignored-partial-application]: this function application is partial,
maybe some arguments are missing.
File "riscv.ml", line 12117, characters 4-37:
12117 |     Softfloat.f16_sub (zrm, zv1, zv2);
            ^^^^^^^^^^^^^^^^^^^^^^^^^^^^^^^^^
Warning 5 [ignored-partial-application]: this function application is partial,
maybe some arguments are missing.
File "riscv.ml", line 12123, characters 4-37:
12123 |     Softfloat.f16_mul (zrm, zv1, zv2);
            ^^^^^^^^^^^^^^^^^^^^^^^^^^^^^^^^^
Warning 5 [ignored-partial-application]: this function application is partial,
maybe some arguments are missing.
File "riscv.ml", line 12129, characters 4-37:
12129 |     Softfloat.f16_div (zrm, zv1, zv2);
            ^^^^^^^^^^^^^^^^^^^^^^^^^^^^^^^^^
Warning 5 [ignored-partial-application]: this function application is partial,
maybe some arguments are missing.
File "riscv.ml", line 12135, characters 4-37:
12135 |     Softfloat.f32_add (zrm, zv1, zv2);
            ^^^^^^^^^^^^^^^^^^^^^^^^^^^^^^^^^
Warning 5 [ignored-partial-application]: this function application is partial,
maybe some arguments are missing.
File "riscv.ml", line 12141, characters 4-37:
12141 |     Softfloat.f32_sub (zrm, zv1, zv2);
            ^^^^^^^^^^^^^^^^^^^^^^^^^^^^^^^^^
Warning 5 [ignored-partial-application]: this function application is partial,
maybe some arguments are missing.
File "riscv.ml", line 12147, characters 4-37:
12147 |     Softfloat.f32_mul (zrm, zv1, zv2);
            ^^^^^^^^^^^^^^^^^^^^^^^^^^^^^^^^^
Warning 5 [ignored-partial-application]: this function application is partial,
maybe some arguments are missing.
File "riscv.ml", line 12153, characters 4-37:
12153 |     Softfloat.f32_div (zrm, zv1, zv2);
            ^^^^^^^^^^^^^^^^^^^^^^^^^^^^^^^^^
Warning 5 [ignored-partial-application]: this function application is partial,
maybe some arguments are missing.
File "riscv.ml", line 12159, characters 4-37:
12159 |     Softfloat.f64_add (zrm, zv1, zv2);
            ^^^^^^^^^^^^^^^^^^^^^^^^^^^^^^^^^
Warning 5 [ignored-partial-application]: this function application is partial,
maybe some arguments are missing.
File "riscv.ml", line 12165, characters 4-37:
12165 |     Softfloat.f64_sub (zrm, zv1, zv2);
            ^^^^^^^^^^^^^^^^^^^^^^^^^^^^^^^^^
Warning 5 [ignored-partial-application]: this function application is partial,
maybe some arguments are missing.
File "riscv.ml", line 12171, characters 4-37:
12171 |     Softfloat.f64_mul (zrm, zv1, zv2);
            ^^^^^^^^^^^^^^^^^^^^^^^^^^^^^^^^^
Warning 5 [ignored-partial-application]: this function application is partial,
maybe some arguments are missing.
File "riscv.ml", line 12177, characters 4-37:
12177 |     Softfloat.f64_div (zrm, zv1, zv2);
            ^^^^^^^^^^^^^^^^^^^^^^^^^^^^^^^^^
Warning 5 [ignored-partial-application]: this function application is partial,
maybe some arguments are missing.
File "riscv.ml", line 12183, characters 4-45:
12183 |     Softfloat.f16_muladd (zrm, zv1, zv2, zv3);
            ^^^^^^^^^^^^^^^^^^^^^^^^^^^^^^^^^^^^^^^^^
Warning 5 [ignored-partial-application]: this function application is partial,
maybe some arguments are missing.
File "riscv.ml", line 12189, characters 4-45:
12189 |     Softfloat.f32_muladd (zrm, zv1, zv2, zv3);
            ^^^^^^^^^^^^^^^^^^^^^^^^^^^^^^^^^^^^^^^^^
Warning 5 [ignored-partial-application]: this function application is partial,
maybe some arguments are missing.
File "riscv.ml", line 12195, characters 4-45:
12195 |     Softfloat.f64_muladd (zrm, zv1, zv2, zv3);
            ^^^^^^^^^^^^^^^^^^^^^^^^^^^^^^^^^^^^^^^^^
Warning 5 [ignored-partial-application]: this function application is partial,
maybe some arguments are missing.
File "riscv.ml", line 12201, characters 4-32:
12201 |     Softfloat.f16_sqrt (zrm, zv);
            ^^^^^^^^^^^^^^^^^^^^^^^^^^^^
Warning 5 [ignored-partial-application]: this function application is partial,
maybe some arguments are missing.
File "riscv.ml", line 12207, characters 4-32:
12207 |     Softfloat.f32_sqrt (zrm, zv);
            ^^^^^^^^^^^^^^^^^^^^^^^^^^^^
Warning 5 [ignored-partial-application]: this function application is partial,
maybe some arguments are missing.
File "riscv.ml", line 12213, characters 4-32:
12213 |     Softfloat.f64_sqrt (zrm, zv);
            ^^^^^^^^^^^^^^^^^^^^^^^^^^^^
Warning 5 [ignored-partial-application]: this function application is partial,
maybe some arguments are missing.
File "riscv.ml", line 12219, characters 4-34:
12219 |     Softfloat.f16_to_i32 (zrm, zv);
            ^^^^^^^^^^^^^^^^^^^^^^^^^^^^^^
Warning 5 [ignored-partial-application]: this function application is partial,
maybe some arguments are missing.
File "riscv.ml", line 12225, characters 4-35:
12225 |     Softfloat.f16_to_ui32 (zrm, zv);
            ^^^^^^^^^^^^^^^^^^^^^^^^^^^^^^^
Warning 5 [ignored-partial-application]: this function application is partial,
maybe some arguments are missing.
File "riscv.ml", line 12231, characters 4-34:
12231 |     Softfloat.i32_to_f16 (zrm, zv);
            ^^^^^^^^^^^^^^^^^^^^^^^^^^^^^^
Warning 5 [ignored-partial-application]: this function application is partial,
maybe some arguments are missing.
File "riscv.ml", line 12237, characters 4-35:
12237 |     Softfloat.ui32_to_f16 (zrm, zv);
            ^^^^^^^^^^^^^^^^^^^^^^^^^^^^^^^
Warning 5 [ignored-partial-application]: this function application is partial,
maybe some arguments are missing.
File "riscv.ml", line 12243, characters 4-34:
12243 |     Softfloat.f16_to_i64 (zrm, zv);
            ^^^^^^^^^^^^^^^^^^^^^^^^^^^^^^
Warning 5 [ignored-partial-application]: this function application is partial,
maybe some arguments are missing.
File "riscv.ml", line 12249, characters 4-35:
12249 |     Softfloat.f16_to_ui64 (zrm, zv);
            ^^^^^^^^^^^^^^^^^^^^^^^^^^^^^^^
Warning 5 [ignored-partial-application]: this function application is partial,
maybe some arguments are missing.
File "riscv.ml", line 12255, characters 4-34:
12255 |     Softfloat.i64_to_f16 (zrm, zv);
            ^^^^^^^^^^^^^^^^^^^^^^^^^^^^^^
Warning 5 [ignored-partial-application]: this function application is partial,
maybe some arguments are missing.
File "riscv.ml", line 12261, characters 4-35:
12261 |     Softfloat.ui64_to_f16 (zrm, zv);
            ^^^^^^^^^^^^^^^^^^^^^^^^^^^^^^^
Warning 5 [ignored-partial-application]: this function application is partial,
maybe some arguments are missing.
File "riscv.ml", line 12267, characters 4-34:
12267 |     Softfloat.f32_to_i32 (zrm, zv);
            ^^^^^^^^^^^^^^^^^^^^^^^^^^^^^^
Warning 5 [ignored-partial-application]: this function application is partial,
maybe some arguments are missing.
File "riscv.ml", line 12273, characters 4-35:
12273 |     Softfloat.f32_to_ui32 (zrm, zv);
            ^^^^^^^^^^^^^^^^^^^^^^^^^^^^^^^
Warning 5 [ignored-partial-application]: this function application is partial,
maybe some arguments are missing.
File "riscv.ml", line 12279, characters 4-34:
12279 |     Softfloat.i32_to_f32 (zrm, zv);
            ^^^^^^^^^^^^^^^^^^^^^^^^^^^^^^
Warning 5 [ignored-partial-application]: this function application is partial,
maybe some arguments are missing.
File "riscv.ml", line 12285, characters 4-35:
12285 |     Softfloat.ui32_to_f32 (zrm, zv);
            ^^^^^^^^^^^^^^^^^^^^^^^^^^^^^^^
Warning 5 [ignored-partial-application]: this function application is partial,
maybe some arguments are missing.
File "riscv.ml", line 12291, characters 4-34:
12291 |     Softfloat.f32_to_i64 (zrm, zv);
            ^^^^^^^^^^^^^^^^^^^^^^^^^^^^^^
Warning 5 [ignored-partial-application]: this function application is partial,
maybe some arguments are missing.
File "riscv.ml", line 12297, characters 4-35:
12297 |     Softfloat.f32_to_ui64 (zrm, zv);
            ^^^^^^^^^^^^^^^^^^^^^^^^^^^^^^^
Warning 5 [ignored-partial-application]: this function application is partial,
maybe some arguments are missing.
File "riscv.ml", line 12303, characters 4-34:
12303 |     Softfloat.i64_to_f32 (zrm, zv);
            ^^^^^^^^^^^^^^^^^^^^^^^^^^^^^^
Warning 5 [ignored-partial-application]: this function application is partial,
maybe some arguments are missing.
File "riscv.ml", line 12309, characters 4-35:
12309 |     Softfloat.ui64_to_f32 (zrm, zv);
            ^^^^^^^^^^^^^^^^^^^^^^^^^^^^^^^
Warning 5 [ignored-partial-application]: this function application is partial,
maybe some arguments are missing.
File "riscv.ml", line 12315, characters 4-34:
12315 |     Softfloat.f64_to_i32 (zrm, zv);
            ^^^^^^^^^^^^^^^^^^^^^^^^^^^^^^
Warning 5 [ignored-partial-application]: this function application is partial,
maybe some arguments are missing.
File "riscv.ml", line 12321, characters 4-35:
12321 |     Softfloat.f64_to_ui32 (zrm, zv);
            ^^^^^^^^^^^^^^^^^^^^^^^^^^^^^^^
Warning 5 [ignored-partial-application]: this function application is partial,
maybe some arguments are missing.
File "riscv.ml", line 12327, characters 4-34:
12327 |     Softfloat.i32_to_f64 (zrm, zv);
            ^^^^^^^^^^^^^^^^^^^^^^^^^^^^^^
Warning 5 [ignored-partial-application]: this function application is partial,
maybe some arguments are missing.
File "riscv.ml", line 12333, characters 4-35:
12333 |     Softfloat.ui32_to_f64 (zrm, zv);
            ^^^^^^^^^^^^^^^^^^^^^^^^^^^^^^^
Warning 5 [ignored-partial-application]: this function application is partial,
maybe some arguments are missing.
File "riscv.ml", line 12339, characters 4-34:
12339 |     Softfloat.f64_to_i64 (zrm, zv);
            ^^^^^^^^^^^^^^^^^^^^^^^^^^^^^^
Warning 5 [ignored-partial-application]: this function application is partial,
maybe some arguments are missing.
File "riscv.ml", line 12345, characters 4-35:
12345 |     Softfloat.f64_to_ui64 (zrm, zv);
            ^^^^^^^^^^^^^^^^^^^^^^^^^^^^^^^
Warning 5 [ignored-partial-application]: this function application is partial,
maybe some arguments are missing.
File "riscv.ml", line 12351, characters 4-34:
12351 |     Softfloat.i64_to_f64 (zrm, zv);
            ^^^^^^^^^^^^^^^^^^^^^^^^^^^^^^
Warning 5 [ignored-partial-application]: this function application is partial,
maybe some arguments are missing.
File "riscv.ml", line 12357, characters 4-35:
12357 |     Softfloat.ui64_to_f64 (zrm, zv);
            ^^^^^^^^^^^^^^^^^^^^^^^^^^^^^^^
Warning 5 [ignored-partial-application]: this function application is partial,
maybe some arguments are missing.
File "riscv.ml", line 12363, characters 4-34:
12363 |     Softfloat.f16_to_f32 (zrm, zv);
            ^^^^^^^^^^^^^^^^^^^^^^^^^^^^^^
Warning 5 [ignored-partial-application]: this function application is partial,
maybe some arguments are missing.
File "riscv.ml", line 12369, characters 4-34:
12369 |     Softfloat.f16_to_f64 (zrm, zv);
            ^^^^^^^^^^^^^^^^^^^^^^^^^^^^^^
Warning 5 [ignored-partial-application]: this function application is partial,
maybe some arguments are missing.
File "riscv.ml", line 12375, characters 4-34:
12375 |     Softfloat.f32_to_f64 (zrm, zv);
            ^^^^^^^^^^^^^^^^^^^^^^^^^^^^^^
Warning 5 [ignored-partial-application]: this function application is partial,
maybe some arguments are missing.
File "riscv.ml", line 12381, characters 4-34:
12381 |     Softfloat.f32_to_f16 (zrm, zv);
            ^^^^^^^^^^^^^^^^^^^^^^^^^^^^^^
Warning 5 [ignored-partial-application]: this function application is partial,
maybe some arguments are missing.
File "riscv.ml", line 12387, characters 4-34:
12387 |     Softfloat.f64_to_f16 (zrm, zv);
            ^^^^^^^^^^^^^^^^^^^^^^^^^^^^^^
Warning 5 [ignored-partial-application]: this function application is partial,
maybe some arguments are missing.
File "riscv.ml", line 12393, characters 4-34:
12393 |     Softfloat.f64_to_f32 (zrm, zv);
            ^^^^^^^^^^^^^^^^^^^^^^^^^^^^^^
Warning 5 [ignored-partial-application]: this function application is partial,
maybe some arguments are missing.
File "riscv.ml", line 12399, characters 4-31:
12399 |     Softfloat.f16_lt (zv1, zv2);
            ^^^^^^^^^^^^^^^^^^^^^^^^^^^
Warning 5 [ignored-partial-application]: this function application is partial,
maybe some arguments are missing.
File "riscv.ml", line 12405, characters 4-37:
12405 |     Softfloat.f16_lt_quiet (zv1, zv2);
            ^^^^^^^^^^^^^^^^^^^^^^^^^^^^^^^^^
Warning 5 [ignored-partial-application]: this function application is partial,
maybe some arguments are missing.
File "riscv.ml", line 12411, characters 4-31:
12411 |     Softfloat.f16_le (zv1, zv2);
            ^^^^^^^^^^^^^^^^^^^^^^^^^^^
Warning 5 [ignored-partial-application]: this function application is partial,
maybe some arguments are missing.
File "riscv.ml", line 12417, characters 4-37:
12417 |     Softfloat.f16_le_quiet (zv1, zv2);
            ^^^^^^^^^^^^^^^^^^^^^^^^^^^^^^^^^
Warning 5 [ignored-partial-application]: this function application is partial,
maybe some arguments are missing.
File "riscv.ml", line 12423, characters 4-31:
12423 |     Softfloat.f16_eq (zv1, zv2);
            ^^^^^^^^^^^^^^^^^^^^^^^^^^^
Warning 5 [ignored-partial-application]: this function application is partial,
maybe some arguments are missing.
File "riscv.ml", line 12429, characters 4-31:
12429 |     Softfloat.f32_lt (zv1, zv2);
            ^^^^^^^^^^^^^^^^^^^^^^^^^^^
Warning 5 [ignored-partial-application]: this function application is partial,
maybe some arguments are missing.
File "riscv.ml", line 12435, characters 4-37:
12435 |     Softfloat.f32_lt_quiet (zv1, zv2);
            ^^^^^^^^^^^^^^^^^^^^^^^^^^^^^^^^^
Warning 5 [ignored-partial-application]: this function application is partial,
maybe some arguments are missing.
File "riscv.ml", line 12441, characters 4-31:
12441 |     Softfloat.f32_le (zv1, zv2);
            ^^^^^^^^^^^^^^^^^^^^^^^^^^^
Warning 5 [ignored-partial-application]: this function application is partial,
maybe some arguments are missing.
File "riscv.ml", line 12447, characters 4-37:
12447 |     Softfloat.f32_le_quiet (zv1, zv2);
            ^^^^^^^^^^^^^^^^^^^^^^^^^^^^^^^^^
Warning 5 [ignored-partial-application]: this function application is partial,
maybe some arguments are missing.
File "riscv.ml", line 12453, characters 4-31:
12453 |     Softfloat.f32_eq (zv1, zv2);
            ^^^^^^^^^^^^^^^^^^^^^^^^^^^
Warning 5 [ignored-partial-application]: this function application is partial,
maybe some arguments are missing.
File "riscv.ml", line 12459, characters 4-31:
12459 |     Softfloat.f64_lt (zv1, zv2);
            ^^^^^^^^^^^^^^^^^^^^^^^^^^^
Warning 5 [ignored-partial-application]: this function application is partial,
maybe some arguments are missing.
File "riscv.ml", line 12465, characters 4-37:
12465 |     Softfloat.f64_lt_quiet (zv1, zv2);
            ^^^^^^^^^^^^^^^^^^^^^^^^^^^^^^^^^
Warning 5 [ignored-partial-application]: this function application is partial,
maybe some arguments are missing.
File "riscv.ml", line 12471, characters 4-31:
12471 |     Softfloat.f64_le (zv1, zv2);
            ^^^^^^^^^^^^^^^^^^^^^^^^^^^
Warning 5 [ignored-partial-application]: this function application is partial,
maybe some arguments are missing.
File "riscv.ml", line 12477, characters 4-37:
12477 |     Softfloat.f64_le_quiet (zv1, zv2);
            ^^^^^^^^^^^^^^^^^^^^^^^^^^^^^^^^^
Warning 5 [ignored-partial-application]: this function application is partial,
maybe some arguments are missing.
File "riscv.ml", line 12483, characters 4-31:
12483 |     Softfloat.f64_eq (zv1, zv2);
            ^^^^^^^^^^^^^^^^^^^^^^^^^^^
Warning 5 [ignored-partial-application]: this function application is partial,
maybe some arguments are missing.
File "riscv.ml", line 12489, characters 4-48:
12489 |     Softfloat.f16_round_to_int (zrm, zv, zexact);
            ^^^^^^^^^^^^^^^^^^^^^^^^^^^^^^^^^^^^^^^^^^^^
Warning 5 [ignored-partial-application]: this function application is partial,
maybe some arguments are missing.
File "riscv.ml", line 12495, characters 4-48:
12495 |     Softfloat.f32_round_to_int (zrm, zv, zexact);
            ^^^^^^^^^^^^^^^^^^^^^^^^^^^^^^^^^^^^^^^^^^^^
Warning 5 [ignored-partial-application]: this function application is partial,
maybe some arguments are missing.
File "riscv.ml", line 12501, characters 4-48:
12501 |     Softfloat.f64_round_to_int (zrm, zv, zexact);
            ^^^^^^^^^^^^^^^^^^^^^^^^^^^^^^^^^^^^^^^^^^^^
Warning 5 [ignored-partial-application]: this function application is partial,
maybe some arguments are missing.
File "riscv.ml", line 12646, characters 19-31:
12646 |       | _ -> begin assert false; exit 0 end
                           ^^^^^^^^^^^^
Warning 21 [nonreturning-statement]: this statement never returns (or has an unsound type.)
+ ocamlfind ocamlopt -c -annot -bin-annot -package lem -package linksem -package zarith -o riscv_ocaml_sim.cmx riscv_ocaml_sim.ml
+ ocamlfind ocamlopt -linkpkg -package lem -package linksem -package zarith util.cmx sail_lib.cmx elf_loader.cmx platform_impl.cmx platform.cmx softfloat.cmx riscv.cmx riscv_ocaml_sim.cmx -o riscv_ocaml_sim.native
rm -f ocaml_emulator/riscv_ocaml_sim_RV64 && cp -L ocaml_emulator/_sbuild/riscv_ocaml_sim.native ocaml_emulator/riscv_ocaml_sim_RV64 && rm -f ocaml_emulator/_sbuild/riscv_ocaml_sim.native
Building 64-bit RISCV OCaml emulator: [0;92mok[0m
OCaml-64 rv64mi-p-access.elf: [0;91mfail[0m
OCaml-64 rv64mi-p-breakpoint.elf: [0;91mfail[0m
OCaml-64 rv64mi-p-csr.elf: [0;91mfail[0m
OCaml-64 rv64mi-p-illegal.elf: [0;91mfail[0m
OCaml-64 rv64mi-p-ma_addr.elf: [0;91mfail[0m
OCaml-64 rv64mi-p-ma_fetch.elf: [0;91mfail[0m
OCaml-64 rv64mi-p-mcsr.elf: [0;91mfail[0m
OCaml-64 rv64mi-p-sbreak.elf: [0;91mfail[0m
OCaml-64 rv64mi-p-scall.elf: [0;91mfail[0m
OCaml-64 rv64si-p-csr.elf: [0;91mfail[0m
OCaml-64 rv64si-p-dirty.elf: [0;91mfail[0m
OCaml-64 rv64si-p-ma_fetch.elf: [0;91mfail[0m
OCaml-64 rv64si-p-sbreak.elf: [0;91mfail[0m
OCaml-64 rv64si-p-scall.elf: [0;91mfail[0m
OCaml-64 rv64si-p-wfi.elf: [0;91mfail[0m
OCaml-64 rv64ua-p-amoadd_d.elf: [0;91mfail[0m
OCaml-64 rv64ua-p-amoadd_w.elf: [0;91mfail[0m
OCaml-64 rv64ua-p-amoand_d.elf: [0;91mfail[0m
OCaml-64 rv64ua-p-amoand_w.elf: [0;91mfail[0m
OCaml-64 rv64ua-p-amomax_d.elf: [0;91mfail[0m
OCaml-64 rv64ua-p-amomaxu_d.elf: [0;91mfail[0m
OCaml-64 rv64ua-p-amomaxu_w.elf: [0;91mfail[0m
OCaml-64 rv64ua-p-amomax_w.elf: [0;91mfail[0m
OCaml-64 rv64ua-p-amomin_d.elf: [0;91mfail[0m
OCaml-64 rv64ua-p-amominu_d.elf: [0;91mfail[0m
OCaml-64 rv64ua-p-amominu_w.elf: [0;91mfail[0m
OCaml-64 rv64ua-p-amomin_w.elf: [0;91mfail[0m
OCaml-64 rv64ua-p-amoor_d.elf: [0;91mfail[0m
OCaml-64 rv64ua-p-amoor_w.elf: [0;91mfail[0m
OCaml-64 rv64ua-p-amoswap_d.elf: [0;91mfail[0m
OCaml-64 rv64ua-p-amoswap_w.elf: [0;91mfail[0m
OCaml-64 rv64ua-p-amoxor_d.elf: [0;91mfail[0m
OCaml-64 rv64ua-p-amoxor_w.elf: [0;91mfail[0m
OCaml-64 rv64ua-p-lrsc.elf: [0;91mfail[0m
OCaml-64 rv64ua-v-amoadd_d.elf: [0;91mfail[0m
OCaml-64 rv64ua-v-amoadd_w.elf: [0;91mfail[0m
OCaml-64 rv64ua-v-amoand_d.elf: [0;91mfail[0m
OCaml-64 rv64ua-v-amoand_w.elf: [0;91mfail[0m
OCaml-64 rv64ua-v-amomax_d.elf: [0;91mfail[0m
OCaml-64 rv64ua-v-amomaxu_d.elf: [0;91mfail[0m
OCaml-64 rv64ua-v-amomaxu_w.elf: [0;91mfail[0m
OCaml-64 rv64ua-v-amomax_w.elf: [0;91mfail[0m
OCaml-64 rv64ua-v-amomin_d.elf: [0;91mfail[0m
OCaml-64 rv64ua-v-amominu_d.elf: [0;91mfail[0m
OCaml-64 rv64ua-v-amominu_w.elf: [0;91mfail[0m
OCaml-64 rv64ua-v-amomin_w.elf: [0;91mfail[0m
OCaml-64 rv64ua-v-amoor_d.elf: [0;91mfail[0m
OCaml-64 rv64ua-v-amoor_w.elf: [0;91mfail[0m
OCaml-64 rv64ua-v-amoswap_d.elf: [0;91mfail[0m
OCaml-64 rv64ua-v-amoswap_w.elf: [0;91mfail[0m
OCaml-64 rv64ua-v-amoxor_d.elf: [0;91mfail[0m
OCaml-64 rv64ua-v-amoxor_w.elf: [0;91mfail[0m
OCaml-64 rv64ua-v-lrsc.elf: [0;91mfail[0m
OCaml-64 rv64uc-p-rvc.elf: [0;91mfail[0m
OCaml-64 rv64uc-v-rvc.elf: [0;91mfail[0m
OCaml-64 rv64ui-p-add.elf: [0;91mfail[0m
OCaml-64 rv64ui-p-addi.elf: [0;91mfail[0m
OCaml-64 rv64ui-p-addiw.elf: [0;91mfail[0m
OCaml-64 rv64ui-p-addw.elf: [0;91mfail[0m
OCaml-64 rv64ui-p-and.elf: [0;91mfail[0m
OCaml-64 rv64ui-p-andi.elf: [0;91mfail[0m
OCaml-64 rv64ui-p-auipc.elf: [0;91mfail[0m
OCaml-64 rv64ui-p-beq.elf: [0;91mfail[0m
OCaml-64 rv64ui-p-bge.elf: [0;91mfail[0m
OCaml-64 rv64ui-p-bgeu.elf: [0;91mfail[0m
OCaml-64 rv64ui-p-blt.elf: [0;91mfail[0m
OCaml-64 rv64ui-p-bltu.elf: [0;91mfail[0m
OCaml-64 rv64ui-p-bne.elf: [0;91mfail[0m
OCaml-64 rv64ui-p-fence_i.elf: [0;91mfail[0m
OCaml-64 rv64ui-p-jal.elf: [0;91mfail[0m
OCaml-64 rv64ui-p-jalr.elf: [0;91mfail[0m
OCaml-64 rv64ui-p-lb.elf: [0;91mfail[0m
OCaml-64 rv64ui-p-lbu.elf: [0;91mfail[0m
OCaml-64 rv64ui-p-ld.elf: [0;91mfail[0m
OCaml-64 rv64ui-p-lh.elf: [0;91mfail[0m
OCaml-64 rv64ui-p-lhu.elf: [0;91mfail[0m
OCaml-64 rv64ui-p-lui.elf: [0;91mfail[0m
OCaml-64 rv64ui-p-lw.elf: [0;91mfail[0m
OCaml-64 rv64ui-p-lwu.elf: [0;91mfail[0m
OCaml-64 rv64ui-p-or.elf: [0;91mfail[0m
OCaml-64 rv64ui-p-ori.elf: [0;91mfail[0m
OCaml-64 rv64ui-p-sb.elf: [0;91mfail[0m
OCaml-64 rv64ui-p-sd.elf: [0;91mfail[0m
OCaml-64 rv64ui-p-sh.elf: [0;91mfail[0m
OCaml-64 rv64ui-p-simple.elf: [0;91mfail[0m
OCaml-64 rv64ui-p-sll.elf: [0;91mfail[0m
OCaml-64 rv64ui-p-slli.elf: [0;91mfail[0m
OCaml-64 rv64ui-p-slliw.elf: [0;91mfail[0m
OCaml-64 rv64ui-p-sllw.elf: [0;91mfail[0m
OCaml-64 rv64ui-p-slt.elf: [0;91mfail[0m
OCaml-64 rv64ui-p-slti.elf: [0;91mfail[0m
OCaml-64 rv64ui-p-sltiu.elf: [0;91mfail[0m
OCaml-64 rv64ui-p-sltu.elf: [0;91mfail[0m
OCaml-64 rv64ui-p-sra.elf: [0;91mfail[0m
OCaml-64 rv64ui-p-srai.elf: [0;91mfail[0m
OCaml-64 rv64ui-p-sraiw.elf: [0;91mfail[0m
OCaml-64 rv64ui-p-sraw.elf: [0;91mfail[0m
OCaml-64 rv64ui-p-srl.elf: [0;91mfail[0m
OCaml-64 rv64ui-p-srli.elf: [0;91mfail[0m
OCaml-64 rv64ui-p-srliw.elf: [0;91mfail[0m
OCaml-64 rv64ui-p-srlw.elf: [0;91mfail[0m
OCaml-64 rv64ui-p-sub.elf: [0;91mfail[0m
OCaml-64 rv64ui-p-subw.elf: [0;91mfail[0m
OCaml-64 rv64ui-p-sw.elf: [0;91mfail[0m
OCaml-64 rv64ui-p-xor.elf: [0;91mfail[0m
OCaml-64 rv64ui-p-xori.elf: [0;91mfail[0m
OCaml-64 rv64ui-v-add.elf: [0;91mfail[0m
OCaml-64 rv64ui-v-addi.elf: [0;91mfail[0m
OCaml-64 rv64ui-v-addiw.elf: [0;91mfail[0m
OCaml-64 rv64ui-v-addw.elf: [0;91mfail[0m
OCaml-64 rv64ui-v-and.elf: [0;91mfail[0m
OCaml-64 rv64ui-v-andi.elf: [0;91mfail[0m
OCaml-64 rv64ui-v-auipc.elf: [0;91mfail[0m
OCaml-64 rv64ui-v-beq.elf: [0;91mfail[0m
OCaml-64 rv64ui-v-bge.elf: [0;91mfail[0m
OCaml-64 rv64ui-v-bgeu.elf: [0;91mfail[0m
OCaml-64 rv64ui-v-blt.elf: [0;91mfail[0m
OCaml-64 rv64ui-v-bltu.elf: [0;91mfail[0m
OCaml-64 rv64ui-v-bne.elf: [0;91mfail[0m
OCaml-64 rv64ui-v-fence_i.elf: [0;91mfail[0m
OCaml-64 rv64ui-v-jal.elf: [0;91mfail[0m
OCaml-64 rv64ui-v-jalr.elf: [0;91mfail[0m
OCaml-64 rv64ui-v-lb.elf: [0;91mfail[0m
OCaml-64 rv64ui-v-lbu.elf: [0;91mfail[0m
OCaml-64 rv64ui-v-ld.elf: [0;91mfail[0m
OCaml-64 rv64ui-v-lh.elf: [0;91mfail[0m
OCaml-64 rv64ui-v-lhu.elf: [0;91mfail[0m
OCaml-64 rv64ui-v-lui.elf: [0;91mfail[0m
OCaml-64 rv64ui-v-lw.elf: [0;91mfail[0m
OCaml-64 rv64ui-v-lwu.elf: [0;91mfail[0m
OCaml-64 rv64ui-v-or.elf: [0;91mfail[0m
OCaml-64 rv64ui-v-ori.elf: [0;91mfail[0m
OCaml-64 rv64ui-v-sb.elf: [0;91mfail[0m
OCaml-64 rv64ui-v-sd.elf: [0;91mfail[0m
OCaml-64 rv64ui-v-sh.elf: [0;91mfail[0m
OCaml-64 rv64ui-v-simple.elf: [0;91mfail[0m
OCaml-64 rv64ui-v-sll.elf: [0;91mfail[0m
OCaml-64 rv64ui-v-slli.elf: [0;91mfail[0m
OCaml-64 rv64ui-v-slliw.elf: [0;91mfail[0m
OCaml-64 rv64ui-v-sllw.elf: [0;91mfail[0m
OCaml-64 rv64ui-v-slt.elf: [0;91mfail[0m
OCaml-64 rv64ui-v-slti.elf: [0;91mfail[0m
OCaml-64 rv64ui-v-sltiu.elf: [0;91mfail[0m
OCaml-64 rv64ui-v-sltu.elf: [0;91mfail[0m
OCaml-64 rv64ui-v-sra.elf: [0;91mfail[0m
OCaml-64 rv64ui-v-srai.elf: [0;91mfail[0m
OCaml-64 rv64ui-v-sraiw.elf: [0;91mfail[0m
OCaml-64 rv64ui-v-sraw.elf: [0;91mfail[0m
OCaml-64 rv64ui-v-srl.elf: [0;91mfail[0m
OCaml-64 rv64ui-v-srli.elf: [0;91mfail[0m
OCaml-64 rv64ui-v-srliw.elf: [0;91mfail[0m
OCaml-64 rv64ui-v-srlw.elf: [0;91mfail[0m
OCaml-64 rv64ui-v-sub.elf: [0;91mfail[0m
OCaml-64 rv64ui-v-subw.elf: [0;91mfail[0m
OCaml-64 rv64ui-v-sw.elf: [0;91mfail[0m
OCaml-64 rv64ui-v-xor.elf: [0;91mfail[0m
OCaml-64 rv64ui-v-xori.elf: [0;91mfail[0m
OCaml-64 rv64um-p-div.elf: [0;91mfail[0m
OCaml-64 rv64um-p-divu.elf: [0;91mfail[0m
OCaml-64 rv64um-p-divuw.elf: [0;91mfail[0m
OCaml-64 rv64um-p-divw.elf: [0;91mfail[0m
OCaml-64 rv64um-p-mul.elf: [0;91mfail[0m
OCaml-64 rv64um-p-mulh.elf: [0;91mfail[0m
OCaml-64 rv64um-p-mulhsu.elf: [0;91mfail[0m
OCaml-64 rv64um-p-mulhu.elf: [0;91mfail[0m
OCaml-64 rv64um-p-mulw.elf: [0;91mfail[0m
OCaml-64 rv64um-p-rem.elf: [0;91mfail[0m
OCaml-64 rv64um-p-remu.elf: [0;91mfail[0m
OCaml-64 rv64um-p-remuw.elf: [0;91mfail[0m
OCaml-64 rv64um-p-remw.elf: [0;91mfail[0m
OCaml-64 rv64um-v-div.elf: [0;91mfail[0m
OCaml-64 rv64um-v-divu.elf: [0;91mfail[0m
OCaml-64 rv64um-v-divuw.elf: [0;91mfail[0m
OCaml-64 rv64um-v-divw.elf: [0;91mfail[0m
OCaml-64 rv64um-v-mul.elf: [0;91mfail[0m
OCaml-64 rv64um-v-mulh.elf: [0;91mfail[0m
OCaml-64 rv64um-v-mulhsu.elf: [0;91mfail[0m
OCaml-64 rv64um-v-mulhu.elf: [0;91mfail[0m
OCaml-64 rv64um-v-mulw.elf: [0;91mfail[0m
OCaml-64 rv64um-v-rem.elf: [0;91mfail[0m
OCaml-64 rv64um-v-remu.elf: [0;91mfail[0m
OCaml-64 rv64um-v-remuw.elf: [0;91mfail[0m
OCaml-64 rv64um-v-remw.elf: [0;91mfail[0m
64-bit RISCV OCaml tests: Passed 1 out of 184

mkdir -p generated_definitions/c
sail -dno_cast -c_preserve _set_Misa_C -O -Oconstant_fold -memo_z3 -c -c_include riscv_prelude.h -c_include riscv_platform.h -c_no_main model/prelude.sail model/riscv_xlen64.sail model/riscv_flen_D.sail model/riscv_vlen.sail model/prelude_mem_metadata.sail model/prelude_mem.sail model/riscv_types_common.sail model/riscv_types_ext.sail model/riscv_types.sail model/riscv_vmem_types.sail model/riscv_reg_type.sail model/riscv_freg_type.sail model/riscv_regs.sail model/riscv_pc_access.sail model/riscv_sys_regs.sail model/riscv_pmp_regs.sail model/riscv_pmp_control.sail model/riscv_ext_regs.sail model/riscv_addr_checks_common.sail model/riscv_addr_checks.sail model/riscv_misa_ext.sail model/riscv_vreg_type.sail model/riscv_vext_regs.sail model/riscv_csr_map.sail model/riscv_vext_control.sail model/riscv_next_regs.sail model/riscv_sys_exceptions.sail model/riscv_sync_exception.sail model/riscv_next_control.sail model/riscv_softfloat_interface.sail model/riscv_fdext_regs.sail model/riscv_fdext_control.sail model/riscv_csr_ext.sail model/riscv_sys_control.sail model/riscv_platform.sail model/riscv_mem.sail model/riscv_vmem_common.sail model/riscv_vmem_pte.sail model/riscv_vmem_ptw.sail model/riscv_vmem_tlb.sail model/riscv_vmem.sail model/riscv_types_kext.sail model/riscv_insts_begin.sail model/riscv_insts_base.sail model/riscv_insts_aext.sail model/riscv_insts_cext.sail model/riscv_insts_mext.sail model/riscv_insts_zicsr.sail model/riscv_insts_next.sail model/riscv_insts_hints.sail model/riscv_insts_fext.sail model/riscv_insts_cfext.sail model/riscv_insts_dext.sail model/riscv_insts_cdext.sail model/riscv_insts_svinval.sail model/riscv_insts_zba.sail model/riscv_insts_zbb.sail model/riscv_insts_zbc.sail model/riscv_insts_zbs.sail model/riscv_insts_zcb.sail model/riscv_insts_zfh.sail model/riscv_insts_zfa.sail model/riscv_insts_zkn.sail model/riscv_insts_zks.sail model/riscv_insts_zbkb.sail model/riscv_insts_zbkx.sail model/riscv_insts_zicond.sail model/riscv_insts_vext_utils.sail model/riscv_insts_vext_fp_utils.sail model/riscv_insts_vext_vset.sail model/riscv_insts_vext_arith.sail model/riscv_insts_vext_fp.sail model/riscv_insts_vext_mem.sail model/riscv_insts_vext_mask.sail model/riscv_insts_vext_vm.sail model/riscv_insts_vext_fp_vm.sail model/riscv_insts_vext_red.sail model/riscv_insts_vext_fp_red.sail model/riscv_jalr_seq.sail model/riscv_insts_end.sail model/riscv_step_common.sail model/riscv_step_ext.sail model/riscv_decode_ext.sail model/riscv_fetch.sail model/riscv_step.sail model/main.sail -o generated_definitions/c/riscv_model_RV64
[93mWarning[0m: Deprecated [96mmodel/prelude.sail[0m:42.14-100:
42[96m |[0mval int_power = {ocaml: "int_power", interpreter: "int_power", lem: "pow", coq: "pow", c: "pow_int"} : (int, int) -> int
  [91m |[0m              [91m^------------------------------------------------------------------------------------^[0m
  [91m |[0m 
All external bindings should be marked as either monadic or pure

[93mWarning[0m: Duplicate function type definition for min_int
[96mmodel/prelude.sail[0m:58.4-11:
58[96m |[0mval min_int = {ocaml: "min_int", interpreter: "min_int", lem: "min", coq: "min_atom", c: "min_int"} : forall 'x 'y.
  [91m |[0m    [91m^-----^[0m
  [91m |[0m This duplicate definition is being ignored!
  [91m |[0m [96m/home/juancarlos/.opam/default/share/sail/lib/arith.sail[0m:217.4-11:
  [91m |[0m 217[96m |[0mval min_int = pure {lem: "integerMin", coq: "Z.min", _: "min_int"} : forall 'x 'y.
  [91m |[0m    [91m |[0m    [91m^-----^[0m [91mprevious definition here[0m
make SPECIALIZE_TYPE=RISCV -C c_emulator/SoftFloat-3e/build/Linux-RISCV-GCC
make[1]: se entra en el directorio '/home/juancarlos/Escritorio/riscv/sail-riscv/c_emulator/SoftFloat-3e/build/Linux-RISCV-GCC'
cc -c -Werror-implicit-function-declaration -DSOFTFLOAT_ROUND_ODD -I. -I../../source/RISCV -I../../source/include -O2 -o s_eq128.o ../../source/s_eq128.c
cc -c -Werror-implicit-function-declaration -DSOFTFLOAT_ROUND_ODD -I. -I../../source/RISCV -I../../source/include -O2 -o s_le128.o ../../source/s_le128.c
cc -c -Werror-implicit-function-declaration -DSOFTFLOAT_ROUND_ODD -I. -I../../source/RISCV -I../../source/include -O2 -o s_lt128.o ../../source/s_lt128.c
cc -c -Werror-implicit-function-declaration -DSOFTFLOAT_ROUND_ODD -I. -I../../source/RISCV -I../../source/include -O2 -o s_shortShiftLeft128.o ../../source/s_shortShiftLeft128.c
cc -c -Werror-implicit-function-declaration -DSOFTFLOAT_ROUND_ODD -I. -I../../source/RISCV -I../../source/include -O2 -o s_shortShiftRight128.o ../../source/s_shortShiftRight128.c
cc -c -Werror-implicit-function-declaration -DSOFTFLOAT_ROUND_ODD -I. -I../../source/RISCV -I../../source/include -O2 -o s_shortShiftRightJam64.o ../../source/s_shortShiftRightJam64.c
cc -c -Werror-implicit-function-declaration -DSOFTFLOAT_ROUND_ODD -I. -I../../source/RISCV -I../../source/include -O2 -o s_shortShiftRightJam64Extra.o ../../source/s_shortShiftRightJam64Extra.c
cc -c -Werror-implicit-function-declaration -DSOFTFLOAT_ROUND_ODD -I. -I../../source/RISCV -I../../source/include -O2 -o s_shortShiftRightJam128.o ../../source/s_shortShiftRightJam128.c
cc -c -Werror-implicit-function-declaration -DSOFTFLOAT_ROUND_ODD -I. -I../../source/RISCV -I../../source/include -O2 -o s_shortShiftRightJam128Extra.o ../../source/s_shortShiftRightJam128Extra.c
cc -c -Werror-implicit-function-declaration -DSOFTFLOAT_ROUND_ODD -I. -I../../source/RISCV -I../../source/include -O2 -o s_shiftRightJam32.o ../../source/s_shiftRightJam32.c
cc -c -Werror-implicit-function-declaration -DSOFTFLOAT_ROUND_ODD -I. -I../../source/RISCV -I../../source/include -O2 -o s_shiftRightJam64.o ../../source/s_shiftRightJam64.c
cc -c -Werror-implicit-function-declaration -DSOFTFLOAT_ROUND_ODD -I. -I../../source/RISCV -I../../source/include -O2 -o s_shiftRightJam64Extra.o ../../source/s_shiftRightJam64Extra.c
cc -c -Werror-implicit-function-declaration -DSOFTFLOAT_ROUND_ODD -I. -I../../source/RISCV -I../../source/include -O2 -o s_shiftRightJam128.o ../../source/s_shiftRightJam128.c
cc -c -Werror-implicit-function-declaration -DSOFTFLOAT_ROUND_ODD -I. -I../../source/RISCV -I../../source/include -O2 -o s_shiftRightJam128Extra.o ../../source/s_shiftRightJam128Extra.c
cc -c -Werror-implicit-function-declaration -DSOFTFLOAT_ROUND_ODD -I. -I../../source/RISCV -I../../source/include -O2 -o s_shiftRightJam256M.o ../../source/s_shiftRightJam256M.c
cc -c -Werror-implicit-function-declaration -DSOFTFLOAT_ROUND_ODD -I. -I../../source/RISCV -I../../source/include -O2 -o s_countLeadingZeros8.o ../../source/s_countLeadingZeros8.c
cc -c -Werror-implicit-function-declaration -DSOFTFLOAT_ROUND_ODD -I. -I../../source/RISCV -I../../source/include -O2 -o s_countLeadingZeros16.o ../../source/s_countLeadingZeros16.c
cc -c -Werror-implicit-function-declaration -DSOFTFLOAT_ROUND_ODD -I. -I../../source/RISCV -I../../source/include -O2 -o s_countLeadingZeros32.o ../../source/s_countLeadingZeros32.c
cc -c -Werror-implicit-function-declaration -DSOFTFLOAT_ROUND_ODD -I. -I../../source/RISCV -I../../source/include -O2 -o s_countLeadingZeros64.o ../../source/s_countLeadingZeros64.c
cc -c -Werror-implicit-function-declaration -DSOFTFLOAT_ROUND_ODD -I. -I../../source/RISCV -I../../source/include -O2 -o s_add128.o ../../source/s_add128.c
cc -c -Werror-implicit-function-declaration -DSOFTFLOAT_ROUND_ODD -I. -I../../source/RISCV -I../../source/include -O2 -o s_add256M.o ../../source/s_add256M.c
cc -c -Werror-implicit-function-declaration -DSOFTFLOAT_ROUND_ODD -I. -I../../source/RISCV -I../../source/include -O2 -o s_sub128.o ../../source/s_sub128.c
cc -c -Werror-implicit-function-declaration -DSOFTFLOAT_ROUND_ODD -I. -I../../source/RISCV -I../../source/include -O2 -o s_sub256M.o ../../source/s_sub256M.c
cc -c -Werror-implicit-function-declaration -DSOFTFLOAT_ROUND_ODD -I. -I../../source/RISCV -I../../source/include -O2 -o s_mul64ByShifted32To128.o ../../source/s_mul64ByShifted32To128.c
cc -c -Werror-implicit-function-declaration -DSOFTFLOAT_ROUND_ODD -I. -I../../source/RISCV -I../../source/include -O2 -o s_mul64To128.o ../../source/s_mul64To128.c
cc -c -Werror-implicit-function-declaration -DSOFTFLOAT_ROUND_ODD -I. -I../../source/RISCV -I../../source/include -O2 -o s_mul128By32.o ../../source/s_mul128By32.c
cc -c -Werror-implicit-function-declaration -DSOFTFLOAT_ROUND_ODD -I. -I../../source/RISCV -I../../source/include -O2 -o s_mul128To256M.o ../../source/s_mul128To256M.c
cc -c -Werror-implicit-function-declaration -DSOFTFLOAT_ROUND_ODD -I. -I../../source/RISCV -I../../source/include -O2 -o s_approxRecip_1Ks.o ../../source/s_approxRecip_1Ks.c
cc -c -Werror-implicit-function-declaration -DSOFTFLOAT_ROUND_ODD -I. -I../../source/RISCV -I../../source/include -O2 -o s_approxRecip32_1.o ../../source/s_approxRecip32_1.c
cc -c -Werror-implicit-function-declaration -DSOFTFLOAT_ROUND_ODD -I. -I../../source/RISCV -I../../source/include -O2 -o s_approxRecipSqrt_1Ks.o ../../source/s_approxRecipSqrt_1Ks.c
cc -c -Werror-implicit-function-declaration -DSOFTFLOAT_ROUND_ODD -I. -I../../source/RISCV -I../../source/include -O2 -o s_approxRecipSqrt32_1.o ../../source/s_approxRecipSqrt32_1.c
cc -c -Werror-implicit-function-declaration -DSOFTFLOAT_ROUND_ODD -I. -I../../source/RISCV -I../../source/include -O2 -o softfloat_raiseFlags.o ../../source/RISCV/softfloat_raiseFlags.c
cc -c -Werror-implicit-function-declaration -DSOFTFLOAT_ROUND_ODD -I. -I../../source/RISCV -I../../source/include -O2 -o s_propagateNaNF16UI.o ../../source/RISCV/s_propagateNaNF16UI.c
cc -c -Werror-implicit-function-declaration -DSOFTFLOAT_ROUND_ODD -I. -I../../source/RISCV -I../../source/include -O2 -o s_f32UIToCommonNaN.o ../../source/RISCV/s_f32UIToCommonNaN.c
cc -c -Werror-implicit-function-declaration -DSOFTFLOAT_ROUND_ODD -I. -I../../source/RISCV -I../../source/include -O2 -o s_commonNaNToF32UI.o ../../source/RISCV/s_commonNaNToF32UI.c
cc -c -Werror-implicit-function-declaration -DSOFTFLOAT_ROUND_ODD -I. -I../../source/RISCV -I../../source/include -O2 -o s_propagateNaNF32UI.o ../../source/RISCV/s_propagateNaNF32UI.c
cc -c -Werror-implicit-function-declaration -DSOFTFLOAT_ROUND_ODD -I. -I../../source/RISCV -I../../source/include -O2 -o s_f64UIToCommonNaN.o ../../source/RISCV/s_f64UIToCommonNaN.c
cc -c -Werror-implicit-function-declaration -DSOFTFLOAT_ROUND_ODD -I. -I../../source/RISCV -I../../source/include -O2 -o s_commonNaNToF64UI.o ../../source/RISCV/s_commonNaNToF64UI.c
cc -c -Werror-implicit-function-declaration -DSOFTFLOAT_ROUND_ODD -I. -I../../source/RISCV -I../../source/include -O2 -o s_propagateNaNF64UI.o ../../source/RISCV/s_propagateNaNF64UI.c
cc -c -Werror-implicit-function-declaration -DSOFTFLOAT_ROUND_ODD -I. -I../../source/RISCV -I../../source/include -O2 -o s_propagateNaNF128UI.o ../../source/RISCV/s_propagateNaNF128UI.c
cc -c -Werror-implicit-function-declaration -DSOFTFLOAT_ROUND_ODD -I. -I../../source/RISCV -I../../source/include -O2 -o s_roundToUI32.o ../../source/s_roundToUI32.c
cc -c -Werror-implicit-function-declaration -DSOFTFLOAT_ROUND_ODD -I. -I../../source/RISCV -I../../source/include -O2 -o s_roundToUI64.o ../../source/s_roundToUI64.c
cc -c -Werror-implicit-function-declaration -DSOFTFLOAT_ROUND_ODD -I. -I../../source/RISCV -I../../source/include -O2 -o s_roundToI32.o ../../source/s_roundToI32.c
cc -c -Werror-implicit-function-declaration -DSOFTFLOAT_ROUND_ODD -I. -I../../source/RISCV -I../../source/include -O2 -o s_roundToI64.o ../../source/s_roundToI64.c
cc -c -Werror-implicit-function-declaration -DSOFTFLOAT_ROUND_ODD -I. -I../../source/RISCV -I../../source/include -O2 -o s_normSubnormalF16Sig.o ../../source/s_normSubnormalF16Sig.c
cc -c -Werror-implicit-function-declaration -DSOFTFLOAT_ROUND_ODD -I. -I../../source/RISCV -I../../source/include -O2 -o s_roundPackToF16.o ../../source/s_roundPackToF16.c
cc -c -Werror-implicit-function-declaration -DSOFTFLOAT_ROUND_ODD -I. -I../../source/RISCV -I../../source/include -O2 -o s_normRoundPackToF16.o ../../source/s_normRoundPackToF16.c
cc -c -Werror-implicit-function-declaration -DSOFTFLOAT_ROUND_ODD -I. -I../../source/RISCV -I../../source/include -O2 -o s_addMagsF16.o ../../source/s_addMagsF16.c
cc -c -Werror-implicit-function-declaration -DSOFTFLOAT_ROUND_ODD -I. -I../../source/RISCV -I../../source/include -O2 -o s_subMagsF16.o ../../source/s_subMagsF16.c
cc -c -Werror-implicit-function-declaration -DSOFTFLOAT_ROUND_ODD -I. -I../../source/RISCV -I../../source/include -O2 -o s_mulAddF16.o ../../source/s_mulAddF16.c
cc -c -Werror-implicit-function-declaration -DSOFTFLOAT_ROUND_ODD -I. -I../../source/RISCV -I../../source/include -O2 -o s_normSubnormalF32Sig.o ../../source/s_normSubnormalF32Sig.c
cc -c -Werror-implicit-function-declaration -DSOFTFLOAT_ROUND_ODD -I. -I../../source/RISCV -I../../source/include -O2 -o s_roundPackToF32.o ../../source/s_roundPackToF32.c
cc -c -Werror-implicit-function-declaration -DSOFTFLOAT_ROUND_ODD -I. -I../../source/RISCV -I../../source/include -O2 -o s_normRoundPackToF32.o ../../source/s_normRoundPackToF32.c
cc -c -Werror-implicit-function-declaration -DSOFTFLOAT_ROUND_ODD -I. -I../../source/RISCV -I../../source/include -O2 -o s_addMagsF32.o ../../source/s_addMagsF32.c
cc -c -Werror-implicit-function-declaration -DSOFTFLOAT_ROUND_ODD -I. -I../../source/RISCV -I../../source/include -O2 -o s_subMagsF32.o ../../source/s_subMagsF32.c
cc -c -Werror-implicit-function-declaration -DSOFTFLOAT_ROUND_ODD -I. -I../../source/RISCV -I../../source/include -O2 -o s_mulAddF32.o ../../source/s_mulAddF32.c
cc -c -Werror-implicit-function-declaration -DSOFTFLOAT_ROUND_ODD -I. -I../../source/RISCV -I../../source/include -O2 -o s_normSubnormalF64Sig.o ../../source/s_normSubnormalF64Sig.c
cc -c -Werror-implicit-function-declaration -DSOFTFLOAT_ROUND_ODD -I. -I../../source/RISCV -I../../source/include -O2 -o s_roundPackToF64.o ../../source/s_roundPackToF64.c
cc -c -Werror-implicit-function-declaration -DSOFTFLOAT_ROUND_ODD -I. -I../../source/RISCV -I../../source/include -O2 -o s_normRoundPackToF64.o ../../source/s_normRoundPackToF64.c
cc -c -Werror-implicit-function-declaration -DSOFTFLOAT_ROUND_ODD -I. -I../../source/RISCV -I../../source/include -O2 -o s_addMagsF64.o ../../source/s_addMagsF64.c
cc -c -Werror-implicit-function-declaration -DSOFTFLOAT_ROUND_ODD -I. -I../../source/RISCV -I../../source/include -O2 -o s_subMagsF64.o ../../source/s_subMagsF64.c
cc -c -Werror-implicit-function-declaration -DSOFTFLOAT_ROUND_ODD -I. -I../../source/RISCV -I../../source/include -O2 -o s_mulAddF64.o ../../source/s_mulAddF64.c
cc -c -Werror-implicit-function-declaration -DSOFTFLOAT_ROUND_ODD -I. -I../../source/RISCV -I../../source/include -O2 -o s_normSubnormalExtF80Sig.o ../../source/s_normSubnormalExtF80Sig.c
cc -c -Werror-implicit-function-declaration -DSOFTFLOAT_ROUND_ODD -I. -I../../source/RISCV -I../../source/include -O2 -o s_roundPackToExtF80.o ../../source/s_roundPackToExtF80.c
cc -c -Werror-implicit-function-declaration -DSOFTFLOAT_ROUND_ODD -I. -I../../source/RISCV -I../../source/include -O2 -o s_normRoundPackToExtF80.o ../../source/s_normRoundPackToExtF80.c
cc -c -Werror-implicit-function-declaration -DSOFTFLOAT_ROUND_ODD -I. -I../../source/RISCV -I../../source/include -O2 -o s_addMagsExtF80.o ../../source/s_addMagsExtF80.c
cc -c -Werror-implicit-function-declaration -DSOFTFLOAT_ROUND_ODD -I. -I../../source/RISCV -I../../source/include -O2 -o s_subMagsExtF80.o ../../source/s_subMagsExtF80.c
cc -c -Werror-implicit-function-declaration -DSOFTFLOAT_ROUND_ODD -I. -I../../source/RISCV -I../../source/include -O2 -o s_normSubnormalF128Sig.o ../../source/s_normSubnormalF128Sig.c
cc -c -Werror-implicit-function-declaration -DSOFTFLOAT_ROUND_ODD -I. -I../../source/RISCV -I../../source/include -O2 -o s_roundPackToF128.o ../../source/s_roundPackToF128.c
cc -c -Werror-implicit-function-declaration -DSOFTFLOAT_ROUND_ODD -I. -I../../source/RISCV -I../../source/include -O2 -o s_normRoundPackToF128.o ../../source/s_normRoundPackToF128.c
cc -c -Werror-implicit-function-declaration -DSOFTFLOAT_ROUND_ODD -I. -I../../source/RISCV -I../../source/include -O2 -o s_addMagsF128.o ../../source/s_addMagsF128.c
cc -c -Werror-implicit-function-declaration -DSOFTFLOAT_ROUND_ODD -I. -I../../source/RISCV -I../../source/include -O2 -o s_subMagsF128.o ../../source/s_subMagsF128.c
cc -c -Werror-implicit-function-declaration -DSOFTFLOAT_ROUND_ODD -I. -I../../source/RISCV -I../../source/include -O2 -o s_mulAddF128.o ../../source/s_mulAddF128.c
cc -c -Werror-implicit-function-declaration -DSOFTFLOAT_ROUND_ODD -I. -I../../source/RISCV -I../../source/include -O2 -o softfloat_state.o ../../source/softfloat_state.c
cc -c -Werror-implicit-function-declaration -DSOFTFLOAT_ROUND_ODD -I. -I../../source/RISCV -I../../source/include -O2 -o ui32_to_f16.o ../../source/ui32_to_f16.c
cc -c -Werror-implicit-function-declaration -DSOFTFLOAT_ROUND_ODD -I. -I../../source/RISCV -I../../source/include -O2 -o ui32_to_f32.o ../../source/ui32_to_f32.c
cc -c -Werror-implicit-function-declaration -DSOFTFLOAT_ROUND_ODD -I. -I../../source/RISCV -I../../source/include -O2 -o ui32_to_f64.o ../../source/ui32_to_f64.c
cc -c -Werror-implicit-function-declaration -DSOFTFLOAT_ROUND_ODD -I. -I../../source/RISCV -I../../source/include -O2 -o ui32_to_extF80.o ../../source/ui32_to_extF80.c
cc -c -Werror-implicit-function-declaration -DSOFTFLOAT_ROUND_ODD -I. -I../../source/RISCV -I../../source/include -O2 -o ui32_to_extF80M.o ../../source/ui32_to_extF80M.c
cc -c -Werror-implicit-function-declaration -DSOFTFLOAT_ROUND_ODD -I. -I../../source/RISCV -I../../source/include -O2 -o ui32_to_f128.o ../../source/ui32_to_f128.c
cc -c -Werror-implicit-function-declaration -DSOFTFLOAT_ROUND_ODD -I. -I../../source/RISCV -I../../source/include -O2 -o ui32_to_f128M.o ../../source/ui32_to_f128M.c
cc -c -Werror-implicit-function-declaration -DSOFTFLOAT_ROUND_ODD -I. -I../../source/RISCV -I../../source/include -O2 -o ui64_to_f16.o ../../source/ui64_to_f16.c
cc -c -Werror-implicit-function-declaration -DSOFTFLOAT_ROUND_ODD -I. -I../../source/RISCV -I../../source/include -O2 -o ui64_to_f32.o ../../source/ui64_to_f32.c
cc -c -Werror-implicit-function-declaration -DSOFTFLOAT_ROUND_ODD -I. -I../../source/RISCV -I../../source/include -O2 -o ui64_to_f64.o ../../source/ui64_to_f64.c
cc -c -Werror-implicit-function-declaration -DSOFTFLOAT_ROUND_ODD -I. -I../../source/RISCV -I../../source/include -O2 -o ui64_to_extF80.o ../../source/ui64_to_extF80.c
cc -c -Werror-implicit-function-declaration -DSOFTFLOAT_ROUND_ODD -I. -I../../source/RISCV -I../../source/include -O2 -o ui64_to_extF80M.o ../../source/ui64_to_extF80M.c
cc -c -Werror-implicit-function-declaration -DSOFTFLOAT_ROUND_ODD -I. -I../../source/RISCV -I../../source/include -O2 -o ui64_to_f128.o ../../source/ui64_to_f128.c
cc -c -Werror-implicit-function-declaration -DSOFTFLOAT_ROUND_ODD -I. -I../../source/RISCV -I../../source/include -O2 -o ui64_to_f128M.o ../../source/ui64_to_f128M.c
cc -c -Werror-implicit-function-declaration -DSOFTFLOAT_ROUND_ODD -I. -I../../source/RISCV -I../../source/include -O2 -o i32_to_f16.o ../../source/i32_to_f16.c
cc -c -Werror-implicit-function-declaration -DSOFTFLOAT_ROUND_ODD -I. -I../../source/RISCV -I../../source/include -O2 -o i32_to_f32.o ../../source/i32_to_f32.c
cc -c -Werror-implicit-function-declaration -DSOFTFLOAT_ROUND_ODD -I. -I../../source/RISCV -I../../source/include -O2 -o i32_to_f64.o ../../source/i32_to_f64.c
cc -c -Werror-implicit-function-declaration -DSOFTFLOAT_ROUND_ODD -I. -I../../source/RISCV -I../../source/include -O2 -o i32_to_extF80.o ../../source/i32_to_extF80.c
cc -c -Werror-implicit-function-declaration -DSOFTFLOAT_ROUND_ODD -I. -I../../source/RISCV -I../../source/include -O2 -o i32_to_extF80M.o ../../source/i32_to_extF80M.c
cc -c -Werror-implicit-function-declaration -DSOFTFLOAT_ROUND_ODD -I. -I../../source/RISCV -I../../source/include -O2 -o i32_to_f128.o ../../source/i32_to_f128.c
cc -c -Werror-implicit-function-declaration -DSOFTFLOAT_ROUND_ODD -I. -I../../source/RISCV -I../../source/include -O2 -o i32_to_f128M.o ../../source/i32_to_f128M.c
cc -c -Werror-implicit-function-declaration -DSOFTFLOAT_ROUND_ODD -I. -I../../source/RISCV -I../../source/include -O2 -o i64_to_f16.o ../../source/i64_to_f16.c
cc -c -Werror-implicit-function-declaration -DSOFTFLOAT_ROUND_ODD -I. -I../../source/RISCV -I../../source/include -O2 -o i64_to_f32.o ../../source/i64_to_f32.c
cc -c -Werror-implicit-function-declaration -DSOFTFLOAT_ROUND_ODD -I. -I../../source/RISCV -I../../source/include -O2 -o i64_to_f64.o ../../source/i64_to_f64.c
cc -c -Werror-implicit-function-declaration -DSOFTFLOAT_ROUND_ODD -I. -I../../source/RISCV -I../../source/include -O2 -o i64_to_extF80.o ../../source/i64_to_extF80.c
cc -c -Werror-implicit-function-declaration -DSOFTFLOAT_ROUND_ODD -I. -I../../source/RISCV -I../../source/include -O2 -o i64_to_extF80M.o ../../source/i64_to_extF80M.c
cc -c -Werror-implicit-function-declaration -DSOFTFLOAT_ROUND_ODD -I. -I../../source/RISCV -I../../source/include -O2 -o i64_to_f128.o ../../source/i64_to_f128.c
cc -c -Werror-implicit-function-declaration -DSOFTFLOAT_ROUND_ODD -I. -I../../source/RISCV -I../../source/include -O2 -o i64_to_f128M.o ../../source/i64_to_f128M.c
cc -c -Werror-implicit-function-declaration -DSOFTFLOAT_ROUND_ODD -I. -I../../source/RISCV -I../../source/include -O2 -o f16_to_ui32.o ../../source/f16_to_ui32.c
cc -c -Werror-implicit-function-declaration -DSOFTFLOAT_ROUND_ODD -I. -I../../source/RISCV -I../../source/include -O2 -o f16_to_ui64.o ../../source/f16_to_ui64.c
cc -c -Werror-implicit-function-declaration -DSOFTFLOAT_ROUND_ODD -I. -I../../source/RISCV -I../../source/include -O2 -o f16_to_i32.o ../../source/f16_to_i32.c
cc -c -Werror-implicit-function-declaration -DSOFTFLOAT_ROUND_ODD -I. -I../../source/RISCV -I../../source/include -O2 -o f16_to_i64.o ../../source/f16_to_i64.c
cc -c -Werror-implicit-function-declaration -DSOFTFLOAT_ROUND_ODD -I. -I../../source/RISCV -I../../source/include -O2 -o f16_to_ui32_r_minMag.o ../../source/f16_to_ui32_r_minMag.c
cc -c -Werror-implicit-function-declaration -DSOFTFLOAT_ROUND_ODD -I. -I../../source/RISCV -I../../source/include -O2 -o f16_to_ui64_r_minMag.o ../../source/f16_to_ui64_r_minMag.c
cc -c -Werror-implicit-function-declaration -DSOFTFLOAT_ROUND_ODD -I. -I../../source/RISCV -I../../source/include -O2 -o f16_to_i32_r_minMag.o ../../source/f16_to_i32_r_minMag.c
cc -c -Werror-implicit-function-declaration -DSOFTFLOAT_ROUND_ODD -I. -I../../source/RISCV -I../../source/include -O2 -o f16_to_i64_r_minMag.o ../../source/f16_to_i64_r_minMag.c
cc -c -Werror-implicit-function-declaration -DSOFTFLOAT_ROUND_ODD -I. -I../../source/RISCV -I../../source/include -O2 -o f16_to_f32.o ../../source/f16_to_f32.c
cc -c -Werror-implicit-function-declaration -DSOFTFLOAT_ROUND_ODD -I. -I../../source/RISCV -I../../source/include -O2 -o f16_to_f64.o ../../source/f16_to_f64.c
cc -c -Werror-implicit-function-declaration -DSOFTFLOAT_ROUND_ODD -I. -I../../source/RISCV -I../../source/include -O2 -o f16_to_extF80.o ../../source/f16_to_extF80.c
cc -c -Werror-implicit-function-declaration -DSOFTFLOAT_ROUND_ODD -I. -I../../source/RISCV -I../../source/include -O2 -o f16_to_extF80M.o ../../source/f16_to_extF80M.c
cc -c -Werror-implicit-function-declaration -DSOFTFLOAT_ROUND_ODD -I. -I../../source/RISCV -I../../source/include -O2 -o f16_to_f128.o ../../source/f16_to_f128.c
cc -c -Werror-implicit-function-declaration -DSOFTFLOAT_ROUND_ODD -I. -I../../source/RISCV -I../../source/include -O2 -o f16_to_f128M.o ../../source/f16_to_f128M.c
cc -c -Werror-implicit-function-declaration -DSOFTFLOAT_ROUND_ODD -I. -I../../source/RISCV -I../../source/include -O2 -o f16_roundToInt.o ../../source/f16_roundToInt.c
cc -c -Werror-implicit-function-declaration -DSOFTFLOAT_ROUND_ODD -I. -I../../source/RISCV -I../../source/include -O2 -o f16_add.o ../../source/f16_add.c
cc -c -Werror-implicit-function-declaration -DSOFTFLOAT_ROUND_ODD -I. -I../../source/RISCV -I../../source/include -O2 -o f16_sub.o ../../source/f16_sub.c
cc -c -Werror-implicit-function-declaration -DSOFTFLOAT_ROUND_ODD -I. -I../../source/RISCV -I../../source/include -O2 -o f16_mul.o ../../source/f16_mul.c
cc -c -Werror-implicit-function-declaration -DSOFTFLOAT_ROUND_ODD -I. -I../../source/RISCV -I../../source/include -O2 -o f16_mulAdd.o ../../source/f16_mulAdd.c
cc -c -Werror-implicit-function-declaration -DSOFTFLOAT_ROUND_ODD -I. -I../../source/RISCV -I../../source/include -O2 -o f16_div.o ../../source/f16_div.c
cc -c -Werror-implicit-function-declaration -DSOFTFLOAT_ROUND_ODD -I. -I../../source/RISCV -I../../source/include -O2 -o f16_rem.o ../../source/f16_rem.c
cc -c -Werror-implicit-function-declaration -DSOFTFLOAT_ROUND_ODD -I. -I../../source/RISCV -I../../source/include -O2 -o f16_sqrt.o ../../source/f16_sqrt.c
cc -c -Werror-implicit-function-declaration -DSOFTFLOAT_ROUND_ODD -I. -I../../source/RISCV -I../../source/include -O2 -o f16_eq.o ../../source/f16_eq.c
cc -c -Werror-implicit-function-declaration -DSOFTFLOAT_ROUND_ODD -I. -I../../source/RISCV -I../../source/include -O2 -o f16_le.o ../../source/f16_le.c
cc -c -Werror-implicit-function-declaration -DSOFTFLOAT_ROUND_ODD -I. -I../../source/RISCV -I../../source/include -O2 -o f16_lt.o ../../source/f16_lt.c
cc -c -Werror-implicit-function-declaration -DSOFTFLOAT_ROUND_ODD -I. -I../../source/RISCV -I../../source/include -O2 -o f16_eq_signaling.o ../../source/f16_eq_signaling.c
cc -c -Werror-implicit-function-declaration -DSOFTFLOAT_ROUND_ODD -I. -I../../source/RISCV -I../../source/include -O2 -o f16_le_quiet.o ../../source/f16_le_quiet.c
cc -c -Werror-implicit-function-declaration -DSOFTFLOAT_ROUND_ODD -I. -I../../source/RISCV -I../../source/include -O2 -o f16_lt_quiet.o ../../source/f16_lt_quiet.c
cc -c -Werror-implicit-function-declaration -DSOFTFLOAT_ROUND_ODD -I. -I../../source/RISCV -I../../source/include -O2 -o f16_isSignalingNaN.o ../../source/f16_isSignalingNaN.c
cc -c -Werror-implicit-function-declaration -DSOFTFLOAT_ROUND_ODD -I. -I../../source/RISCV -I../../source/include -O2 -o f32_to_ui32.o ../../source/f32_to_ui32.c
cc -c -Werror-implicit-function-declaration -DSOFTFLOAT_ROUND_ODD -I. -I../../source/RISCV -I../../source/include -O2 -o f32_to_ui64.o ../../source/f32_to_ui64.c
cc -c -Werror-implicit-function-declaration -DSOFTFLOAT_ROUND_ODD -I. -I../../source/RISCV -I../../source/include -O2 -o f32_to_i32.o ../../source/f32_to_i32.c
cc -c -Werror-implicit-function-declaration -DSOFTFLOAT_ROUND_ODD -I. -I../../source/RISCV -I../../source/include -O2 -o f32_to_i64.o ../../source/f32_to_i64.c
cc -c -Werror-implicit-function-declaration -DSOFTFLOAT_ROUND_ODD -I. -I../../source/RISCV -I../../source/include -O2 -o f32_to_ui32_r_minMag.o ../../source/f32_to_ui32_r_minMag.c
cc -c -Werror-implicit-function-declaration -DSOFTFLOAT_ROUND_ODD -I. -I../../source/RISCV -I../../source/include -O2 -o f32_to_ui64_r_minMag.o ../../source/f32_to_ui64_r_minMag.c
cc -c -Werror-implicit-function-declaration -DSOFTFLOAT_ROUND_ODD -I. -I../../source/RISCV -I../../source/include -O2 -o f32_to_i32_r_minMag.o ../../source/f32_to_i32_r_minMag.c
cc -c -Werror-implicit-function-declaration -DSOFTFLOAT_ROUND_ODD -I. -I../../source/RISCV -I../../source/include -O2 -o f32_to_i64_r_minMag.o ../../source/f32_to_i64_r_minMag.c
cc -c -Werror-implicit-function-declaration -DSOFTFLOAT_ROUND_ODD -I. -I../../source/RISCV -I../../source/include -O2 -o f32_to_f16.o ../../source/f32_to_f16.c
cc -c -Werror-implicit-function-declaration -DSOFTFLOAT_ROUND_ODD -I. -I../../source/RISCV -I../../source/include -O2 -o f32_to_f64.o ../../source/f32_to_f64.c
cc -c -Werror-implicit-function-declaration -DSOFTFLOAT_ROUND_ODD -I. -I../../source/RISCV -I../../source/include -O2 -o f32_to_extF80.o ../../source/f32_to_extF80.c
cc -c -Werror-implicit-function-declaration -DSOFTFLOAT_ROUND_ODD -I. -I../../source/RISCV -I../../source/include -O2 -o f32_to_extF80M.o ../../source/f32_to_extF80M.c
cc -c -Werror-implicit-function-declaration -DSOFTFLOAT_ROUND_ODD -I. -I../../source/RISCV -I../../source/include -O2 -o f32_to_f128.o ../../source/f32_to_f128.c
cc -c -Werror-implicit-function-declaration -DSOFTFLOAT_ROUND_ODD -I. -I../../source/RISCV -I../../source/include -O2 -o f32_to_f128M.o ../../source/f32_to_f128M.c
cc -c -Werror-implicit-function-declaration -DSOFTFLOAT_ROUND_ODD -I. -I../../source/RISCV -I../../source/include -O2 -o f32_roundToInt.o ../../source/f32_roundToInt.c
cc -c -Werror-implicit-function-declaration -DSOFTFLOAT_ROUND_ODD -I. -I../../source/RISCV -I../../source/include -O2 -o f32_add.o ../../source/f32_add.c
cc -c -Werror-implicit-function-declaration -DSOFTFLOAT_ROUND_ODD -I. -I../../source/RISCV -I../../source/include -O2 -o f32_sub.o ../../source/f32_sub.c
cc -c -Werror-implicit-function-declaration -DSOFTFLOAT_ROUND_ODD -I. -I../../source/RISCV -I../../source/include -O2 -o f32_mul.o ../../source/f32_mul.c
cc -c -Werror-implicit-function-declaration -DSOFTFLOAT_ROUND_ODD -I. -I../../source/RISCV -I../../source/include -O2 -o f32_mulAdd.o ../../source/f32_mulAdd.c
cc -c -Werror-implicit-function-declaration -DSOFTFLOAT_ROUND_ODD -I. -I../../source/RISCV -I../../source/include -O2 -o f32_div.o ../../source/f32_div.c
cc -c -Werror-implicit-function-declaration -DSOFTFLOAT_ROUND_ODD -I. -I../../source/RISCV -I../../source/include -O2 -o f32_rem.o ../../source/f32_rem.c
cc -c -Werror-implicit-function-declaration -DSOFTFLOAT_ROUND_ODD -I. -I../../source/RISCV -I../../source/include -O2 -o f32_sqrt.o ../../source/f32_sqrt.c
cc -c -Werror-implicit-function-declaration -DSOFTFLOAT_ROUND_ODD -I. -I../../source/RISCV -I../../source/include -O2 -o f32_eq.o ../../source/f32_eq.c
cc -c -Werror-implicit-function-declaration -DSOFTFLOAT_ROUND_ODD -I. -I../../source/RISCV -I../../source/include -O2 -o f32_le.o ../../source/f32_le.c
cc -c -Werror-implicit-function-declaration -DSOFTFLOAT_ROUND_ODD -I. -I../../source/RISCV -I../../source/include -O2 -o f32_lt.o ../../source/f32_lt.c
cc -c -Werror-implicit-function-declaration -DSOFTFLOAT_ROUND_ODD -I. -I../../source/RISCV -I../../source/include -O2 -o f32_eq_signaling.o ../../source/f32_eq_signaling.c
cc -c -Werror-implicit-function-declaration -DSOFTFLOAT_ROUND_ODD -I. -I../../source/RISCV -I../../source/include -O2 -o f32_le_quiet.o ../../source/f32_le_quiet.c
cc -c -Werror-implicit-function-declaration -DSOFTFLOAT_ROUND_ODD -I. -I../../source/RISCV -I../../source/include -O2 -o f32_lt_quiet.o ../../source/f32_lt_quiet.c
cc -c -Werror-implicit-function-declaration -DSOFTFLOAT_ROUND_ODD -I. -I../../source/RISCV -I../../source/include -O2 -o f32_isSignalingNaN.o ../../source/f32_isSignalingNaN.c
cc -c -Werror-implicit-function-declaration -DSOFTFLOAT_ROUND_ODD -I. -I../../source/RISCV -I../../source/include -O2 -o f64_to_ui32.o ../../source/f64_to_ui32.c
cc -c -Werror-implicit-function-declaration -DSOFTFLOAT_ROUND_ODD -I. -I../../source/RISCV -I../../source/include -O2 -o f64_to_ui64.o ../../source/f64_to_ui64.c
cc -c -Werror-implicit-function-declaration -DSOFTFLOAT_ROUND_ODD -I. -I../../source/RISCV -I../../source/include -O2 -o f64_to_i32.o ../../source/f64_to_i32.c
cc -c -Werror-implicit-function-declaration -DSOFTFLOAT_ROUND_ODD -I. -I../../source/RISCV -I../../source/include -O2 -o f64_to_i64.o ../../source/f64_to_i64.c
cc -c -Werror-implicit-function-declaration -DSOFTFLOAT_ROUND_ODD -I. -I../../source/RISCV -I../../source/include -O2 -o f64_to_ui32_r_minMag.o ../../source/f64_to_ui32_r_minMag.c
cc -c -Werror-implicit-function-declaration -DSOFTFLOAT_ROUND_ODD -I. -I../../source/RISCV -I../../source/include -O2 -o f64_to_ui64_r_minMag.o ../../source/f64_to_ui64_r_minMag.c
cc -c -Werror-implicit-function-declaration -DSOFTFLOAT_ROUND_ODD -I. -I../../source/RISCV -I../../source/include -O2 -o f64_to_i32_r_minMag.o ../../source/f64_to_i32_r_minMag.c
cc -c -Werror-implicit-function-declaration -DSOFTFLOAT_ROUND_ODD -I. -I../../source/RISCV -I../../source/include -O2 -o f64_to_i64_r_minMag.o ../../source/f64_to_i64_r_minMag.c
cc -c -Werror-implicit-function-declaration -DSOFTFLOAT_ROUND_ODD -I. -I../../source/RISCV -I../../source/include -O2 -o f64_to_f16.o ../../source/f64_to_f16.c
cc -c -Werror-implicit-function-declaration -DSOFTFLOAT_ROUND_ODD -I. -I../../source/RISCV -I../../source/include -O2 -o f64_to_f32.o ../../source/f64_to_f32.c
cc -c -Werror-implicit-function-declaration -DSOFTFLOAT_ROUND_ODD -I. -I../../source/RISCV -I../../source/include -O2 -o f64_to_extF80.o ../../source/f64_to_extF80.c
cc -c -Werror-implicit-function-declaration -DSOFTFLOAT_ROUND_ODD -I. -I../../source/RISCV -I../../source/include -O2 -o f64_to_extF80M.o ../../source/f64_to_extF80M.c
cc -c -Werror-implicit-function-declaration -DSOFTFLOAT_ROUND_ODD -I. -I../../source/RISCV -I../../source/include -O2 -o f64_to_f128.o ../../source/f64_to_f128.c
cc -c -Werror-implicit-function-declaration -DSOFTFLOAT_ROUND_ODD -I. -I../../source/RISCV -I../../source/include -O2 -o f64_to_f128M.o ../../source/f64_to_f128M.c
cc -c -Werror-implicit-function-declaration -DSOFTFLOAT_ROUND_ODD -I. -I../../source/RISCV -I../../source/include -O2 -o f64_roundToInt.o ../../source/f64_roundToInt.c
cc -c -Werror-implicit-function-declaration -DSOFTFLOAT_ROUND_ODD -I. -I../../source/RISCV -I../../source/include -O2 -o f64_add.o ../../source/f64_add.c
cc -c -Werror-implicit-function-declaration -DSOFTFLOAT_ROUND_ODD -I. -I../../source/RISCV -I../../source/include -O2 -o f64_sub.o ../../source/f64_sub.c
cc -c -Werror-implicit-function-declaration -DSOFTFLOAT_ROUND_ODD -I. -I../../source/RISCV -I../../source/include -O2 -o f64_mul.o ../../source/f64_mul.c
cc -c -Werror-implicit-function-declaration -DSOFTFLOAT_ROUND_ODD -I. -I../../source/RISCV -I../../source/include -O2 -o f64_mulAdd.o ../../source/f64_mulAdd.c
cc -c -Werror-implicit-function-declaration -DSOFTFLOAT_ROUND_ODD -I. -I../../source/RISCV -I../../source/include -O2 -o f64_div.o ../../source/f64_div.c
cc -c -Werror-implicit-function-declaration -DSOFTFLOAT_ROUND_ODD -I. -I../../source/RISCV -I../../source/include -O2 -o f64_rem.o ../../source/f64_rem.c
cc -c -Werror-implicit-function-declaration -DSOFTFLOAT_ROUND_ODD -I. -I../../source/RISCV -I../../source/include -O2 -o f64_sqrt.o ../../source/f64_sqrt.c
cc -c -Werror-implicit-function-declaration -DSOFTFLOAT_ROUND_ODD -I. -I../../source/RISCV -I../../source/include -O2 -o f64_eq.o ../../source/f64_eq.c
cc -c -Werror-implicit-function-declaration -DSOFTFLOAT_ROUND_ODD -I. -I../../source/RISCV -I../../source/include -O2 -o f64_le.o ../../source/f64_le.c
cc -c -Werror-implicit-function-declaration -DSOFTFLOAT_ROUND_ODD -I. -I../../source/RISCV -I../../source/include -O2 -o f64_lt.o ../../source/f64_lt.c
cc -c -Werror-implicit-function-declaration -DSOFTFLOAT_ROUND_ODD -I. -I../../source/RISCV -I../../source/include -O2 -o f64_eq_signaling.o ../../source/f64_eq_signaling.c
cc -c -Werror-implicit-function-declaration -DSOFTFLOAT_ROUND_ODD -I. -I../../source/RISCV -I../../source/include -O2 -o f64_le_quiet.o ../../source/f64_le_quiet.c
cc -c -Werror-implicit-function-declaration -DSOFTFLOAT_ROUND_ODD -I. -I../../source/RISCV -I../../source/include -O2 -o f64_lt_quiet.o ../../source/f64_lt_quiet.c
cc -c -Werror-implicit-function-declaration -DSOFTFLOAT_ROUND_ODD -I. -I../../source/RISCV -I../../source/include -O2 -o f64_isSignalingNaN.o ../../source/f64_isSignalingNaN.c
cc -c -Werror-implicit-function-declaration -DSOFTFLOAT_ROUND_ODD -I. -I../../source/RISCV -I../../source/include -O2 -o extF80_to_ui32.o ../../source/extF80_to_ui32.c
cc -c -Werror-implicit-function-declaration -DSOFTFLOAT_ROUND_ODD -I. -I../../source/RISCV -I../../source/include -O2 -o extF80_to_ui64.o ../../source/extF80_to_ui64.c
cc -c -Werror-implicit-function-declaration -DSOFTFLOAT_ROUND_ODD -I. -I../../source/RISCV -I../../source/include -O2 -o extF80_to_i32.o ../../source/extF80_to_i32.c
cc -c -Werror-implicit-function-declaration -DSOFTFLOAT_ROUND_ODD -I. -I../../source/RISCV -I../../source/include -O2 -o extF80_to_i64.o ../../source/extF80_to_i64.c
cc -c -Werror-implicit-function-declaration -DSOFTFLOAT_ROUND_ODD -I. -I../../source/RISCV -I../../source/include -O2 -o extF80_to_ui32_r_minMag.o ../../source/extF80_to_ui32_r_minMag.c
cc -c -Werror-implicit-function-declaration -DSOFTFLOAT_ROUND_ODD -I. -I../../source/RISCV -I../../source/include -O2 -o extF80_to_ui64_r_minMag.o ../../source/extF80_to_ui64_r_minMag.c
cc -c -Werror-implicit-function-declaration -DSOFTFLOAT_ROUND_ODD -I. -I../../source/RISCV -I../../source/include -O2 -o extF80_to_i32_r_minMag.o ../../source/extF80_to_i32_r_minMag.c
cc -c -Werror-implicit-function-declaration -DSOFTFLOAT_ROUND_ODD -I. -I../../source/RISCV -I../../source/include -O2 -o extF80_to_i64_r_minMag.o ../../source/extF80_to_i64_r_minMag.c
cc -c -Werror-implicit-function-declaration -DSOFTFLOAT_ROUND_ODD -I. -I../../source/RISCV -I../../source/include -O2 -o extF80_to_f16.o ../../source/extF80_to_f16.c
cc -c -Werror-implicit-function-declaration -DSOFTFLOAT_ROUND_ODD -I. -I../../source/RISCV -I../../source/include -O2 -o extF80_to_f32.o ../../source/extF80_to_f32.c
cc -c -Werror-implicit-function-declaration -DSOFTFLOAT_ROUND_ODD -I. -I../../source/RISCV -I../../source/include -O2 -o extF80_to_f64.o ../../source/extF80_to_f64.c
cc -c -Werror-implicit-function-declaration -DSOFTFLOAT_ROUND_ODD -I. -I../../source/RISCV -I../../source/include -O2 -o extF80_to_f128.o ../../source/extF80_to_f128.c
cc -c -Werror-implicit-function-declaration -DSOFTFLOAT_ROUND_ODD -I. -I../../source/RISCV -I../../source/include -O2 -o extF80_roundToInt.o ../../source/extF80_roundToInt.c
cc -c -Werror-implicit-function-declaration -DSOFTFLOAT_ROUND_ODD -I. -I../../source/RISCV -I../../source/include -O2 -o extF80_add.o ../../source/extF80_add.c
cc -c -Werror-implicit-function-declaration -DSOFTFLOAT_ROUND_ODD -I. -I../../source/RISCV -I../../source/include -O2 -o extF80_sub.o ../../source/extF80_sub.c
cc -c -Werror-implicit-function-declaration -DSOFTFLOAT_ROUND_ODD -I. -I../../source/RISCV -I../../source/include -O2 -o extF80_mul.o ../../source/extF80_mul.c
cc -c -Werror-implicit-function-declaration -DSOFTFLOAT_ROUND_ODD -I. -I../../source/RISCV -I../../source/include -O2 -o extF80_div.o ../../source/extF80_div.c
cc -c -Werror-implicit-function-declaration -DSOFTFLOAT_ROUND_ODD -I. -I../../source/RISCV -I../../source/include -O2 -o extF80_rem.o ../../source/extF80_rem.c
cc -c -Werror-implicit-function-declaration -DSOFTFLOAT_ROUND_ODD -I. -I../../source/RISCV -I../../source/include -O2 -o extF80_sqrt.o ../../source/extF80_sqrt.c
cc -c -Werror-implicit-function-declaration -DSOFTFLOAT_ROUND_ODD -I. -I../../source/RISCV -I../../source/include -O2 -o extF80_eq.o ../../source/extF80_eq.c
cc -c -Werror-implicit-function-declaration -DSOFTFLOAT_ROUND_ODD -I. -I../../source/RISCV -I../../source/include -O2 -o extF80_le.o ../../source/extF80_le.c
cc -c -Werror-implicit-function-declaration -DSOFTFLOAT_ROUND_ODD -I. -I../../source/RISCV -I../../source/include -O2 -o extF80_lt.o ../../source/extF80_lt.c
cc -c -Werror-implicit-function-declaration -DSOFTFLOAT_ROUND_ODD -I. -I../../source/RISCV -I../../source/include -O2 -o extF80_eq_signaling.o ../../source/extF80_eq_signaling.c
cc -c -Werror-implicit-function-declaration -DSOFTFLOAT_ROUND_ODD -I. -I../../source/RISCV -I../../source/include -O2 -o extF80_le_quiet.o ../../source/extF80_le_quiet.c
cc -c -Werror-implicit-function-declaration -DSOFTFLOAT_ROUND_ODD -I. -I../../source/RISCV -I../../source/include -O2 -o extF80_lt_quiet.o ../../source/extF80_lt_quiet.c
cc -c -Werror-implicit-function-declaration -DSOFTFLOAT_ROUND_ODD -I. -I../../source/RISCV -I../../source/include -O2 -o extF80_isSignalingNaN.o ../../source/extF80_isSignalingNaN.c
cc -c -Werror-implicit-function-declaration -DSOFTFLOAT_ROUND_ODD -I. -I../../source/RISCV -I../../source/include -O2 -o extF80M_to_ui32.o ../../source/extF80M_to_ui32.c
cc -c -Werror-implicit-function-declaration -DSOFTFLOAT_ROUND_ODD -I. -I../../source/RISCV -I../../source/include -O2 -o extF80M_to_ui64.o ../../source/extF80M_to_ui64.c
cc -c -Werror-implicit-function-declaration -DSOFTFLOAT_ROUND_ODD -I. -I../../source/RISCV -I../../source/include -O2 -o extF80M_to_i32.o ../../source/extF80M_to_i32.c
cc -c -Werror-implicit-function-declaration -DSOFTFLOAT_ROUND_ODD -I. -I../../source/RISCV -I../../source/include -O2 -o extF80M_to_i64.o ../../source/extF80M_to_i64.c
cc -c -Werror-implicit-function-declaration -DSOFTFLOAT_ROUND_ODD -I. -I../../source/RISCV -I../../source/include -O2 -o extF80M_to_ui32_r_minMag.o ../../source/extF80M_to_ui32_r_minMag.c
cc -c -Werror-implicit-function-declaration -DSOFTFLOAT_ROUND_ODD -I. -I../../source/RISCV -I../../source/include -O2 -o extF80M_to_ui64_r_minMag.o ../../source/extF80M_to_ui64_r_minMag.c
cc -c -Werror-implicit-function-declaration -DSOFTFLOAT_ROUND_ODD -I. -I../../source/RISCV -I../../source/include -O2 -o extF80M_to_i32_r_minMag.o ../../source/extF80M_to_i32_r_minMag.c
cc -c -Werror-implicit-function-declaration -DSOFTFLOAT_ROUND_ODD -I. -I../../source/RISCV -I../../source/include -O2 -o extF80M_to_i64_r_minMag.o ../../source/extF80M_to_i64_r_minMag.c
cc -c -Werror-implicit-function-declaration -DSOFTFLOAT_ROUND_ODD -I. -I../../source/RISCV -I../../source/include -O2 -o extF80M_to_f16.o ../../source/extF80M_to_f16.c
cc -c -Werror-implicit-function-declaration -DSOFTFLOAT_ROUND_ODD -I. -I../../source/RISCV -I../../source/include -O2 -o extF80M_to_f32.o ../../source/extF80M_to_f32.c
cc -c -Werror-implicit-function-declaration -DSOFTFLOAT_ROUND_ODD -I. -I../../source/RISCV -I../../source/include -O2 -o extF80M_to_f64.o ../../source/extF80M_to_f64.c
cc -c -Werror-implicit-function-declaration -DSOFTFLOAT_ROUND_ODD -I. -I../../source/RISCV -I../../source/include -O2 -o extF80M_to_f128M.o ../../source/extF80M_to_f128M.c
cc -c -Werror-implicit-function-declaration -DSOFTFLOAT_ROUND_ODD -I. -I../../source/RISCV -I../../source/include -O2 -o extF80M_roundToInt.o ../../source/extF80M_roundToInt.c
cc -c -Werror-implicit-function-declaration -DSOFTFLOAT_ROUND_ODD -I. -I../../source/RISCV -I../../source/include -O2 -o extF80M_add.o ../../source/extF80M_add.c
cc -c -Werror-implicit-function-declaration -DSOFTFLOAT_ROUND_ODD -I. -I../../source/RISCV -I../../source/include -O2 -o extF80M_sub.o ../../source/extF80M_sub.c
cc -c -Werror-implicit-function-declaration -DSOFTFLOAT_ROUND_ODD -I. -I../../source/RISCV -I../../source/include -O2 -o extF80M_mul.o ../../source/extF80M_mul.c
cc -c -Werror-implicit-function-declaration -DSOFTFLOAT_ROUND_ODD -I. -I../../source/RISCV -I../../source/include -O2 -o extF80M_div.o ../../source/extF80M_div.c
cc -c -Werror-implicit-function-declaration -DSOFTFLOAT_ROUND_ODD -I. -I../../source/RISCV -I../../source/include -O2 -o extF80M_rem.o ../../source/extF80M_rem.c
cc -c -Werror-implicit-function-declaration -DSOFTFLOAT_ROUND_ODD -I. -I../../source/RISCV -I../../source/include -O2 -o extF80M_sqrt.o ../../source/extF80M_sqrt.c
cc -c -Werror-implicit-function-declaration -DSOFTFLOAT_ROUND_ODD -I. -I../../source/RISCV -I../../source/include -O2 -o extF80M_eq.o ../../source/extF80M_eq.c
cc -c -Werror-implicit-function-declaration -DSOFTFLOAT_ROUND_ODD -I. -I../../source/RISCV -I../../source/include -O2 -o extF80M_le.o ../../source/extF80M_le.c
cc -c -Werror-implicit-function-declaration -DSOFTFLOAT_ROUND_ODD -I. -I../../source/RISCV -I../../source/include -O2 -o extF80M_lt.o ../../source/extF80M_lt.c
cc -c -Werror-implicit-function-declaration -DSOFTFLOAT_ROUND_ODD -I. -I../../source/RISCV -I../../source/include -O2 -o extF80M_eq_signaling.o ../../source/extF80M_eq_signaling.c
cc -c -Werror-implicit-function-declaration -DSOFTFLOAT_ROUND_ODD -I. -I../../source/RISCV -I../../source/include -O2 -o extF80M_le_quiet.o ../../source/extF80M_le_quiet.c
cc -c -Werror-implicit-function-declaration -DSOFTFLOAT_ROUND_ODD -I. -I../../source/RISCV -I../../source/include -O2 -o extF80M_lt_quiet.o ../../source/extF80M_lt_quiet.c
cc -c -Werror-implicit-function-declaration -DSOFTFLOAT_ROUND_ODD -I. -I../../source/RISCV -I../../source/include -O2 -o f128_to_ui32.o ../../source/f128_to_ui32.c
cc -c -Werror-implicit-function-declaration -DSOFTFLOAT_ROUND_ODD -I. -I../../source/RISCV -I../../source/include -O2 -o f128_to_ui64.o ../../source/f128_to_ui64.c
cc -c -Werror-implicit-function-declaration -DSOFTFLOAT_ROUND_ODD -I. -I../../source/RISCV -I../../source/include -O2 -o f128_to_i32.o ../../source/f128_to_i32.c
cc -c -Werror-implicit-function-declaration -DSOFTFLOAT_ROUND_ODD -I. -I../../source/RISCV -I../../source/include -O2 -o f128_to_i64.o ../../source/f128_to_i64.c
cc -c -Werror-implicit-function-declaration -DSOFTFLOAT_ROUND_ODD -I. -I../../source/RISCV -I../../source/include -O2 -o f128_to_ui32_r_minMag.o ../../source/f128_to_ui32_r_minMag.c
cc -c -Werror-implicit-function-declaration -DSOFTFLOAT_ROUND_ODD -I. -I../../source/RISCV -I../../source/include -O2 -o f128_to_ui64_r_minMag.o ../../source/f128_to_ui64_r_minMag.c
cc -c -Werror-implicit-function-declaration -DSOFTFLOAT_ROUND_ODD -I. -I../../source/RISCV -I../../source/include -O2 -o f128_to_i32_r_minMag.o ../../source/f128_to_i32_r_minMag.c
cc -c -Werror-implicit-function-declaration -DSOFTFLOAT_ROUND_ODD -I. -I../../source/RISCV -I../../source/include -O2 -o f128_to_i64_r_minMag.o ../../source/f128_to_i64_r_minMag.c
cc -c -Werror-implicit-function-declaration -DSOFTFLOAT_ROUND_ODD -I. -I../../source/RISCV -I../../source/include -O2 -o f128_to_f16.o ../../source/f128_to_f16.c
cc -c -Werror-implicit-function-declaration -DSOFTFLOAT_ROUND_ODD -I. -I../../source/RISCV -I../../source/include -O2 -o f128_to_f32.o ../../source/f128_to_f32.c
cc -c -Werror-implicit-function-declaration -DSOFTFLOAT_ROUND_ODD -I. -I../../source/RISCV -I../../source/include -O2 -o f128_to_extF80.o ../../source/f128_to_extF80.c
cc -c -Werror-implicit-function-declaration -DSOFTFLOAT_ROUND_ODD -I. -I../../source/RISCV -I../../source/include -O2 -o f128_to_f64.o ../../source/f128_to_f64.c
cc -c -Werror-implicit-function-declaration -DSOFTFLOAT_ROUND_ODD -I. -I../../source/RISCV -I../../source/include -O2 -o f128_roundToInt.o ../../source/f128_roundToInt.c
cc -c -Werror-implicit-function-declaration -DSOFTFLOAT_ROUND_ODD -I. -I../../source/RISCV -I../../source/include -O2 -o f128_add.o ../../source/f128_add.c
cc -c -Werror-implicit-function-declaration -DSOFTFLOAT_ROUND_ODD -I. -I../../source/RISCV -I../../source/include -O2 -o f128_sub.o ../../source/f128_sub.c
cc -c -Werror-implicit-function-declaration -DSOFTFLOAT_ROUND_ODD -I. -I../../source/RISCV -I../../source/include -O2 -o f128_mul.o ../../source/f128_mul.c
cc -c -Werror-implicit-function-declaration -DSOFTFLOAT_ROUND_ODD -I. -I../../source/RISCV -I../../source/include -O2 -o f128_mulAdd.o ../../source/f128_mulAdd.c
cc -c -Werror-implicit-function-declaration -DSOFTFLOAT_ROUND_ODD -I. -I../../source/RISCV -I../../source/include -O2 -o f128_div.o ../../source/f128_div.c
cc -c -Werror-implicit-function-declaration -DSOFTFLOAT_ROUND_ODD -I. -I../../source/RISCV -I../../source/include -O2 -o f128_rem.o ../../source/f128_rem.c
cc -c -Werror-implicit-function-declaration -DSOFTFLOAT_ROUND_ODD -I. -I../../source/RISCV -I../../source/include -O2 -o f128_sqrt.o ../../source/f128_sqrt.c
cc -c -Werror-implicit-function-declaration -DSOFTFLOAT_ROUND_ODD -I. -I../../source/RISCV -I../../source/include -O2 -o f128_eq.o ../../source/f128_eq.c
cc -c -Werror-implicit-function-declaration -DSOFTFLOAT_ROUND_ODD -I. -I../../source/RISCV -I../../source/include -O2 -o f128_le.o ../../source/f128_le.c
cc -c -Werror-implicit-function-declaration -DSOFTFLOAT_ROUND_ODD -I. -I../../source/RISCV -I../../source/include -O2 -o f128_lt.o ../../source/f128_lt.c
cc -c -Werror-implicit-function-declaration -DSOFTFLOAT_ROUND_ODD -I. -I../../source/RISCV -I../../source/include -O2 -o f128_eq_signaling.o ../../source/f128_eq_signaling.c
cc -c -Werror-implicit-function-declaration -DSOFTFLOAT_ROUND_ODD -I. -I../../source/RISCV -I../../source/include -O2 -o f128_le_quiet.o ../../source/f128_le_quiet.c
cc -c -Werror-implicit-function-declaration -DSOFTFLOAT_ROUND_ODD -I. -I../../source/RISCV -I../../source/include -O2 -o f128_lt_quiet.o ../../source/f128_lt_quiet.c
cc -c -Werror-implicit-function-declaration -DSOFTFLOAT_ROUND_ODD -I. -I../../source/RISCV -I../../source/include -O2 -o f128_isSignalingNaN.o ../../source/f128_isSignalingNaN.c
cc -c -Werror-implicit-function-declaration -DSOFTFLOAT_ROUND_ODD -I. -I../../source/RISCV -I../../source/include -O2 -o f128M_to_ui32.o ../../source/f128M_to_ui32.c
cc -c -Werror-implicit-function-declaration -DSOFTFLOAT_ROUND_ODD -I. -I../../source/RISCV -I../../source/include -O2 -o f128M_to_ui64.o ../../source/f128M_to_ui64.c
cc -c -Werror-implicit-function-declaration -DSOFTFLOAT_ROUND_ODD -I. -I../../source/RISCV -I../../source/include -O2 -o f128M_to_i32.o ../../source/f128M_to_i32.c
cc -c -Werror-implicit-function-declaration -DSOFTFLOAT_ROUND_ODD -I. -I../../source/RISCV -I../../source/include -O2 -o f128M_to_i64.o ../../source/f128M_to_i64.c
cc -c -Werror-implicit-function-declaration -DSOFTFLOAT_ROUND_ODD -I. -I../../source/RISCV -I../../source/include -O2 -o f128M_to_ui32_r_minMag.o ../../source/f128M_to_ui32_r_minMag.c
cc -c -Werror-implicit-function-declaration -DSOFTFLOAT_ROUND_ODD -I. -I../../source/RISCV -I../../source/include -O2 -o f128M_to_ui64_r_minMag.o ../../source/f128M_to_ui64_r_minMag.c
cc -c -Werror-implicit-function-declaration -DSOFTFLOAT_ROUND_ODD -I. -I../../source/RISCV -I../../source/include -O2 -o f128M_to_i32_r_minMag.o ../../source/f128M_to_i32_r_minMag.c
cc -c -Werror-implicit-function-declaration -DSOFTFLOAT_ROUND_ODD -I. -I../../source/RISCV -I../../source/include -O2 -o f128M_to_i64_r_minMag.o ../../source/f128M_to_i64_r_minMag.c
cc -c -Werror-implicit-function-declaration -DSOFTFLOAT_ROUND_ODD -I. -I../../source/RISCV -I../../source/include -O2 -o f128M_to_f16.o ../../source/f128M_to_f16.c
cc -c -Werror-implicit-function-declaration -DSOFTFLOAT_ROUND_ODD -I. -I../../source/RISCV -I../../source/include -O2 -o f128M_to_f32.o ../../source/f128M_to_f32.c
cc -c -Werror-implicit-function-declaration -DSOFTFLOAT_ROUND_ODD -I. -I../../source/RISCV -I../../source/include -O2 -o f128M_to_extF80M.o ../../source/f128M_to_extF80M.c
cc -c -Werror-implicit-function-declaration -DSOFTFLOAT_ROUND_ODD -I. -I../../source/RISCV -I../../source/include -O2 -o f128M_to_f64.o ../../source/f128M_to_f64.c
cc -c -Werror-implicit-function-declaration -DSOFTFLOAT_ROUND_ODD -I. -I../../source/RISCV -I../../source/include -O2 -o f128M_roundToInt.o ../../source/f128M_roundToInt.c
cc -c -Werror-implicit-function-declaration -DSOFTFLOAT_ROUND_ODD -I. -I../../source/RISCV -I../../source/include -O2 -o f128M_add.o ../../source/f128M_add.c
cc -c -Werror-implicit-function-declaration -DSOFTFLOAT_ROUND_ODD -I. -I../../source/RISCV -I../../source/include -O2 -o f128M_sub.o ../../source/f128M_sub.c
cc -c -Werror-implicit-function-declaration -DSOFTFLOAT_ROUND_ODD -I. -I../../source/RISCV -I../../source/include -O2 -o f128M_mul.o ../../source/f128M_mul.c
cc -c -Werror-implicit-function-declaration -DSOFTFLOAT_ROUND_ODD -I. -I../../source/RISCV -I../../source/include -O2 -o f128M_mulAdd.o ../../source/f128M_mulAdd.c
cc -c -Werror-implicit-function-declaration -DSOFTFLOAT_ROUND_ODD -I. -I../../source/RISCV -I../../source/include -O2 -o f128M_div.o ../../source/f128M_div.c
cc -c -Werror-implicit-function-declaration -DSOFTFLOAT_ROUND_ODD -I. -I../../source/RISCV -I../../source/include -O2 -o f128M_rem.o ../../source/f128M_rem.c
cc -c -Werror-implicit-function-declaration -DSOFTFLOAT_ROUND_ODD -I. -I../../source/RISCV -I../../source/include -O2 -o f128M_sqrt.o ../../source/f128M_sqrt.c
cc -c -Werror-implicit-function-declaration -DSOFTFLOAT_ROUND_ODD -I. -I../../source/RISCV -I../../source/include -O2 -o f128M_eq.o ../../source/f128M_eq.c
cc -c -Werror-implicit-function-declaration -DSOFTFLOAT_ROUND_ODD -I. -I../../source/RISCV -I../../source/include -O2 -o f128M_le.o ../../source/f128M_le.c
cc -c -Werror-implicit-function-declaration -DSOFTFLOAT_ROUND_ODD -I. -I../../source/RISCV -I../../source/include -O2 -o f128M_lt.o ../../source/f128M_lt.c
cc -c -Werror-implicit-function-declaration -DSOFTFLOAT_ROUND_ODD -I. -I../../source/RISCV -I../../source/include -O2 -o f128M_eq_signaling.o ../../source/f128M_eq_signaling.c
cc -c -Werror-implicit-function-declaration -DSOFTFLOAT_ROUND_ODD -I. -I../../source/RISCV -I../../source/include -O2 -o f128M_le_quiet.o ../../source/f128M_le_quiet.c
cc -c -Werror-implicit-function-declaration -DSOFTFLOAT_ROUND_ODD -I. -I../../source/RISCV -I../../source/include -O2 -o f128M_lt_quiet.o ../../source/f128M_lt_quiet.c
rm -f softfloat.a
ar crs softfloat.a s_eq128.o s_le128.o s_lt128.o s_shortShiftLeft128.o s_shortShiftRight128.o s_shortShiftRightJam64.o s_shortShiftRightJam64Extra.o s_shortShiftRightJam128.o s_shortShiftRightJam128Extra.o s_shiftRightJam32.o s_shiftRightJam64.o s_shiftRightJam64Extra.o s_shiftRightJam128.o s_shiftRightJam128Extra.o s_shiftRightJam256M.o s_countLeadingZeros8.o s_countLeadingZeros16.o s_countLeadingZeros32.o s_countLeadingZeros64.o s_add128.o s_add256M.o s_sub128.o s_sub256M.o s_mul64ByShifted32To128.o s_mul64To128.o s_mul128By32.o s_mul128To256M.o s_approxRecip_1Ks.o s_approxRecip32_1.o s_approxRecipSqrt_1Ks.o s_approxRecipSqrt32_1.o softfloat_raiseFlags.o s_propagateNaNF16UI.o s_f32UIToCommonNaN.o s_commonNaNToF32UI.o s_propagateNaNF32UI.o s_f64UIToCommonNaN.o s_commonNaNToF64UI.o s_propagateNaNF64UI.o s_propagateNaNF128UI.o s_roundToUI32.o s_roundToUI64.o s_roundToI32.o s_roundToI64.o s_normSubnormalF16Sig.o s_roundPackToF16.o s_normRoundPackToF16.o s_addMagsF16.o s_subMagsF16.o s_mulAddF16.o s_normSubnormalF32Sig.o s_roundPackToF32.o s_normRoundPackToF32.o s_addMagsF32.o s_subMagsF32.o s_mulAddF32.o s_normSubnormalF64Sig.o s_roundPackToF64.o s_normRoundPackToF64.o s_addMagsF64.o s_subMagsF64.o s_mulAddF64.o s_normSubnormalExtF80Sig.o s_roundPackToExtF80.o s_normRoundPackToExtF80.o s_addMagsExtF80.o s_subMagsExtF80.o s_normSubnormalF128Sig.o s_roundPackToF128.o s_normRoundPackToF128.o s_addMagsF128.o s_subMagsF128.o s_mulAddF128.o softfloat_state.o ui32_to_f16.o ui32_to_f32.o ui32_to_f64.o ui32_to_extF80.o ui32_to_extF80M.o ui32_to_f128.o ui32_to_f128M.o ui64_to_f16.o ui64_to_f32.o ui64_to_f64.o ui64_to_extF80.o ui64_to_extF80M.o ui64_to_f128.o ui64_to_f128M.o i32_to_f16.o i32_to_f32.o i32_to_f64.o i32_to_extF80.o i32_to_extF80M.o i32_to_f128.o i32_to_f128M.o i64_to_f16.o i64_to_f32.o i64_to_f64.o i64_to_extF80.o i64_to_extF80M.o i64_to_f128.o i64_to_f128M.o f16_to_ui32.o f16_to_ui64.o f16_to_i32.o f16_to_i64.o f16_to_ui32_r_minMag.o f16_to_ui64_r_minMag.o f16_to_i32_r_minMag.o f16_to_i64_r_minMag.o f16_to_f32.o f16_to_f64.o f16_to_extF80.o f16_to_extF80M.o f16_to_f128.o f16_to_f128M.o f16_roundToInt.o f16_add.o f16_sub.o f16_mul.o f16_mulAdd.o f16_div.o f16_rem.o f16_sqrt.o f16_eq.o f16_le.o f16_lt.o f16_eq_signaling.o f16_le_quiet.o f16_lt_quiet.o f16_isSignalingNaN.o f32_to_ui32.o f32_to_ui64.o f32_to_i32.o f32_to_i64.o f32_to_ui32_r_minMag.o f32_to_ui64_r_minMag.o f32_to_i32_r_minMag.o f32_to_i64_r_minMag.o f32_to_f16.o f32_to_f64.o f32_to_extF80.o f32_to_extF80M.o f32_to_f128.o f32_to_f128M.o f32_roundToInt.o f32_add.o f32_sub.o f32_mul.o f32_mulAdd.o f32_div.o f32_rem.o f32_sqrt.o f32_eq.o f32_le.o f32_lt.o f32_eq_signaling.o f32_le_quiet.o f32_lt_quiet.o f32_isSignalingNaN.o f64_to_ui32.o f64_to_ui64.o f64_to_i32.o f64_to_i64.o f64_to_ui32_r_minMag.o f64_to_ui64_r_minMag.o f64_to_i32_r_minMag.o f64_to_i64_r_minMag.o f64_to_f16.o f64_to_f32.o f64_to_extF80.o f64_to_extF80M.o f64_to_f128.o f64_to_f128M.o f64_roundToInt.o f64_add.o f64_sub.o f64_mul.o f64_mulAdd.o f64_div.o f64_rem.o f64_sqrt.o f64_eq.o f64_le.o f64_lt.o f64_eq_signaling.o f64_le_quiet.o f64_lt_quiet.o f64_isSignalingNaN.o extF80_to_ui32.o extF80_to_ui64.o extF80_to_i32.o extF80_to_i64.o extF80_to_ui32_r_minMag.o extF80_to_ui64_r_minMag.o extF80_to_i32_r_minMag.o extF80_to_i64_r_minMag.o extF80_to_f16.o extF80_to_f32.o extF80_to_f64.o extF80_to_f128.o extF80_roundToInt.o extF80_add.o extF80_sub.o extF80_mul.o extF80_div.o extF80_rem.o extF80_sqrt.o extF80_eq.o extF80_le.o extF80_lt.o extF80_eq_signaling.o extF80_le_quiet.o extF80_lt_quiet.o extF80_isSignalingNaN.o extF80M_to_ui32.o extF80M_to_ui64.o extF80M_to_i32.o extF80M_to_i64.o extF80M_to_ui32_r_minMag.o extF80M_to_ui64_r_minMag.o extF80M_to_i32_r_minMag.o extF80M_to_i64_r_minMag.o extF80M_to_f16.o extF80M_to_f32.o extF80M_to_f64.o extF80M_to_f128M.o extF80M_roundToInt.o extF80M_add.o extF80M_sub.o extF80M_mul.o extF80M_div.o extF80M_rem.o extF80M_sqrt.o extF80M_eq.o extF80M_le.o extF80M_lt.o extF80M_eq_signaling.o extF80M_le_quiet.o extF80M_lt_quiet.o f128_to_ui32.o f128_to_ui64.o f128_to_i32.o f128_to_i64.o f128_to_ui32_r_minMag.o f128_to_ui64_r_minMag.o f128_to_i32_r_minMag.o f128_to_i64_r_minMag.o f128_to_f16.o f128_to_f32.o f128_to_extF80.o f128_to_f64.o f128_roundToInt.o f128_add.o f128_sub.o f128_mul.o f128_mulAdd.o f128_div.o f128_rem.o f128_sqrt.o f128_eq.o f128_le.o f128_lt.o f128_eq_signaling.o f128_le_quiet.o f128_lt_quiet.o f128_isSignalingNaN.o f128M_to_ui32.o f128M_to_ui64.o f128M_to_i32.o f128M_to_i64.o f128M_to_ui32_r_minMag.o f128M_to_ui64_r_minMag.o f128M_to_i32_r_minMag.o f128M_to_i64_r_minMag.o f128M_to_f16.o f128M_to_f32.o f128M_to_extF80M.o f128M_to_f64.o f128M_roundToInt.o f128M_add.o f128M_sub.o f128M_mul.o f128M_mulAdd.o f128M_div.o f128M_rem.o f128M_sqrt.o f128M_eq.o f128M_le.o f128M_lt.o f128M_eq_signaling.o f128M_le_quiet.o f128M_lt_quiet.o
make[1]: se sale del directorio '/home/juancarlos/Escritorio/riscv/sail-riscv/c_emulator/SoftFloat-3e/build/Linux-RISCV-GCC'
cc -g  -I /home/juancarlos/.opam/default/share/sail/lib -I c_emulator   -I c_emulator/SoftFloat-3e/source/include -O3 -flto=auto generated_definitions/c/riscv_model_RV64.c c_emulator/riscv_prelude.c c_emulator/riscv_platform_impl.c c_emulator/riscv_platform.c c_emulator/riscv_softfloat.c c_emulator/riscv_sim.c /home/juancarlos/.opam/default/share/sail/lib/*.c -lgmp -lz c_emulator/SoftFloat-3e/build/Linux-RISCV-GCC/softfloat.a -o c_emulator/riscv_sim_RV64
Building 64-bit RISCV C emulator: [0;92mok[0m
C-64 rv64mi-p-access.elf: [0;92mok[0m
C-64 rv64mi-p-breakpoint.elf: [0;92mok[0m
C-64 rv64mi-p-csr.elf: [0;92mok[0m
C-64 rv64mi-p-illegal.elf: [0;92mok[0m
C-64 rv64mi-p-ma_addr.elf: [0;92mok[0m
C-64 rv64mi-p-ma_fetch.elf: [0;92mok[0m
C-64 rv64mi-p-mcsr.elf: [0;92mok[0m
C-64 rv64mi-p-sbreak.elf: [0;92mok[0m
C-64 rv64mi-p-scall.elf: [0;92mok[0m
C-64 rv64si-p-csr.elf: [0;92mok[0m
C-64 rv64si-p-dirty.elf: [0;92mok[0m
C-64 rv64si-p-ma_fetch.elf: [0;92mok[0m
C-64 rv64si-p-sbreak.elf: [0;92mok[0m
C-64 rv64si-p-scall.elf: [0;92mok[0m
C-64 rv64si-p-wfi.elf: [0;92mok[0m
C-64 rv64ua-p-amoadd_d.elf: [0;92mok[0m
C-64 rv64ua-p-amoadd_w.elf: [0;92mok[0m
C-64 rv64ua-p-amoand_d.elf: [0;92mok[0m
C-64 rv64ua-p-amoand_w.elf: [0;92mok[0m
C-64 rv64ua-p-amomax_d.elf: [0;92mok[0m
C-64 rv64ua-p-amomaxu_d.elf: [0;92mok[0m
C-64 rv64ua-p-amomaxu_w.elf: [0;92mok[0m
C-64 rv64ua-p-amomax_w.elf: [0;92mok[0m
C-64 rv64ua-p-amomin_d.elf: [0;92mok[0m
C-64 rv64ua-p-amominu_d.elf: [0;92mok[0m
C-64 rv64ua-p-amominu_w.elf: [0;92mok[0m
C-64 rv64ua-p-amomin_w.elf: [0;92mok[0m
C-64 rv64ua-p-amoor_d.elf: [0;92mok[0m
C-64 rv64ua-p-amoor_w.elf: [0;92mok[0m
C-64 rv64ua-p-amoswap_d.elf: [0;92mok[0m
C-64 rv64ua-p-amoswap_w.elf: [0;92mok[0m
C-64 rv64ua-p-amoxor_d.elf: [0;92mok[0m
C-64 rv64ua-p-amoxor_w.elf: [0;92mok[0m
C-64 rv64ua-p-lrsc.elf: [0;92mok[0m
C-64 rv64ua-v-amoadd_d.elf: [0;92mok[0m
C-64 rv64ua-v-amoadd_w.elf: [0;92mok[0m
C-64 rv64ua-v-amoand_d.elf: [0;92mok[0m
C-64 rv64ua-v-amoand_w.elf: [0;92mok[0m
C-64 rv64ua-v-amomax_d.elf: [0;92mok[0m
C-64 rv64ua-v-amomaxu_d.elf: [0;92mok[0m
C-64 rv64ua-v-amomaxu_w.elf: [0;92mok[0m
C-64 rv64ua-v-amomax_w.elf: [0;92mok[0m
C-64 rv64ua-v-amomin_d.elf: [0;92mok[0m
C-64 rv64ua-v-amominu_d.elf: [0;92mok[0m
C-64 rv64ua-v-amominu_w.elf: [0;92mok[0m
C-64 rv64ua-v-amomin_w.elf: [0;92mok[0m
C-64 rv64ua-v-amoor_d.elf: [0;92mok[0m
C-64 rv64ua-v-amoor_w.elf: [0;92mok[0m
C-64 rv64ua-v-amoswap_d.elf: [0;92mok[0m
C-64 rv64ua-v-amoswap_w.elf: [0;92mok[0m
C-64 rv64ua-v-amoxor_d.elf: [0;92mok[0m
C-64 rv64ua-v-amoxor_w.elf: [0;92mok[0m
C-64 rv64ua-v-lrsc.elf: [0;92mok[0m
C-64 rv64uc-p-rvc.elf: [0;92mok[0m
C-64 rv64uc-v-rvc.elf: [0;92mok[0m
C-64 rv64ud-p-fadd.elf: [0;92mok[0m
C-64 rv64ud-p-fclass.elf: [0;92mok[0m
C-64 rv64ud-p-fcmp.elf: [0;92mok[0m
C-64 rv64ud-p-fcvt.elf: [0;92mok[0m
C-64 rv64ud-p-fcvt_w.elf: [0;92mok[0m
C-64 rv64ud-p-fdiv.elf: [0;92mok[0m
C-64 rv64ud-p-fmadd.elf: [0;92mok[0m
C-64 rv64ud-p-fmin.elf: [0;92mok[0m
C-64 rv64ud-p-ldst.elf: [0;92mok[0m
C-64 rv64ud-p-move.elf: [0;92mok[0m
C-64 rv64ud-p-recoding.elf: [0;92mok[0m
C-64 rv64ud-p-structural.elf: [0;92mok[0m
C-64 rv64ud-v-fadd.elf: [0;92mok[0m
C-64 rv64ud-v-fclass.elf: [0;92mok[0m
C-64 rv64ud-v-fcmp.elf: [0;92mok[0m
C-64 rv64ud-v-fcvt.elf: [0;92mok[0m
C-64 rv64ud-v-fcvt_w.elf: [0;92mok[0m
C-64 rv64ud-v-fdiv.elf: [0;92mok[0m
C-64 rv64ud-v-fmadd.elf: [0;92mok[0m
C-64 rv64ud-v-fmin.elf: [0;92mok[0m
C-64 rv64ud-v-ldst.elf: [0;92mok[0m
C-64 rv64ud-v-move.elf: [0;92mok[0m
C-64 rv64ud-v-recoding.elf: [0;92mok[0m
C-64 rv64ud-v-structural.elf: [0;92mok[0m
C-64 rv64uf-p-fadd.elf: [0;92mok[0m
C-64 rv64uf-p-fclass.elf: [0;92mok[0m
C-64 rv64uf-p-fcmp.elf: [0;92mok[0m
C-64 rv64uf-p-fcvt.elf: [0;92mok[0m
C-64 rv64uf-p-fcvt_w.elf: [0;92mok[0m
C-64 rv64uf-p-fdiv.elf: [0;92mok[0m
C-64 rv64uf-p-fmadd.elf: [0;92mok[0m
C-64 rv64uf-p-fmin.elf: [0;92mok[0m
C-64 rv64uf-p-ldst.elf: [0;92mok[0m
C-64 rv64uf-p-move.elf: [0;92mok[0m
C-64 rv64uf-p-recoding.elf: [0;92mok[0m
C-64 rv64uf-v-fadd.elf: [0;92mok[0m
C-64 rv64uf-v-fclass.elf: [0;92mok[0m
C-64 rv64uf-v-fcmp.elf: [0;92mok[0m
C-64 rv64uf-v-fcvt.elf: [0;92mok[0m
C-64 rv64uf-v-fcvt_w.elf: [0;92mok[0m
C-64 rv64uf-v-fdiv.elf: [0;92mok[0m
C-64 rv64uf-v-fmadd.elf: [0;92mok[0m
C-64 rv64uf-v-fmin.elf: [0;92mok[0m
C-64 rv64uf-v-ldst.elf: [0;92mok[0m
C-64 rv64uf-v-move.elf: [0;92mok[0m
C-64 rv64uf-v-recoding.elf: [0;92mok[0m
C-64 rv64ui-p-add.elf: [0;92mok[0m
C-64 rv64ui-p-addi.elf: [0;92mok[0m
C-64 rv64ui-p-addiw.elf: [0;92mok[0m
C-64 rv64ui-p-addw.elf: [0;92mok[0m
C-64 rv64ui-p-and.elf: [0;92mok[0m
C-64 rv64ui-p-andi.elf: [0;92mok[0m
C-64 rv64ui-p-auipc.elf: [0;92mok[0m
C-64 rv64ui-p-beq.elf: [0;92mok[0m
C-64 rv64ui-p-bge.elf: [0;92mok[0m
C-64 rv64ui-p-bgeu.elf: [0;92mok[0m
C-64 rv64ui-p-blt.elf: [0;92mok[0m
C-64 rv64ui-p-bltu.elf: [0;92mok[0m
C-64 rv64ui-p-bne.elf: [0;92mok[0m
C-64 rv64ui-p-fence_i.elf: [0;92mok[0m
C-64 rv64ui-p-jal.elf: [0;92mok[0m
C-64 rv64ui-p-jalr.elf: [0;92mok[0m
C-64 rv64ui-p-lb.elf: [0;92mok[0m
C-64 rv64ui-p-lbu.elf: [0;92mok[0m
C-64 rv64ui-p-ld.elf: [0;92mok[0m
C-64 rv64ui-p-lh.elf: [0;92mok[0m
C-64 rv64ui-p-lhu.elf: [0;92mok[0m
C-64 rv64ui-p-lui.elf: [0;92mok[0m
C-64 rv64ui-p-lw.elf: [0;92mok[0m
C-64 rv64ui-p-lwu.elf: [0;92mok[0m
C-64 rv64ui-p-or.elf: [0;92mok[0m
C-64 rv64ui-p-ori.elf: [0;92mok[0m
C-64 rv64ui-p-sb.elf: [0;92mok[0m
C-64 rv64ui-p-sd.elf: [0;92mok[0m
C-64 rv64ui-p-sh.elf: [0;92mok[0m
C-64 rv64ui-p-simple.elf: [0;92mok[0m
C-64 rv64ui-p-sll.elf: [0;92mok[0m
C-64 rv64ui-p-slli.elf: [0;92mok[0m
C-64 rv64ui-p-slliw.elf: [0;92mok[0m
C-64 rv64ui-p-sllw.elf: [0;92mok[0m
C-64 rv64ui-p-slt.elf: [0;92mok[0m
C-64 rv64ui-p-slti.elf: [0;92mok[0m
C-64 rv64ui-p-sltiu.elf: [0;92mok[0m
C-64 rv64ui-p-sltu.elf: [0;92mok[0m
C-64 rv64ui-p-sra.elf: [0;92mok[0m
C-64 rv64ui-p-srai.elf: [0;92mok[0m
C-64 rv64ui-p-sraiw.elf: [0;92mok[0m
C-64 rv64ui-p-sraw.elf: [0;92mok[0m
C-64 rv64ui-p-srl.elf: [0;92mok[0m
C-64 rv64ui-p-srli.elf: [0;92mok[0m
C-64 rv64ui-p-srliw.elf: [0;92mok[0m
C-64 rv64ui-p-srlw.elf: [0;92mok[0m
C-64 rv64ui-p-sub.elf: [0;92mok[0m
C-64 rv64ui-p-subw.elf: [0;92mok[0m
C-64 rv64ui-p-sw.elf: [0;92mok[0m
C-64 rv64ui-p-xor.elf: [0;92mok[0m
C-64 rv64ui-p-xori.elf: [0;92mok[0m
C-64 rv64ui-v-add.elf: [0;92mok[0m
C-64 rv64ui-v-addi.elf: [0;92mok[0m
C-64 rv64ui-v-addiw.elf: [0;92mok[0m
C-64 rv64ui-v-addw.elf: [0;92mok[0m
C-64 rv64ui-v-and.elf: [0;92mok[0m
C-64 rv64ui-v-andi.elf: [0;92mok[0m
C-64 rv64ui-v-auipc.elf: [0;92mok[0m
C-64 rv64ui-v-beq.elf: [0;92mok[0m
C-64 rv64ui-v-bge.elf: [0;92mok[0m
C-64 rv64ui-v-bgeu.elf: [0;92mok[0m
C-64 rv64ui-v-blt.elf: [0;92mok[0m
C-64 rv64ui-v-bltu.elf: [0;92mok[0m
C-64 rv64ui-v-bne.elf: [0;92mok[0m
C-64 rv64ui-v-fence_i.elf: [0;92mok[0m
C-64 rv64ui-v-jal.elf: [0;92mok[0m
C-64 rv64ui-v-jalr.elf: [0;92mok[0m
C-64 rv64ui-v-lb.elf: [0;92mok[0m
C-64 rv64ui-v-lbu.elf: [0;92mok[0m
C-64 rv64ui-v-ld.elf: [0;92mok[0m
C-64 rv64ui-v-lh.elf: [0;92mok[0m
C-64 rv64ui-v-lhu.elf: [0;92mok[0m
C-64 rv64ui-v-lui.elf: [0;92mok[0m
C-64 rv64ui-v-lw.elf: [0;92mok[0m
C-64 rv64ui-v-lwu.elf: [0;92mok[0m
C-64 rv64ui-v-or.elf: [0;92mok[0m
C-64 rv64ui-v-ori.elf: [0;92mok[0m
C-64 rv64ui-v-sb.elf: [0;92mok[0m
C-64 rv64ui-v-sd.elf: [0;92mok[0m
C-64 rv64ui-v-sh.elf: [0;92mok[0m
C-64 rv64ui-v-simple.elf: [0;92mok[0m
C-64 rv64ui-v-sll.elf: [0;92mok[0m
C-64 rv64ui-v-slli.elf: [0;92mok[0m
C-64 rv64ui-v-slliw.elf: [0;92mok[0m
C-64 rv64ui-v-sllw.elf: [0;92mok[0m
C-64 rv64ui-v-slt.elf: [0;92mok[0m
C-64 rv64ui-v-slti.elf: [0;92mok[0m
C-64 rv64ui-v-sltiu.elf: [0;92mok[0m
C-64 rv64ui-v-sltu.elf: [0;92mok[0m
C-64 rv64ui-v-sra.elf: [0;92mok[0m
C-64 rv64ui-v-srai.elf: [0;92mok[0m
C-64 rv64ui-v-sraiw.elf: [0;92mok[0m
C-64 rv64ui-v-sraw.elf: [0;92mok[0m
C-64 rv64ui-v-srl.elf: [0;92mok[0m
C-64 rv64ui-v-srli.elf: [0;92mok[0m
C-64 rv64ui-v-srliw.elf: [0;92mok[0m
C-64 rv64ui-v-srlw.elf: [0;92mok[0m
C-64 rv64ui-v-sub.elf: [0;92mok[0m
C-64 rv64ui-v-subw.elf: [0;92mok[0m
C-64 rv64ui-v-sw.elf: [0;92mok[0m
C-64 rv64ui-v-xor.elf: [0;92mok[0m
C-64 rv64ui-v-xori.elf: [0;92mok[0m
C-64 rv64um-p-div.elf: [0;92mok[0m
C-64 rv64um-p-divu.elf: [0;92mok[0m
C-64 rv64um-p-divuw.elf: [0;92mok[0m
C-64 rv64um-p-divw.elf: [0;92mok[0m
C-64 rv64um-p-mul.elf: [0;92mok[0m
C-64 rv64um-p-mulh.elf: [0;92mok[0m
C-64 rv64um-p-mulhsu.elf: [0;92mok[0m
C-64 rv64um-p-mulhu.elf: [0;92mok[0m
C-64 rv64um-p-mulw.elf: [0;92mok[0m
C-64 rv64um-p-rem.elf: [0;92mok[0m
C-64 rv64um-p-remu.elf: [0;92mok[0m
C-64 rv64um-p-remuw.elf: [0;92mok[0m
C-64 rv64um-p-remw.elf: [0;92mok[0m
C-64 rv64um-v-div.elf: [0;92mok[0m
C-64 rv64um-v-divu.elf: [0;92mok[0m
C-64 rv64um-v-divuw.elf: [0;92mok[0m
C-64 rv64um-v-divw.elf: [0;92mok[0m
C-64 rv64um-v-mul.elf: [0;92mok[0m
C-64 rv64um-v-mulh.elf: [0;92mok[0m
C-64 rv64um-v-mulhsu.elf: [0;92mok[0m
C-64 rv64um-v-mulhu.elf: [0;92mok[0m
C-64 rv64um-v-mulw.elf: [0;92mok[0m
C-64 rv64um-v-rem.elf: [0;92mok[0m
C-64 rv64um-v-remu.elf: [0;92mok[0m
C-64 rv64um-v-remuw.elf: [0;92mok[0m
C-64 rv64um-v-remw.elf: [0;92mok[0m
64-bit RISCV C tests: Passed 230 out of 230

rm -rf generated_definitions/ocaml/* generated_definitions/c/* generated_definitions/latex/*
rm -rf generated_definitions/lem/* generated_definitions/isabelle/* generated_definitions/hol4/* generated_definitions/coq/*
rm -rf generated_definitions/for-rmem/*
make -C c_emulator/SoftFloat-3e/build/Linux-RISCV-GCC clean
make[1]: se entra en el directorio '/home/juancarlos/Escritorio/riscv/sail-riscv/c_emulator/SoftFloat-3e/build/Linux-RISCV-GCC'
rm -f s_eq128.o s_le128.o s_lt128.o s_shortShiftLeft128.o s_shortShiftRight128.o s_shortShiftRightJam64.o s_shortShiftRightJam64Extra.o s_shortShiftRightJam128.o s_shortShiftRightJam128Extra.o s_shiftRightJam32.o s_shiftRightJam64.o s_shiftRightJam64Extra.o s_shiftRightJam128.o s_shiftRightJam128Extra.o s_shiftRightJam256M.o s_countLeadingZeros8.o s_countLeadingZeros16.o s_countLeadingZeros32.o s_countLeadingZeros64.o s_add128.o s_add256M.o s_sub128.o s_sub256M.o s_mul64ByShifted32To128.o s_mul64To128.o s_mul128By32.o s_mul128To256M.o s_approxRecip_1Ks.o s_approxRecip32_1.o s_approxRecipSqrt_1Ks.o s_approxRecipSqrt32_1.o  softfloat_raiseFlags.o s_propagateNaNF16UI.o s_f32UIToCommonNaN.o s_commonNaNToF32UI.o s_propagateNaNF32UI.o s_f64UIToCommonNaN.o s_commonNaNToF64UI.o s_propagateNaNF64UI.o s_propagateNaNF128UI.o s_roundToUI32.o s_roundToUI64.o s_roundToI32.o s_roundToI64.o s_normSubnormalF16Sig.o s_roundPackToF16.o s_normRoundPackToF16.o s_addMagsF16.o s_subMagsF16.o s_mulAddF16.o s_normSubnormalF32Sig.o s_roundPackToF32.o s_normRoundPackToF32.o s_addMagsF32.o s_subMagsF32.o s_mulAddF32.o s_normSubnormalF64Sig.o s_roundPackToF64.o s_normRoundPackToF64.o s_addMagsF64.o s_subMagsF64.o s_mulAddF64.o s_normSubnormalExtF80Sig.o s_roundPackToExtF80.o s_normRoundPackToExtF80.o s_addMagsExtF80.o s_subMagsExtF80.o s_normSubnormalF128Sig.o s_roundPackToF128.o s_normRoundPackToF128.o s_addMagsF128.o s_subMagsF128.o s_mulAddF128.o softfloat_state.o ui32_to_f16.o ui32_to_f32.o ui32_to_f64.o ui32_to_extF80.o ui32_to_extF80M.o ui32_to_f128.o ui32_to_f128M.o ui64_to_f16.o ui64_to_f32.o ui64_to_f64.o ui64_to_extF80.o ui64_to_extF80M.o ui64_to_f128.o ui64_to_f128M.o i32_to_f16.o i32_to_f32.o i32_to_f64.o i32_to_extF80.o i32_to_extF80M.o i32_to_f128.o i32_to_f128M.o i64_to_f16.o i64_to_f32.o i64_to_f64.o i64_to_extF80.o i64_to_extF80M.o i64_to_f128.o i64_to_f128M.o f16_to_ui32.o f16_to_ui64.o f16_to_i32.o f16_to_i64.o f16_to_ui32_r_minMag.o f16_to_ui64_r_minMag.o f16_to_i32_r_minMag.o f16_to_i64_r_minMag.o f16_to_f32.o f16_to_f64.o f16_to_extF80.o f16_to_extF80M.o f16_to_f128.o f16_to_f128M.o f16_roundToInt.o f16_add.o f16_sub.o f16_mul.o f16_mulAdd.o f16_div.o f16_rem.o f16_sqrt.o f16_eq.o f16_le.o f16_lt.o f16_eq_signaling.o f16_le_quiet.o f16_lt_quiet.o f16_isSignalingNaN.o f32_to_ui32.o f32_to_ui64.o f32_to_i32.o f32_to_i64.o f32_to_ui32_r_minMag.o f32_to_ui64_r_minMag.o f32_to_i32_r_minMag.o f32_to_i64_r_minMag.o f32_to_f16.o f32_to_f64.o f32_to_extF80.o f32_to_extF80M.o f32_to_f128.o f32_to_f128M.o f32_roundToInt.o f32_add.o f32_sub.o f32_mul.o f32_mulAdd.o f32_div.o f32_rem.o f32_sqrt.o f32_eq.o f32_le.o f32_lt.o f32_eq_signaling.o f32_le_quiet.o f32_lt_quiet.o f32_isSignalingNaN.o f64_to_ui32.o f64_to_ui64.o f64_to_i32.o f64_to_i64.o f64_to_ui32_r_minMag.o f64_to_ui64_r_minMag.o f64_to_i32_r_minMag.o f64_to_i64_r_minMag.o f64_to_f16.o f64_to_f32.o f64_to_extF80.o f64_to_extF80M.o f64_to_f128.o f64_to_f128M.o f64_roundToInt.o f64_add.o f64_sub.o f64_mul.o f64_mulAdd.o f64_div.o f64_rem.o f64_sqrt.o f64_eq.o f64_le.o f64_lt.o f64_eq_signaling.o f64_le_quiet.o f64_lt_quiet.o f64_isSignalingNaN.o extF80_to_ui32.o extF80_to_ui64.o extF80_to_i32.o extF80_to_i64.o extF80_to_ui32_r_minMag.o extF80_to_ui64_r_minMag.o extF80_to_i32_r_minMag.o extF80_to_i64_r_minMag.o extF80_to_f16.o extF80_to_f32.o extF80_to_f64.o extF80_to_f128.o extF80_roundToInt.o extF80_add.o extF80_sub.o extF80_mul.o extF80_div.o extF80_rem.o extF80_sqrt.o extF80_eq.o extF80_le.o extF80_lt.o extF80_eq_signaling.o extF80_le_quiet.o extF80_lt_quiet.o extF80_isSignalingNaN.o extF80M_to_ui32.o extF80M_to_ui64.o extF80M_to_i32.o extF80M_to_i64.o extF80M_to_ui32_r_minMag.o extF80M_to_ui64_r_minMag.o extF80M_to_i32_r_minMag.o extF80M_to_i64_r_minMag.o extF80M_to_f16.o extF80M_to_f32.o extF80M_to_f64.o extF80M_to_f128M.o extF80M_roundToInt.o extF80M_add.o extF80M_sub.o extF80M_mul.o extF80M_div.o extF80M_rem.o extF80M_sqrt.o extF80M_eq.o extF80M_le.o extF80M_lt.o extF80M_eq_signaling.o extF80M_le_quiet.o extF80M_lt_quiet.o f128_to_ui32.o f128_to_ui64.o f128_to_i32.o f128_to_i64.o f128_to_ui32_r_minMag.o f128_to_ui64_r_minMag.o f128_to_i32_r_minMag.o f128_to_i64_r_minMag.o f128_to_f16.o f128_to_f32.o f128_to_extF80.o f128_to_f64.o f128_roundToInt.o f128_add.o f128_sub.o f128_mul.o f128_mulAdd.o f128_div.o f128_rem.o f128_sqrt.o f128_eq.o f128_le.o f128_lt.o f128_eq_signaling.o f128_le_quiet.o f128_lt_quiet.o f128_isSignalingNaN.o f128M_to_ui32.o f128M_to_ui64.o f128M_to_i32.o f128M_to_i64.o f128M_to_ui32_r_minMag.o f128M_to_ui64_r_minMag.o f128M_to_i32_r_minMag.o f128M_to_i64_r_minMag.o f128M_to_f16.o f128M_to_f32.o f128M_to_extF80M.o f128M_to_f64.o f128M_roundToInt.o f128M_add.o f128M_sub.o f128M_mul.o f128M_mulAdd.o f128M_div.o f128M_rem.o f128M_sqrt.o f128M_eq.o f128M_le.o f128M_lt.o f128M_eq_signaling.o f128M_le_quiet.o f128M_lt_quiet.o  softfloat.a
make[1]: se sale del directorio '/home/juancarlos/Escritorio/riscv/sail-riscv/c_emulator/SoftFloat-3e/build/Linux-RISCV-GCC'
rm -f c_emulator/riscv_sim_RV32 c_emulator/riscv_sim_RV64  c_emulator/riscv_rvfi_RV32 c_emulator/riscv_rvfi_RV64
rm -rf ocaml_emulator/_sbuild ocaml_emulator/_build ocaml_emulator/riscv_ocaml_sim_RV32 ocaml_emulator/riscv_ocaml_sim_RV64 ocaml_emulator/tracecmp
rm -f *.gcno *.gcda
rm -f z3_problems
Holmake cleanAll
make: Holmake: No existe el archivo o el directorio
make: [Makefile:494: clean] Error 127 (no tiene efecto)
rm -f handwritten_support/riscv_extras.vo handwritten_support/riscv_extras.vos handwritten_support/riscv_extras.vok handwritten_support/riscv_extras.glob handwritten_support/.riscv_extras.aux
rm -f handwritten_support/mem_metadata.vo handwritten_support/mem_metadata.vos handwritten_support/mem_metadata.vok handwritten_support/mem_metadata.glob handwritten_support/.mem_metadata.aux
rm -f sail_doc/riscv_RV32.json
rm -f sail_doc/riscv_RV64.json
ocamlbuild -clean
mkdir -p generated_definitions/c
sail -c_preserve _set_Misa_C -c_preserve rvfi_set_instr_packet -c_preserve rvfi_get_cmd -c_preserve rvfi_get_insn -c_preserve rvfi_get_v2_trace_size -c_preserve rvfi_get_v2_support_packet -c_preserve rvfi_get_exec_packet_v1 -c_preserve rvfi_get_exec_packet_v2 -c_preserve rvfi_get_mem_data -c_preserve rvfi_get_int_data -c_preserve rvfi_zero_exec_packet -c_preserve rvfi_halt_exec_packet -c_preserve print_rvfi_exec -c_preserve print_instr_packet -c_preserve print_rvfi_exec -dno_cast -O -Oconstant_fold -memo_z3 -c -c_include riscv_prelude.h -c_include riscv_platform.h -c_no_main model/prelude.sail model/riscv_xlen32.sail model/riscv_flen_D.sail model/riscv_vlen.sail model/prelude_mem_metadata.sail model/prelude_mem.sail model/rvfi_dii.sail model/riscv_types_common.sail model/riscv_types_ext.sail model/riscv_types.sail model/riscv_vmem_types.sail model/riscv_reg_type.sail model/riscv_freg_type.sail model/riscv_regs.sail model/riscv_pc_access.sail model/riscv_sys_regs.sail model/riscv_pmp_regs.sail model/riscv_pmp_control.sail model/riscv_ext_regs.sail model/riscv_addr_checks_common.sail model/riscv_addr_checks.sail model/riscv_misa_ext.sail model/riscv_vreg_type.sail model/riscv_vext_regs.sail model/riscv_csr_map.sail model/riscv_vext_control.sail model/riscv_next_regs.sail model/riscv_sys_exceptions.sail model/riscv_sync_exception.sail model/riscv_next_control.sail model/riscv_softfloat_interface.sail model/riscv_fdext_regs.sail model/riscv_fdext_control.sail model/riscv_csr_ext.sail model/riscv_sys_control.sail model/riscv_platform.sail model/riscv_mem.sail model/riscv_vmem_common.sail model/riscv_vmem_pte.sail model/riscv_vmem_ptw.sail model/riscv_vmem_tlb.sail model/riscv_vmem.sail model/riscv_types_kext.sail model/riscv_insts_begin.sail model/riscv_insts_base.sail model/riscv_insts_aext.sail model/riscv_insts_cext.sail model/riscv_insts_mext.sail model/riscv_insts_zicsr.sail model/riscv_insts_next.sail model/riscv_insts_hints.sail model/riscv_insts_fext.sail model/riscv_insts_cfext.sail model/riscv_insts_dext.sail model/riscv_insts_cdext.sail model/riscv_insts_svinval.sail model/riscv_insts_zba.sail model/riscv_insts_zbb.sail model/riscv_insts_zbc.sail model/riscv_insts_zbs.sail model/riscv_insts_zcb.sail model/riscv_insts_zfh.sail model/riscv_insts_zfa.sail model/riscv_insts_zkn.sail model/riscv_insts_zks.sail model/riscv_insts_zbkb.sail model/riscv_insts_zbkx.sail model/riscv_insts_zicond.sail model/riscv_insts_vext_utils.sail model/riscv_insts_vext_fp_utils.sail model/riscv_insts_vext_vset.sail model/riscv_insts_vext_arith.sail model/riscv_insts_vext_fp.sail model/riscv_insts_vext_mem.sail model/riscv_insts_vext_mask.sail model/riscv_insts_vext_vm.sail model/riscv_insts_vext_fp_vm.sail model/riscv_insts_vext_red.sail model/riscv_insts_vext_fp_red.sail model/riscv_jalr_seq.sail model/riscv_insts_end.sail model/riscv_step_common.sail model/riscv_step_rvfi.sail model/riscv_decode_ext.sail model/riscv_fetch_rvfi.sail model/riscv_step.sail model/main.sail -o generated_definitions/c/riscv_rvfi_model_RV32
[93mWarning[0m: Deprecated [96mmodel/prelude.sail[0m:42.14-100:
42[96m |[0mval int_power = {ocaml: "int_power", interpreter: "int_power", lem: "pow", coq: "pow", c: "pow_int"} : (int, int) -> int
  [91m |[0m              [91m^------------------------------------------------------------------------------------^[0m
  [91m |[0m 
All external bindings should be marked as either monadic or pure

[93mWarning[0m: Duplicate function type definition for min_int
[96mmodel/prelude.sail[0m:58.4-11:
58[96m |[0mval min_int = {ocaml: "min_int", interpreter: "min_int", lem: "min", coq: "min_atom", c: "min_int"} : forall 'x 'y.
  [91m |[0m    [91m^-----^[0m
  [91m |[0m This duplicate definition is being ignored!
  [91m |[0m [96m/home/juancarlos/.opam/default/share/sail/lib/arith.sail[0m:217.4-11:
  [91m |[0m 217[96m |[0mval min_int = pure {lem: "integerMin", coq: "Z.min", _: "min_int"} : forall 'x 'y.
  [91m |[0m    [91m |[0m    [91m^-----^[0m [91mprevious definition here[0m
sed -e '/^[[:space:]]*$/d' generated_definitions/c/riscv_rvfi_model_RV32.c > generated_definitions/c/riscv_rvfi_model_RV32.c.new
mv generated_definitions/c/riscv_rvfi_model_RV32.c.new generated_definitions/c/riscv_rvfi_model_RV32.c
make SPECIALIZE_TYPE=RISCV -C c_emulator/SoftFloat-3e/build/Linux-RISCV-GCC
make[1]: se entra en el directorio '/home/juancarlos/Escritorio/riscv/sail-riscv/c_emulator/SoftFloat-3e/build/Linux-RISCV-GCC'
cc -c -Werror-implicit-function-declaration -DSOFTFLOAT_ROUND_ODD -I. -I../../source/RISCV -I../../source/include -O2 -o s_eq128.o ../../source/s_eq128.c
cc -c -Werror-implicit-function-declaration -DSOFTFLOAT_ROUND_ODD -I. -I../../source/RISCV -I../../source/include -O2 -o s_le128.o ../../source/s_le128.c
cc -c -Werror-implicit-function-declaration -DSOFTFLOAT_ROUND_ODD -I. -I../../source/RISCV -I../../source/include -O2 -o s_lt128.o ../../source/s_lt128.c
cc -c -Werror-implicit-function-declaration -DSOFTFLOAT_ROUND_ODD -I. -I../../source/RISCV -I../../source/include -O2 -o s_shortShiftLeft128.o ../../source/s_shortShiftLeft128.c
cc -c -Werror-implicit-function-declaration -DSOFTFLOAT_ROUND_ODD -I. -I../../source/RISCV -I../../source/include -O2 -o s_shortShiftRight128.o ../../source/s_shortShiftRight128.c
cc -c -Werror-implicit-function-declaration -DSOFTFLOAT_ROUND_ODD -I. -I../../source/RISCV -I../../source/include -O2 -o s_shortShiftRightJam64.o ../../source/s_shortShiftRightJam64.c
cc -c -Werror-implicit-function-declaration -DSOFTFLOAT_ROUND_ODD -I. -I../../source/RISCV -I../../source/include -O2 -o s_shortShiftRightJam64Extra.o ../../source/s_shortShiftRightJam64Extra.c
cc -c -Werror-implicit-function-declaration -DSOFTFLOAT_ROUND_ODD -I. -I../../source/RISCV -I../../source/include -O2 -o s_shortShiftRightJam128.o ../../source/s_shortShiftRightJam128.c
cc -c -Werror-implicit-function-declaration -DSOFTFLOAT_ROUND_ODD -I. -I../../source/RISCV -I../../source/include -O2 -o s_shortShiftRightJam128Extra.o ../../source/s_shortShiftRightJam128Extra.c
cc -c -Werror-implicit-function-declaration -DSOFTFLOAT_ROUND_ODD -I. -I../../source/RISCV -I../../source/include -O2 -o s_shiftRightJam32.o ../../source/s_shiftRightJam32.c
cc -c -Werror-implicit-function-declaration -DSOFTFLOAT_ROUND_ODD -I. -I../../source/RISCV -I../../source/include -O2 -o s_shiftRightJam64.o ../../source/s_shiftRightJam64.c
cc -c -Werror-implicit-function-declaration -DSOFTFLOAT_ROUND_ODD -I. -I../../source/RISCV -I../../source/include -O2 -o s_shiftRightJam64Extra.o ../../source/s_shiftRightJam64Extra.c
cc -c -Werror-implicit-function-declaration -DSOFTFLOAT_ROUND_ODD -I. -I../../source/RISCV -I../../source/include -O2 -o s_shiftRightJam128.o ../../source/s_shiftRightJam128.c
cc -c -Werror-implicit-function-declaration -DSOFTFLOAT_ROUND_ODD -I. -I../../source/RISCV -I../../source/include -O2 -o s_shiftRightJam128Extra.o ../../source/s_shiftRightJam128Extra.c
cc -c -Werror-implicit-function-declaration -DSOFTFLOAT_ROUND_ODD -I. -I../../source/RISCV -I../../source/include -O2 -o s_shiftRightJam256M.o ../../source/s_shiftRightJam256M.c
cc -c -Werror-implicit-function-declaration -DSOFTFLOAT_ROUND_ODD -I. -I../../source/RISCV -I../../source/include -O2 -o s_countLeadingZeros8.o ../../source/s_countLeadingZeros8.c
cc -c -Werror-implicit-function-declaration -DSOFTFLOAT_ROUND_ODD -I. -I../../source/RISCV -I../../source/include -O2 -o s_countLeadingZeros16.o ../../source/s_countLeadingZeros16.c
cc -c -Werror-implicit-function-declaration -DSOFTFLOAT_ROUND_ODD -I. -I../../source/RISCV -I../../source/include -O2 -o s_countLeadingZeros32.o ../../source/s_countLeadingZeros32.c
cc -c -Werror-implicit-function-declaration -DSOFTFLOAT_ROUND_ODD -I. -I../../source/RISCV -I../../source/include -O2 -o s_countLeadingZeros64.o ../../source/s_countLeadingZeros64.c
cc -c -Werror-implicit-function-declaration -DSOFTFLOAT_ROUND_ODD -I. -I../../source/RISCV -I../../source/include -O2 -o s_add128.o ../../source/s_add128.c
cc -c -Werror-implicit-function-declaration -DSOFTFLOAT_ROUND_ODD -I. -I../../source/RISCV -I../../source/include -O2 -o s_add256M.o ../../source/s_add256M.c
cc -c -Werror-implicit-function-declaration -DSOFTFLOAT_ROUND_ODD -I. -I../../source/RISCV -I../../source/include -O2 -o s_sub128.o ../../source/s_sub128.c
cc -c -Werror-implicit-function-declaration -DSOFTFLOAT_ROUND_ODD -I. -I../../source/RISCV -I../../source/include -O2 -o s_sub256M.o ../../source/s_sub256M.c
cc -c -Werror-implicit-function-declaration -DSOFTFLOAT_ROUND_ODD -I. -I../../source/RISCV -I../../source/include -O2 -o s_mul64ByShifted32To128.o ../../source/s_mul64ByShifted32To128.c
cc -c -Werror-implicit-function-declaration -DSOFTFLOAT_ROUND_ODD -I. -I../../source/RISCV -I../../source/include -O2 -o s_mul64To128.o ../../source/s_mul64To128.c
cc -c -Werror-implicit-function-declaration -DSOFTFLOAT_ROUND_ODD -I. -I../../source/RISCV -I../../source/include -O2 -o s_mul128By32.o ../../source/s_mul128By32.c
cc -c -Werror-implicit-function-declaration -DSOFTFLOAT_ROUND_ODD -I. -I../../source/RISCV -I../../source/include -O2 -o s_mul128To256M.o ../../source/s_mul128To256M.c
cc -c -Werror-implicit-function-declaration -DSOFTFLOAT_ROUND_ODD -I. -I../../source/RISCV -I../../source/include -O2 -o s_approxRecip_1Ks.o ../../source/s_approxRecip_1Ks.c
cc -c -Werror-implicit-function-declaration -DSOFTFLOAT_ROUND_ODD -I. -I../../source/RISCV -I../../source/include -O2 -o s_approxRecip32_1.o ../../source/s_approxRecip32_1.c
cc -c -Werror-implicit-function-declaration -DSOFTFLOAT_ROUND_ODD -I. -I../../source/RISCV -I../../source/include -O2 -o s_approxRecipSqrt_1Ks.o ../../source/s_approxRecipSqrt_1Ks.c
cc -c -Werror-implicit-function-declaration -DSOFTFLOAT_ROUND_ODD -I. -I../../source/RISCV -I../../source/include -O2 -o s_approxRecipSqrt32_1.o ../../source/s_approxRecipSqrt32_1.c
cc -c -Werror-implicit-function-declaration -DSOFTFLOAT_ROUND_ODD -I. -I../../source/RISCV -I../../source/include -O2 -o softfloat_raiseFlags.o ../../source/RISCV/softfloat_raiseFlags.c
cc -c -Werror-implicit-function-declaration -DSOFTFLOAT_ROUND_ODD -I. -I../../source/RISCV -I../../source/include -O2 -o s_propagateNaNF16UI.o ../../source/RISCV/s_propagateNaNF16UI.c
cc -c -Werror-implicit-function-declaration -DSOFTFLOAT_ROUND_ODD -I. -I../../source/RISCV -I../../source/include -O2 -o s_f32UIToCommonNaN.o ../../source/RISCV/s_f32UIToCommonNaN.c
cc -c -Werror-implicit-function-declaration -DSOFTFLOAT_ROUND_ODD -I. -I../../source/RISCV -I../../source/include -O2 -o s_commonNaNToF32UI.o ../../source/RISCV/s_commonNaNToF32UI.c
cc -c -Werror-implicit-function-declaration -DSOFTFLOAT_ROUND_ODD -I. -I../../source/RISCV -I../../source/include -O2 -o s_propagateNaNF32UI.o ../../source/RISCV/s_propagateNaNF32UI.c
cc -c -Werror-implicit-function-declaration -DSOFTFLOAT_ROUND_ODD -I. -I../../source/RISCV -I../../source/include -O2 -o s_f64UIToCommonNaN.o ../../source/RISCV/s_f64UIToCommonNaN.c
cc -c -Werror-implicit-function-declaration -DSOFTFLOAT_ROUND_ODD -I. -I../../source/RISCV -I../../source/include -O2 -o s_commonNaNToF64UI.o ../../source/RISCV/s_commonNaNToF64UI.c
cc -c -Werror-implicit-function-declaration -DSOFTFLOAT_ROUND_ODD -I. -I../../source/RISCV -I../../source/include -O2 -o s_propagateNaNF64UI.o ../../source/RISCV/s_propagateNaNF64UI.c
cc -c -Werror-implicit-function-declaration -DSOFTFLOAT_ROUND_ODD -I. -I../../source/RISCV -I../../source/include -O2 -o s_propagateNaNF128UI.o ../../source/RISCV/s_propagateNaNF128UI.c
cc -c -Werror-implicit-function-declaration -DSOFTFLOAT_ROUND_ODD -I. -I../../source/RISCV -I../../source/include -O2 -o s_roundToUI32.o ../../source/s_roundToUI32.c
cc -c -Werror-implicit-function-declaration -DSOFTFLOAT_ROUND_ODD -I. -I../../source/RISCV -I../../source/include -O2 -o s_roundToUI64.o ../../source/s_roundToUI64.c
cc -c -Werror-implicit-function-declaration -DSOFTFLOAT_ROUND_ODD -I. -I../../source/RISCV -I../../source/include -O2 -o s_roundToI32.o ../../source/s_roundToI32.c
cc -c -Werror-implicit-function-declaration -DSOFTFLOAT_ROUND_ODD -I. -I../../source/RISCV -I../../source/include -O2 -o s_roundToI64.o ../../source/s_roundToI64.c
cc -c -Werror-implicit-function-declaration -DSOFTFLOAT_ROUND_ODD -I. -I../../source/RISCV -I../../source/include -O2 -o s_normSubnormalF16Sig.o ../../source/s_normSubnormalF16Sig.c
cc -c -Werror-implicit-function-declaration -DSOFTFLOAT_ROUND_ODD -I. -I../../source/RISCV -I../../source/include -O2 -o s_roundPackToF16.o ../../source/s_roundPackToF16.c
cc -c -Werror-implicit-function-declaration -DSOFTFLOAT_ROUND_ODD -I. -I../../source/RISCV -I../../source/include -O2 -o s_normRoundPackToF16.o ../../source/s_normRoundPackToF16.c
cc -c -Werror-implicit-function-declaration -DSOFTFLOAT_ROUND_ODD -I. -I../../source/RISCV -I../../source/include -O2 -o s_addMagsF16.o ../../source/s_addMagsF16.c
cc -c -Werror-implicit-function-declaration -DSOFTFLOAT_ROUND_ODD -I. -I../../source/RISCV -I../../source/include -O2 -o s_subMagsF16.o ../../source/s_subMagsF16.c
cc -c -Werror-implicit-function-declaration -DSOFTFLOAT_ROUND_ODD -I. -I../../source/RISCV -I../../source/include -O2 -o s_mulAddF16.o ../../source/s_mulAddF16.c
cc -c -Werror-implicit-function-declaration -DSOFTFLOAT_ROUND_ODD -I. -I../../source/RISCV -I../../source/include -O2 -o s_normSubnormalF32Sig.o ../../source/s_normSubnormalF32Sig.c
cc -c -Werror-implicit-function-declaration -DSOFTFLOAT_ROUND_ODD -I. -I../../source/RISCV -I../../source/include -O2 -o s_roundPackToF32.o ../../source/s_roundPackToF32.c
cc -c -Werror-implicit-function-declaration -DSOFTFLOAT_ROUND_ODD -I. -I../../source/RISCV -I../../source/include -O2 -o s_normRoundPackToF32.o ../../source/s_normRoundPackToF32.c
cc -c -Werror-implicit-function-declaration -DSOFTFLOAT_ROUND_ODD -I. -I../../source/RISCV -I../../source/include -O2 -o s_addMagsF32.o ../../source/s_addMagsF32.c
cc -c -Werror-implicit-function-declaration -DSOFTFLOAT_ROUND_ODD -I. -I../../source/RISCV -I../../source/include -O2 -o s_subMagsF32.o ../../source/s_subMagsF32.c
cc -c -Werror-implicit-function-declaration -DSOFTFLOAT_ROUND_ODD -I. -I../../source/RISCV -I../../source/include -O2 -o s_mulAddF32.o ../../source/s_mulAddF32.c
cc -c -Werror-implicit-function-declaration -DSOFTFLOAT_ROUND_ODD -I. -I../../source/RISCV -I../../source/include -O2 -o s_normSubnormalF64Sig.o ../../source/s_normSubnormalF64Sig.c
cc -c -Werror-implicit-function-declaration -DSOFTFLOAT_ROUND_ODD -I. -I../../source/RISCV -I../../source/include -O2 -o s_roundPackToF64.o ../../source/s_roundPackToF64.c
cc -c -Werror-implicit-function-declaration -DSOFTFLOAT_ROUND_ODD -I. -I../../source/RISCV -I../../source/include -O2 -o s_normRoundPackToF64.o ../../source/s_normRoundPackToF64.c
cc -c -Werror-implicit-function-declaration -DSOFTFLOAT_ROUND_ODD -I. -I../../source/RISCV -I../../source/include -O2 -o s_addMagsF64.o ../../source/s_addMagsF64.c
cc -c -Werror-implicit-function-declaration -DSOFTFLOAT_ROUND_ODD -I. -I../../source/RISCV -I../../source/include -O2 -o s_subMagsF64.o ../../source/s_subMagsF64.c
cc -c -Werror-implicit-function-declaration -DSOFTFLOAT_ROUND_ODD -I. -I../../source/RISCV -I../../source/include -O2 -o s_mulAddF64.o ../../source/s_mulAddF64.c
cc -c -Werror-implicit-function-declaration -DSOFTFLOAT_ROUND_ODD -I. -I../../source/RISCV -I../../source/include -O2 -o s_normSubnormalExtF80Sig.o ../../source/s_normSubnormalExtF80Sig.c
cc -c -Werror-implicit-function-declaration -DSOFTFLOAT_ROUND_ODD -I. -I../../source/RISCV -I../../source/include -O2 -o s_roundPackToExtF80.o ../../source/s_roundPackToExtF80.c
cc -c -Werror-implicit-function-declaration -DSOFTFLOAT_ROUND_ODD -I. -I../../source/RISCV -I../../source/include -O2 -o s_normRoundPackToExtF80.o ../../source/s_normRoundPackToExtF80.c
cc -c -Werror-implicit-function-declaration -DSOFTFLOAT_ROUND_ODD -I. -I../../source/RISCV -I../../source/include -O2 -o s_addMagsExtF80.o ../../source/s_addMagsExtF80.c
cc -c -Werror-implicit-function-declaration -DSOFTFLOAT_ROUND_ODD -I. -I../../source/RISCV -I../../source/include -O2 -o s_subMagsExtF80.o ../../source/s_subMagsExtF80.c
cc -c -Werror-implicit-function-declaration -DSOFTFLOAT_ROUND_ODD -I. -I../../source/RISCV -I../../source/include -O2 -o s_normSubnormalF128Sig.o ../../source/s_normSubnormalF128Sig.c
cc -c -Werror-implicit-function-declaration -DSOFTFLOAT_ROUND_ODD -I. -I../../source/RISCV -I../../source/include -O2 -o s_roundPackToF128.o ../../source/s_roundPackToF128.c
cc -c -Werror-implicit-function-declaration -DSOFTFLOAT_ROUND_ODD -I. -I../../source/RISCV -I../../source/include -O2 -o s_normRoundPackToF128.o ../../source/s_normRoundPackToF128.c
cc -c -Werror-implicit-function-declaration -DSOFTFLOAT_ROUND_ODD -I. -I../../source/RISCV -I../../source/include -O2 -o s_addMagsF128.o ../../source/s_addMagsF128.c
cc -c -Werror-implicit-function-declaration -DSOFTFLOAT_ROUND_ODD -I. -I../../source/RISCV -I../../source/include -O2 -o s_subMagsF128.o ../../source/s_subMagsF128.c
cc -c -Werror-implicit-function-declaration -DSOFTFLOAT_ROUND_ODD -I. -I../../source/RISCV -I../../source/include -O2 -o s_mulAddF128.o ../../source/s_mulAddF128.c
cc -c -Werror-implicit-function-declaration -DSOFTFLOAT_ROUND_ODD -I. -I../../source/RISCV -I../../source/include -O2 -o softfloat_state.o ../../source/softfloat_state.c
cc -c -Werror-implicit-function-declaration -DSOFTFLOAT_ROUND_ODD -I. -I../../source/RISCV -I../../source/include -O2 -o ui32_to_f16.o ../../source/ui32_to_f16.c
cc -c -Werror-implicit-function-declaration -DSOFTFLOAT_ROUND_ODD -I. -I../../source/RISCV -I../../source/include -O2 -o ui32_to_f32.o ../../source/ui32_to_f32.c
cc -c -Werror-implicit-function-declaration -DSOFTFLOAT_ROUND_ODD -I. -I../../source/RISCV -I../../source/include -O2 -o ui32_to_f64.o ../../source/ui32_to_f64.c
cc -c -Werror-implicit-function-declaration -DSOFTFLOAT_ROUND_ODD -I. -I../../source/RISCV -I../../source/include -O2 -o ui32_to_extF80.o ../../source/ui32_to_extF80.c
cc -c -Werror-implicit-function-declaration -DSOFTFLOAT_ROUND_ODD -I. -I../../source/RISCV -I../../source/include -O2 -o ui32_to_extF80M.o ../../source/ui32_to_extF80M.c
cc -c -Werror-implicit-function-declaration -DSOFTFLOAT_ROUND_ODD -I. -I../../source/RISCV -I../../source/include -O2 -o ui32_to_f128.o ../../source/ui32_to_f128.c
cc -c -Werror-implicit-function-declaration -DSOFTFLOAT_ROUND_ODD -I. -I../../source/RISCV -I../../source/include -O2 -o ui32_to_f128M.o ../../source/ui32_to_f128M.c
cc -c -Werror-implicit-function-declaration -DSOFTFLOAT_ROUND_ODD -I. -I../../source/RISCV -I../../source/include -O2 -o ui64_to_f16.o ../../source/ui64_to_f16.c
cc -c -Werror-implicit-function-declaration -DSOFTFLOAT_ROUND_ODD -I. -I../../source/RISCV -I../../source/include -O2 -o ui64_to_f32.o ../../source/ui64_to_f32.c
cc -c -Werror-implicit-function-declaration -DSOFTFLOAT_ROUND_ODD -I. -I../../source/RISCV -I../../source/include -O2 -o ui64_to_f64.o ../../source/ui64_to_f64.c
cc -c -Werror-implicit-function-declaration -DSOFTFLOAT_ROUND_ODD -I. -I../../source/RISCV -I../../source/include -O2 -o ui64_to_extF80.o ../../source/ui64_to_extF80.c
cc -c -Werror-implicit-function-declaration -DSOFTFLOAT_ROUND_ODD -I. -I../../source/RISCV -I../../source/include -O2 -o ui64_to_extF80M.o ../../source/ui64_to_extF80M.c
cc -c -Werror-implicit-function-declaration -DSOFTFLOAT_ROUND_ODD -I. -I../../source/RISCV -I../../source/include -O2 -o ui64_to_f128.o ../../source/ui64_to_f128.c
cc -c -Werror-implicit-function-declaration -DSOFTFLOAT_ROUND_ODD -I. -I../../source/RISCV -I../../source/include -O2 -o ui64_to_f128M.o ../../source/ui64_to_f128M.c
cc -c -Werror-implicit-function-declaration -DSOFTFLOAT_ROUND_ODD -I. -I../../source/RISCV -I../../source/include -O2 -o i32_to_f16.o ../../source/i32_to_f16.c
cc -c -Werror-implicit-function-declaration -DSOFTFLOAT_ROUND_ODD -I. -I../../source/RISCV -I../../source/include -O2 -o i32_to_f32.o ../../source/i32_to_f32.c
cc -c -Werror-implicit-function-declaration -DSOFTFLOAT_ROUND_ODD -I. -I../../source/RISCV -I../../source/include -O2 -o i32_to_f64.o ../../source/i32_to_f64.c
cc -c -Werror-implicit-function-declaration -DSOFTFLOAT_ROUND_ODD -I. -I../../source/RISCV -I../../source/include -O2 -o i32_to_extF80.o ../../source/i32_to_extF80.c
cc -c -Werror-implicit-function-declaration -DSOFTFLOAT_ROUND_ODD -I. -I../../source/RISCV -I../../source/include -O2 -o i32_to_extF80M.o ../../source/i32_to_extF80M.c
cc -c -Werror-implicit-function-declaration -DSOFTFLOAT_ROUND_ODD -I. -I../../source/RISCV -I../../source/include -O2 -o i32_to_f128.o ../../source/i32_to_f128.c
cc -c -Werror-implicit-function-declaration -DSOFTFLOAT_ROUND_ODD -I. -I../../source/RISCV -I../../source/include -O2 -o i32_to_f128M.o ../../source/i32_to_f128M.c
cc -c -Werror-implicit-function-declaration -DSOFTFLOAT_ROUND_ODD -I. -I../../source/RISCV -I../../source/include -O2 -o i64_to_f16.o ../../source/i64_to_f16.c
cc -c -Werror-implicit-function-declaration -DSOFTFLOAT_ROUND_ODD -I. -I../../source/RISCV -I../../source/include -O2 -o i64_to_f32.o ../../source/i64_to_f32.c
cc -c -Werror-implicit-function-declaration -DSOFTFLOAT_ROUND_ODD -I. -I../../source/RISCV -I../../source/include -O2 -o i64_to_f64.o ../../source/i64_to_f64.c
cc -c -Werror-implicit-function-declaration -DSOFTFLOAT_ROUND_ODD -I. -I../../source/RISCV -I../../source/include -O2 -o i64_to_extF80.o ../../source/i64_to_extF80.c
cc -c -Werror-implicit-function-declaration -DSOFTFLOAT_ROUND_ODD -I. -I../../source/RISCV -I../../source/include -O2 -o i64_to_extF80M.o ../../source/i64_to_extF80M.c
cc -c -Werror-implicit-function-declaration -DSOFTFLOAT_ROUND_ODD -I. -I../../source/RISCV -I../../source/include -O2 -o i64_to_f128.o ../../source/i64_to_f128.c
cc -c -Werror-implicit-function-declaration -DSOFTFLOAT_ROUND_ODD -I. -I../../source/RISCV -I../../source/include -O2 -o i64_to_f128M.o ../../source/i64_to_f128M.c
cc -c -Werror-implicit-function-declaration -DSOFTFLOAT_ROUND_ODD -I. -I../../source/RISCV -I../../source/include -O2 -o f16_to_ui32.o ../../source/f16_to_ui32.c
cc -c -Werror-implicit-function-declaration -DSOFTFLOAT_ROUND_ODD -I. -I../../source/RISCV -I../../source/include -O2 -o f16_to_ui64.o ../../source/f16_to_ui64.c
cc -c -Werror-implicit-function-declaration -DSOFTFLOAT_ROUND_ODD -I. -I../../source/RISCV -I../../source/include -O2 -o f16_to_i32.o ../../source/f16_to_i32.c
cc -c -Werror-implicit-function-declaration -DSOFTFLOAT_ROUND_ODD -I. -I../../source/RISCV -I../../source/include -O2 -o f16_to_i64.o ../../source/f16_to_i64.c
cc -c -Werror-implicit-function-declaration -DSOFTFLOAT_ROUND_ODD -I. -I../../source/RISCV -I../../source/include -O2 -o f16_to_ui32_r_minMag.o ../../source/f16_to_ui32_r_minMag.c
cc -c -Werror-implicit-function-declaration -DSOFTFLOAT_ROUND_ODD -I. -I../../source/RISCV -I../../source/include -O2 -o f16_to_ui64_r_minMag.o ../../source/f16_to_ui64_r_minMag.c
cc -c -Werror-implicit-function-declaration -DSOFTFLOAT_ROUND_ODD -I. -I../../source/RISCV -I../../source/include -O2 -o f16_to_i32_r_minMag.o ../../source/f16_to_i32_r_minMag.c
cc -c -Werror-implicit-function-declaration -DSOFTFLOAT_ROUND_ODD -I. -I../../source/RISCV -I../../source/include -O2 -o f16_to_i64_r_minMag.o ../../source/f16_to_i64_r_minMag.c
cc -c -Werror-implicit-function-declaration -DSOFTFLOAT_ROUND_ODD -I. -I../../source/RISCV -I../../source/include -O2 -o f16_to_f32.o ../../source/f16_to_f32.c
cc -c -Werror-implicit-function-declaration -DSOFTFLOAT_ROUND_ODD -I. -I../../source/RISCV -I../../source/include -O2 -o f16_to_f64.o ../../source/f16_to_f64.c
cc -c -Werror-implicit-function-declaration -DSOFTFLOAT_ROUND_ODD -I. -I../../source/RISCV -I../../source/include -O2 -o f16_to_extF80.o ../../source/f16_to_extF80.c
cc -c -Werror-implicit-function-declaration -DSOFTFLOAT_ROUND_ODD -I. -I../../source/RISCV -I../../source/include -O2 -o f16_to_extF80M.o ../../source/f16_to_extF80M.c
cc -c -Werror-implicit-function-declaration -DSOFTFLOAT_ROUND_ODD -I. -I../../source/RISCV -I../../source/include -O2 -o f16_to_f128.o ../../source/f16_to_f128.c
cc -c -Werror-implicit-function-declaration -DSOFTFLOAT_ROUND_ODD -I. -I../../source/RISCV -I../../source/include -O2 -o f16_to_f128M.o ../../source/f16_to_f128M.c
cc -c -Werror-implicit-function-declaration -DSOFTFLOAT_ROUND_ODD -I. -I../../source/RISCV -I../../source/include -O2 -o f16_roundToInt.o ../../source/f16_roundToInt.c
cc -c -Werror-implicit-function-declaration -DSOFTFLOAT_ROUND_ODD -I. -I../../source/RISCV -I../../source/include -O2 -o f16_add.o ../../source/f16_add.c
cc -c -Werror-implicit-function-declaration -DSOFTFLOAT_ROUND_ODD -I. -I../../source/RISCV -I../../source/include -O2 -o f16_sub.o ../../source/f16_sub.c
cc -c -Werror-implicit-function-declaration -DSOFTFLOAT_ROUND_ODD -I. -I../../source/RISCV -I../../source/include -O2 -o f16_mul.o ../../source/f16_mul.c
cc -c -Werror-implicit-function-declaration -DSOFTFLOAT_ROUND_ODD -I. -I../../source/RISCV -I../../source/include -O2 -o f16_mulAdd.o ../../source/f16_mulAdd.c
cc -c -Werror-implicit-function-declaration -DSOFTFLOAT_ROUND_ODD -I. -I../../source/RISCV -I../../source/include -O2 -o f16_div.o ../../source/f16_div.c
cc -c -Werror-implicit-function-declaration -DSOFTFLOAT_ROUND_ODD -I. -I../../source/RISCV -I../../source/include -O2 -o f16_rem.o ../../source/f16_rem.c
cc -c -Werror-implicit-function-declaration -DSOFTFLOAT_ROUND_ODD -I. -I../../source/RISCV -I../../source/include -O2 -o f16_sqrt.o ../../source/f16_sqrt.c
cc -c -Werror-implicit-function-declaration -DSOFTFLOAT_ROUND_ODD -I. -I../../source/RISCV -I../../source/include -O2 -o f16_eq.o ../../source/f16_eq.c
cc -c -Werror-implicit-function-declaration -DSOFTFLOAT_ROUND_ODD -I. -I../../source/RISCV -I../../source/include -O2 -o f16_le.o ../../source/f16_le.c
cc -c -Werror-implicit-function-declaration -DSOFTFLOAT_ROUND_ODD -I. -I../../source/RISCV -I../../source/include -O2 -o f16_lt.o ../../source/f16_lt.c
cc -c -Werror-implicit-function-declaration -DSOFTFLOAT_ROUND_ODD -I. -I../../source/RISCV -I../../source/include -O2 -o f16_eq_signaling.o ../../source/f16_eq_signaling.c
cc -c -Werror-implicit-function-declaration -DSOFTFLOAT_ROUND_ODD -I. -I../../source/RISCV -I../../source/include -O2 -o f16_le_quiet.o ../../source/f16_le_quiet.c
cc -c -Werror-implicit-function-declaration -DSOFTFLOAT_ROUND_ODD -I. -I../../source/RISCV -I../../source/include -O2 -o f16_lt_quiet.o ../../source/f16_lt_quiet.c
cc -c -Werror-implicit-function-declaration -DSOFTFLOAT_ROUND_ODD -I. -I../../source/RISCV -I../../source/include -O2 -o f16_isSignalingNaN.o ../../source/f16_isSignalingNaN.c
cc -c -Werror-implicit-function-declaration -DSOFTFLOAT_ROUND_ODD -I. -I../../source/RISCV -I../../source/include -O2 -o f32_to_ui32.o ../../source/f32_to_ui32.c
cc -c -Werror-implicit-function-declaration -DSOFTFLOAT_ROUND_ODD -I. -I../../source/RISCV -I../../source/include -O2 -o f32_to_ui64.o ../../source/f32_to_ui64.c
cc -c -Werror-implicit-function-declaration -DSOFTFLOAT_ROUND_ODD -I. -I../../source/RISCV -I../../source/include -O2 -o f32_to_i32.o ../../source/f32_to_i32.c
cc -c -Werror-implicit-function-declaration -DSOFTFLOAT_ROUND_ODD -I. -I../../source/RISCV -I../../source/include -O2 -o f32_to_i64.o ../../source/f32_to_i64.c
cc -c -Werror-implicit-function-declaration -DSOFTFLOAT_ROUND_ODD -I. -I../../source/RISCV -I../../source/include -O2 -o f32_to_ui32_r_minMag.o ../../source/f32_to_ui32_r_minMag.c
cc -c -Werror-implicit-function-declaration -DSOFTFLOAT_ROUND_ODD -I. -I../../source/RISCV -I../../source/include -O2 -o f32_to_ui64_r_minMag.o ../../source/f32_to_ui64_r_minMag.c
cc -c -Werror-implicit-function-declaration -DSOFTFLOAT_ROUND_ODD -I. -I../../source/RISCV -I../../source/include -O2 -o f32_to_i32_r_minMag.o ../../source/f32_to_i32_r_minMag.c
cc -c -Werror-implicit-function-declaration -DSOFTFLOAT_ROUND_ODD -I. -I../../source/RISCV -I../../source/include -O2 -o f32_to_i64_r_minMag.o ../../source/f32_to_i64_r_minMag.c
cc -c -Werror-implicit-function-declaration -DSOFTFLOAT_ROUND_ODD -I. -I../../source/RISCV -I../../source/include -O2 -o f32_to_f16.o ../../source/f32_to_f16.c
cc -c -Werror-implicit-function-declaration -DSOFTFLOAT_ROUND_ODD -I. -I../../source/RISCV -I../../source/include -O2 -o f32_to_f64.o ../../source/f32_to_f64.c
cc -c -Werror-implicit-function-declaration -DSOFTFLOAT_ROUND_ODD -I. -I../../source/RISCV -I../../source/include -O2 -o f32_to_extF80.o ../../source/f32_to_extF80.c
cc -c -Werror-implicit-function-declaration -DSOFTFLOAT_ROUND_ODD -I. -I../../source/RISCV -I../../source/include -O2 -o f32_to_extF80M.o ../../source/f32_to_extF80M.c
cc -c -Werror-implicit-function-declaration -DSOFTFLOAT_ROUND_ODD -I. -I../../source/RISCV -I../../source/include -O2 -o f32_to_f128.o ../../source/f32_to_f128.c
cc -c -Werror-implicit-function-declaration -DSOFTFLOAT_ROUND_ODD -I. -I../../source/RISCV -I../../source/include -O2 -o f32_to_f128M.o ../../source/f32_to_f128M.c
cc -c -Werror-implicit-function-declaration -DSOFTFLOAT_ROUND_ODD -I. -I../../source/RISCV -I../../source/include -O2 -o f32_roundToInt.o ../../source/f32_roundToInt.c
cc -c -Werror-implicit-function-declaration -DSOFTFLOAT_ROUND_ODD -I. -I../../source/RISCV -I../../source/include -O2 -o f32_add.o ../../source/f32_add.c
cc -c -Werror-implicit-function-declaration -DSOFTFLOAT_ROUND_ODD -I. -I../../source/RISCV -I../../source/include -O2 -o f32_sub.o ../../source/f32_sub.c
cc -c -Werror-implicit-function-declaration -DSOFTFLOAT_ROUND_ODD -I. -I../../source/RISCV -I../../source/include -O2 -o f32_mul.o ../../source/f32_mul.c
cc -c -Werror-implicit-function-declaration -DSOFTFLOAT_ROUND_ODD -I. -I../../source/RISCV -I../../source/include -O2 -o f32_mulAdd.o ../../source/f32_mulAdd.c
cc -c -Werror-implicit-function-declaration -DSOFTFLOAT_ROUND_ODD -I. -I../../source/RISCV -I../../source/include -O2 -o f32_div.o ../../source/f32_div.c
cc -c -Werror-implicit-function-declaration -DSOFTFLOAT_ROUND_ODD -I. -I../../source/RISCV -I../../source/include -O2 -o f32_rem.o ../../source/f32_rem.c
cc -c -Werror-implicit-function-declaration -DSOFTFLOAT_ROUND_ODD -I. -I../../source/RISCV -I../../source/include -O2 -o f32_sqrt.o ../../source/f32_sqrt.c
cc -c -Werror-implicit-function-declaration -DSOFTFLOAT_ROUND_ODD -I. -I../../source/RISCV -I../../source/include -O2 -o f32_eq.o ../../source/f32_eq.c
cc -c -Werror-implicit-function-declaration -DSOFTFLOAT_ROUND_ODD -I. -I../../source/RISCV -I../../source/include -O2 -o f32_le.o ../../source/f32_le.c
cc -c -Werror-implicit-function-declaration -DSOFTFLOAT_ROUND_ODD -I. -I../../source/RISCV -I../../source/include -O2 -o f32_lt.o ../../source/f32_lt.c
cc -c -Werror-implicit-function-declaration -DSOFTFLOAT_ROUND_ODD -I. -I../../source/RISCV -I../../source/include -O2 -o f32_eq_signaling.o ../../source/f32_eq_signaling.c
cc -c -Werror-implicit-function-declaration -DSOFTFLOAT_ROUND_ODD -I. -I../../source/RISCV -I../../source/include -O2 -o f32_le_quiet.o ../../source/f32_le_quiet.c
cc -c -Werror-implicit-function-declaration -DSOFTFLOAT_ROUND_ODD -I. -I../../source/RISCV -I../../source/include -O2 -o f32_lt_quiet.o ../../source/f32_lt_quiet.c
cc -c -Werror-implicit-function-declaration -DSOFTFLOAT_ROUND_ODD -I. -I../../source/RISCV -I../../source/include -O2 -o f32_isSignalingNaN.o ../../source/f32_isSignalingNaN.c
cc -c -Werror-implicit-function-declaration -DSOFTFLOAT_ROUND_ODD -I. -I../../source/RISCV -I../../source/include -O2 -o f64_to_ui32.o ../../source/f64_to_ui32.c
cc -c -Werror-implicit-function-declaration -DSOFTFLOAT_ROUND_ODD -I. -I../../source/RISCV -I../../source/include -O2 -o f64_to_ui64.o ../../source/f64_to_ui64.c
cc -c -Werror-implicit-function-declaration -DSOFTFLOAT_ROUND_ODD -I. -I../../source/RISCV -I../../source/include -O2 -o f64_to_i32.o ../../source/f64_to_i32.c
cc -c -Werror-implicit-function-declaration -DSOFTFLOAT_ROUND_ODD -I. -I../../source/RISCV -I../../source/include -O2 -o f64_to_i64.o ../../source/f64_to_i64.c
cc -c -Werror-implicit-function-declaration -DSOFTFLOAT_ROUND_ODD -I. -I../../source/RISCV -I../../source/include -O2 -o f64_to_ui32_r_minMag.o ../../source/f64_to_ui32_r_minMag.c
cc -c -Werror-implicit-function-declaration -DSOFTFLOAT_ROUND_ODD -I. -I../../source/RISCV -I../../source/include -O2 -o f64_to_ui64_r_minMag.o ../../source/f64_to_ui64_r_minMag.c
cc -c -Werror-implicit-function-declaration -DSOFTFLOAT_ROUND_ODD -I. -I../../source/RISCV -I../../source/include -O2 -o f64_to_i32_r_minMag.o ../../source/f64_to_i32_r_minMag.c
cc -c -Werror-implicit-function-declaration -DSOFTFLOAT_ROUND_ODD -I. -I../../source/RISCV -I../../source/include -O2 -o f64_to_i64_r_minMag.o ../../source/f64_to_i64_r_minMag.c
cc -c -Werror-implicit-function-declaration -DSOFTFLOAT_ROUND_ODD -I. -I../../source/RISCV -I../../source/include -O2 -o f64_to_f16.o ../../source/f64_to_f16.c
cc -c -Werror-implicit-function-declaration -DSOFTFLOAT_ROUND_ODD -I. -I../../source/RISCV -I../../source/include -O2 -o f64_to_f32.o ../../source/f64_to_f32.c
cc -c -Werror-implicit-function-declaration -DSOFTFLOAT_ROUND_ODD -I. -I../../source/RISCV -I../../source/include -O2 -o f64_to_extF80.o ../../source/f64_to_extF80.c
cc -c -Werror-implicit-function-declaration -DSOFTFLOAT_ROUND_ODD -I. -I../../source/RISCV -I../../source/include -O2 -o f64_to_extF80M.o ../../source/f64_to_extF80M.c
cc -c -Werror-implicit-function-declaration -DSOFTFLOAT_ROUND_ODD -I. -I../../source/RISCV -I../../source/include -O2 -o f64_to_f128.o ../../source/f64_to_f128.c
cc -c -Werror-implicit-function-declaration -DSOFTFLOAT_ROUND_ODD -I. -I../../source/RISCV -I../../source/include -O2 -o f64_to_f128M.o ../../source/f64_to_f128M.c
cc -c -Werror-implicit-function-declaration -DSOFTFLOAT_ROUND_ODD -I. -I../../source/RISCV -I../../source/include -O2 -o f64_roundToInt.o ../../source/f64_roundToInt.c
cc -c -Werror-implicit-function-declaration -DSOFTFLOAT_ROUND_ODD -I. -I../../source/RISCV -I../../source/include -O2 -o f64_add.o ../../source/f64_add.c
cc -c -Werror-implicit-function-declaration -DSOFTFLOAT_ROUND_ODD -I. -I../../source/RISCV -I../../source/include -O2 -o f64_sub.o ../../source/f64_sub.c
cc -c -Werror-implicit-function-declaration -DSOFTFLOAT_ROUND_ODD -I. -I../../source/RISCV -I../../source/include -O2 -o f64_mul.o ../../source/f64_mul.c
cc -c -Werror-implicit-function-declaration -DSOFTFLOAT_ROUND_ODD -I. -I../../source/RISCV -I../../source/include -O2 -o f64_mulAdd.o ../../source/f64_mulAdd.c
cc -c -Werror-implicit-function-declaration -DSOFTFLOAT_ROUND_ODD -I. -I../../source/RISCV -I../../source/include -O2 -o f64_div.o ../../source/f64_div.c
cc -c -Werror-implicit-function-declaration -DSOFTFLOAT_ROUND_ODD -I. -I../../source/RISCV -I../../source/include -O2 -o f64_rem.o ../../source/f64_rem.c
cc -c -Werror-implicit-function-declaration -DSOFTFLOAT_ROUND_ODD -I. -I../../source/RISCV -I../../source/include -O2 -o f64_sqrt.o ../../source/f64_sqrt.c
cc -c -Werror-implicit-function-declaration -DSOFTFLOAT_ROUND_ODD -I. -I../../source/RISCV -I../../source/include -O2 -o f64_eq.o ../../source/f64_eq.c
cc -c -Werror-implicit-function-declaration -DSOFTFLOAT_ROUND_ODD -I. -I../../source/RISCV -I../../source/include -O2 -o f64_le.o ../../source/f64_le.c
cc -c -Werror-implicit-function-declaration -DSOFTFLOAT_ROUND_ODD -I. -I../../source/RISCV -I../../source/include -O2 -o f64_lt.o ../../source/f64_lt.c
cc -c -Werror-implicit-function-declaration -DSOFTFLOAT_ROUND_ODD -I. -I../../source/RISCV -I../../source/include -O2 -o f64_eq_signaling.o ../../source/f64_eq_signaling.c
cc -c -Werror-implicit-function-declaration -DSOFTFLOAT_ROUND_ODD -I. -I../../source/RISCV -I../../source/include -O2 -o f64_le_quiet.o ../../source/f64_le_quiet.c
cc -c -Werror-implicit-function-declaration -DSOFTFLOAT_ROUND_ODD -I. -I../../source/RISCV -I../../source/include -O2 -o f64_lt_quiet.o ../../source/f64_lt_quiet.c
cc -c -Werror-implicit-function-declaration -DSOFTFLOAT_ROUND_ODD -I. -I../../source/RISCV -I../../source/include -O2 -o f64_isSignalingNaN.o ../../source/f64_isSignalingNaN.c
cc -c -Werror-implicit-function-declaration -DSOFTFLOAT_ROUND_ODD -I. -I../../source/RISCV -I../../source/include -O2 -o extF80_to_ui32.o ../../source/extF80_to_ui32.c
cc -c -Werror-implicit-function-declaration -DSOFTFLOAT_ROUND_ODD -I. -I../../source/RISCV -I../../source/include -O2 -o extF80_to_ui64.o ../../source/extF80_to_ui64.c
cc -c -Werror-implicit-function-declaration -DSOFTFLOAT_ROUND_ODD -I. -I../../source/RISCV -I../../source/include -O2 -o extF80_to_i32.o ../../source/extF80_to_i32.c
cc -c -Werror-implicit-function-declaration -DSOFTFLOAT_ROUND_ODD -I. -I../../source/RISCV -I../../source/include -O2 -o extF80_to_i64.o ../../source/extF80_to_i64.c
cc -c -Werror-implicit-function-declaration -DSOFTFLOAT_ROUND_ODD -I. -I../../source/RISCV -I../../source/include -O2 -o extF80_to_ui32_r_minMag.o ../../source/extF80_to_ui32_r_minMag.c
cc -c -Werror-implicit-function-declaration -DSOFTFLOAT_ROUND_ODD -I. -I../../source/RISCV -I../../source/include -O2 -o extF80_to_ui64_r_minMag.o ../../source/extF80_to_ui64_r_minMag.c
cc -c -Werror-implicit-function-declaration -DSOFTFLOAT_ROUND_ODD -I. -I../../source/RISCV -I../../source/include -O2 -o extF80_to_i32_r_minMag.o ../../source/extF80_to_i32_r_minMag.c
cc -c -Werror-implicit-function-declaration -DSOFTFLOAT_ROUND_ODD -I. -I../../source/RISCV -I../../source/include -O2 -o extF80_to_i64_r_minMag.o ../../source/extF80_to_i64_r_minMag.c
cc -c -Werror-implicit-function-declaration -DSOFTFLOAT_ROUND_ODD -I. -I../../source/RISCV -I../../source/include -O2 -o extF80_to_f16.o ../../source/extF80_to_f16.c
cc -c -Werror-implicit-function-declaration -DSOFTFLOAT_ROUND_ODD -I. -I../../source/RISCV -I../../source/include -O2 -o extF80_to_f32.o ../../source/extF80_to_f32.c
cc -c -Werror-implicit-function-declaration -DSOFTFLOAT_ROUND_ODD -I. -I../../source/RISCV -I../../source/include -O2 -o extF80_to_f64.o ../../source/extF80_to_f64.c
cc -c -Werror-implicit-function-declaration -DSOFTFLOAT_ROUND_ODD -I. -I../../source/RISCV -I../../source/include -O2 -o extF80_to_f128.o ../../source/extF80_to_f128.c
cc -c -Werror-implicit-function-declaration -DSOFTFLOAT_ROUND_ODD -I. -I../../source/RISCV -I../../source/include -O2 -o extF80_roundToInt.o ../../source/extF80_roundToInt.c
cc -c -Werror-implicit-function-declaration -DSOFTFLOAT_ROUND_ODD -I. -I../../source/RISCV -I../../source/include -O2 -o extF80_add.o ../../source/extF80_add.c
cc -c -Werror-implicit-function-declaration -DSOFTFLOAT_ROUND_ODD -I. -I../../source/RISCV -I../../source/include -O2 -o extF80_sub.o ../../source/extF80_sub.c
cc -c -Werror-implicit-function-declaration -DSOFTFLOAT_ROUND_ODD -I. -I../../source/RISCV -I../../source/include -O2 -o extF80_mul.o ../../source/extF80_mul.c
cc -c -Werror-implicit-function-declaration -DSOFTFLOAT_ROUND_ODD -I. -I../../source/RISCV -I../../source/include -O2 -o extF80_div.o ../../source/extF80_div.c
cc -c -Werror-implicit-function-declaration -DSOFTFLOAT_ROUND_ODD -I. -I../../source/RISCV -I../../source/include -O2 -o extF80_rem.o ../../source/extF80_rem.c
cc -c -Werror-implicit-function-declaration -DSOFTFLOAT_ROUND_ODD -I. -I../../source/RISCV -I../../source/include -O2 -o extF80_sqrt.o ../../source/extF80_sqrt.c
cc -c -Werror-implicit-function-declaration -DSOFTFLOAT_ROUND_ODD -I. -I../../source/RISCV -I../../source/include -O2 -o extF80_eq.o ../../source/extF80_eq.c
cc -c -Werror-implicit-function-declaration -DSOFTFLOAT_ROUND_ODD -I. -I../../source/RISCV -I../../source/include -O2 -o extF80_le.o ../../source/extF80_le.c
cc -c -Werror-implicit-function-declaration -DSOFTFLOAT_ROUND_ODD -I. -I../../source/RISCV -I../../source/include -O2 -o extF80_lt.o ../../source/extF80_lt.c
cc -c -Werror-implicit-function-declaration -DSOFTFLOAT_ROUND_ODD -I. -I../../source/RISCV -I../../source/include -O2 -o extF80_eq_signaling.o ../../source/extF80_eq_signaling.c
cc -c -Werror-implicit-function-declaration -DSOFTFLOAT_ROUND_ODD -I. -I../../source/RISCV -I../../source/include -O2 -o extF80_le_quiet.o ../../source/extF80_le_quiet.c
cc -c -Werror-implicit-function-declaration -DSOFTFLOAT_ROUND_ODD -I. -I../../source/RISCV -I../../source/include -O2 -o extF80_lt_quiet.o ../../source/extF80_lt_quiet.c
cc -c -Werror-implicit-function-declaration -DSOFTFLOAT_ROUND_ODD -I. -I../../source/RISCV -I../../source/include -O2 -o extF80_isSignalingNaN.o ../../source/extF80_isSignalingNaN.c
cc -c -Werror-implicit-function-declaration -DSOFTFLOAT_ROUND_ODD -I. -I../../source/RISCV -I../../source/include -O2 -o extF80M_to_ui32.o ../../source/extF80M_to_ui32.c
cc -c -Werror-implicit-function-declaration -DSOFTFLOAT_ROUND_ODD -I. -I../../source/RISCV -I../../source/include -O2 -o extF80M_to_ui64.o ../../source/extF80M_to_ui64.c
cc -c -Werror-implicit-function-declaration -DSOFTFLOAT_ROUND_ODD -I. -I../../source/RISCV -I../../source/include -O2 -o extF80M_to_i32.o ../../source/extF80M_to_i32.c
cc -c -Werror-implicit-function-declaration -DSOFTFLOAT_ROUND_ODD -I. -I../../source/RISCV -I../../source/include -O2 -o extF80M_to_i64.o ../../source/extF80M_to_i64.c
cc -c -Werror-implicit-function-declaration -DSOFTFLOAT_ROUND_ODD -I. -I../../source/RISCV -I../../source/include -O2 -o extF80M_to_ui32_r_minMag.o ../../source/extF80M_to_ui32_r_minMag.c
cc -c -Werror-implicit-function-declaration -DSOFTFLOAT_ROUND_ODD -I. -I../../source/RISCV -I../../source/include -O2 -o extF80M_to_ui64_r_minMag.o ../../source/extF80M_to_ui64_r_minMag.c
cc -c -Werror-implicit-function-declaration -DSOFTFLOAT_ROUND_ODD -I. -I../../source/RISCV -I../../source/include -O2 -o extF80M_to_i32_r_minMag.o ../../source/extF80M_to_i32_r_minMag.c
cc -c -Werror-implicit-function-declaration -DSOFTFLOAT_ROUND_ODD -I. -I../../source/RISCV -I../../source/include -O2 -o extF80M_to_i64_r_minMag.o ../../source/extF80M_to_i64_r_minMag.c
cc -c -Werror-implicit-function-declaration -DSOFTFLOAT_ROUND_ODD -I. -I../../source/RISCV -I../../source/include -O2 -o extF80M_to_f16.o ../../source/extF80M_to_f16.c
cc -c -Werror-implicit-function-declaration -DSOFTFLOAT_ROUND_ODD -I. -I../../source/RISCV -I../../source/include -O2 -o extF80M_to_f32.o ../../source/extF80M_to_f32.c
cc -c -Werror-implicit-function-declaration -DSOFTFLOAT_ROUND_ODD -I. -I../../source/RISCV -I../../source/include -O2 -o extF80M_to_f64.o ../../source/extF80M_to_f64.c
cc -c -Werror-implicit-function-declaration -DSOFTFLOAT_ROUND_ODD -I. -I../../source/RISCV -I../../source/include -O2 -o extF80M_to_f128M.o ../../source/extF80M_to_f128M.c
cc -c -Werror-implicit-function-declaration -DSOFTFLOAT_ROUND_ODD -I. -I../../source/RISCV -I../../source/include -O2 -o extF80M_roundToInt.o ../../source/extF80M_roundToInt.c
cc -c -Werror-implicit-function-declaration -DSOFTFLOAT_ROUND_ODD -I. -I../../source/RISCV -I../../source/include -O2 -o extF80M_add.o ../../source/extF80M_add.c
cc -c -Werror-implicit-function-declaration -DSOFTFLOAT_ROUND_ODD -I. -I../../source/RISCV -I../../source/include -O2 -o extF80M_sub.o ../../source/extF80M_sub.c
cc -c -Werror-implicit-function-declaration -DSOFTFLOAT_ROUND_ODD -I. -I../../source/RISCV -I../../source/include -O2 -o extF80M_mul.o ../../source/extF80M_mul.c
cc -c -Werror-implicit-function-declaration -DSOFTFLOAT_ROUND_ODD -I. -I../../source/RISCV -I../../source/include -O2 -o extF80M_div.o ../../source/extF80M_div.c
cc -c -Werror-implicit-function-declaration -DSOFTFLOAT_ROUND_ODD -I. -I../../source/RISCV -I../../source/include -O2 -o extF80M_rem.o ../../source/extF80M_rem.c
cc -c -Werror-implicit-function-declaration -DSOFTFLOAT_ROUND_ODD -I. -I../../source/RISCV -I../../source/include -O2 -o extF80M_sqrt.o ../../source/extF80M_sqrt.c
cc -c -Werror-implicit-function-declaration -DSOFTFLOAT_ROUND_ODD -I. -I../../source/RISCV -I../../source/include -O2 -o extF80M_eq.o ../../source/extF80M_eq.c
cc -c -Werror-implicit-function-declaration -DSOFTFLOAT_ROUND_ODD -I. -I../../source/RISCV -I../../source/include -O2 -o extF80M_le.o ../../source/extF80M_le.c
cc -c -Werror-implicit-function-declaration -DSOFTFLOAT_ROUND_ODD -I. -I../../source/RISCV -I../../source/include -O2 -o extF80M_lt.o ../../source/extF80M_lt.c
cc -c -Werror-implicit-function-declaration -DSOFTFLOAT_ROUND_ODD -I. -I../../source/RISCV -I../../source/include -O2 -o extF80M_eq_signaling.o ../../source/extF80M_eq_signaling.c
cc -c -Werror-implicit-function-declaration -DSOFTFLOAT_ROUND_ODD -I. -I../../source/RISCV -I../../source/include -O2 -o extF80M_le_quiet.o ../../source/extF80M_le_quiet.c
cc -c -Werror-implicit-function-declaration -DSOFTFLOAT_ROUND_ODD -I. -I../../source/RISCV -I../../source/include -O2 -o extF80M_lt_quiet.o ../../source/extF80M_lt_quiet.c
cc -c -Werror-implicit-function-declaration -DSOFTFLOAT_ROUND_ODD -I. -I../../source/RISCV -I../../source/include -O2 -o f128_to_ui32.o ../../source/f128_to_ui32.c
cc -c -Werror-implicit-function-declaration -DSOFTFLOAT_ROUND_ODD -I. -I../../source/RISCV -I../../source/include -O2 -o f128_to_ui64.o ../../source/f128_to_ui64.c
cc -c -Werror-implicit-function-declaration -DSOFTFLOAT_ROUND_ODD -I. -I../../source/RISCV -I../../source/include -O2 -o f128_to_i32.o ../../source/f128_to_i32.c
cc -c -Werror-implicit-function-declaration -DSOFTFLOAT_ROUND_ODD -I. -I../../source/RISCV -I../../source/include -O2 -o f128_to_i64.o ../../source/f128_to_i64.c
cc -c -Werror-implicit-function-declaration -DSOFTFLOAT_ROUND_ODD -I. -I../../source/RISCV -I../../source/include -O2 -o f128_to_ui32_r_minMag.o ../../source/f128_to_ui32_r_minMag.c
cc -c -Werror-implicit-function-declaration -DSOFTFLOAT_ROUND_ODD -I. -I../../source/RISCV -I../../source/include -O2 -o f128_to_ui64_r_minMag.o ../../source/f128_to_ui64_r_minMag.c
cc -c -Werror-implicit-function-declaration -DSOFTFLOAT_ROUND_ODD -I. -I../../source/RISCV -I../../source/include -O2 -o f128_to_i32_r_minMag.o ../../source/f128_to_i32_r_minMag.c
cc -c -Werror-implicit-function-declaration -DSOFTFLOAT_ROUND_ODD -I. -I../../source/RISCV -I../../source/include -O2 -o f128_to_i64_r_minMag.o ../../source/f128_to_i64_r_minMag.c
cc -c -Werror-implicit-function-declaration -DSOFTFLOAT_ROUND_ODD -I. -I../../source/RISCV -I../../source/include -O2 -o f128_to_f16.o ../../source/f128_to_f16.c
cc -c -Werror-implicit-function-declaration -DSOFTFLOAT_ROUND_ODD -I. -I../../source/RISCV -I../../source/include -O2 -o f128_to_f32.o ../../source/f128_to_f32.c
cc -c -Werror-implicit-function-declaration -DSOFTFLOAT_ROUND_ODD -I. -I../../source/RISCV -I../../source/include -O2 -o f128_to_extF80.o ../../source/f128_to_extF80.c
cc -c -Werror-implicit-function-declaration -DSOFTFLOAT_ROUND_ODD -I. -I../../source/RISCV -I../../source/include -O2 -o f128_to_f64.o ../../source/f128_to_f64.c
cc -c -Werror-implicit-function-declaration -DSOFTFLOAT_ROUND_ODD -I. -I../../source/RISCV -I../../source/include -O2 -o f128_roundToInt.o ../../source/f128_roundToInt.c
cc -c -Werror-implicit-function-declaration -DSOFTFLOAT_ROUND_ODD -I. -I../../source/RISCV -I../../source/include -O2 -o f128_add.o ../../source/f128_add.c
cc -c -Werror-implicit-function-declaration -DSOFTFLOAT_ROUND_ODD -I. -I../../source/RISCV -I../../source/include -O2 -o f128_sub.o ../../source/f128_sub.c
cc -c -Werror-implicit-function-declaration -DSOFTFLOAT_ROUND_ODD -I. -I../../source/RISCV -I../../source/include -O2 -o f128_mul.o ../../source/f128_mul.c
cc -c -Werror-implicit-function-declaration -DSOFTFLOAT_ROUND_ODD -I. -I../../source/RISCV -I../../source/include -O2 -o f128_mulAdd.o ../../source/f128_mulAdd.c
cc -c -Werror-implicit-function-declaration -DSOFTFLOAT_ROUND_ODD -I. -I../../source/RISCV -I../../source/include -O2 -o f128_div.o ../../source/f128_div.c
cc -c -Werror-implicit-function-declaration -DSOFTFLOAT_ROUND_ODD -I. -I../../source/RISCV -I../../source/include -O2 -o f128_rem.o ../../source/f128_rem.c
cc -c -Werror-implicit-function-declaration -DSOFTFLOAT_ROUND_ODD -I. -I../../source/RISCV -I../../source/include -O2 -o f128_sqrt.o ../../source/f128_sqrt.c
cc -c -Werror-implicit-function-declaration -DSOFTFLOAT_ROUND_ODD -I. -I../../source/RISCV -I../../source/include -O2 -o f128_eq.o ../../source/f128_eq.c
cc -c -Werror-implicit-function-declaration -DSOFTFLOAT_ROUND_ODD -I. -I../../source/RISCV -I../../source/include -O2 -o f128_le.o ../../source/f128_le.c
cc -c -Werror-implicit-function-declaration -DSOFTFLOAT_ROUND_ODD -I. -I../../source/RISCV -I../../source/include -O2 -o f128_lt.o ../../source/f128_lt.c
cc -c -Werror-implicit-function-declaration -DSOFTFLOAT_ROUND_ODD -I. -I../../source/RISCV -I../../source/include -O2 -o f128_eq_signaling.o ../../source/f128_eq_signaling.c
cc -c -Werror-implicit-function-declaration -DSOFTFLOAT_ROUND_ODD -I. -I../../source/RISCV -I../../source/include -O2 -o f128_le_quiet.o ../../source/f128_le_quiet.c
cc -c -Werror-implicit-function-declaration -DSOFTFLOAT_ROUND_ODD -I. -I../../source/RISCV -I../../source/include -O2 -o f128_lt_quiet.o ../../source/f128_lt_quiet.c
cc -c -Werror-implicit-function-declaration -DSOFTFLOAT_ROUND_ODD -I. -I../../source/RISCV -I../../source/include -O2 -o f128_isSignalingNaN.o ../../source/f128_isSignalingNaN.c
cc -c -Werror-implicit-function-declaration -DSOFTFLOAT_ROUND_ODD -I. -I../../source/RISCV -I../../source/include -O2 -o f128M_to_ui32.o ../../source/f128M_to_ui32.c
cc -c -Werror-implicit-function-declaration -DSOFTFLOAT_ROUND_ODD -I. -I../../source/RISCV -I../../source/include -O2 -o f128M_to_ui64.o ../../source/f128M_to_ui64.c
cc -c -Werror-implicit-function-declaration -DSOFTFLOAT_ROUND_ODD -I. -I../../source/RISCV -I../../source/include -O2 -o f128M_to_i32.o ../../source/f128M_to_i32.c
cc -c -Werror-implicit-function-declaration -DSOFTFLOAT_ROUND_ODD -I. -I../../source/RISCV -I../../source/include -O2 -o f128M_to_i64.o ../../source/f128M_to_i64.c
cc -c -Werror-implicit-function-declaration -DSOFTFLOAT_ROUND_ODD -I. -I../../source/RISCV -I../../source/include -O2 -o f128M_to_ui32_r_minMag.o ../../source/f128M_to_ui32_r_minMag.c
cc -c -Werror-implicit-function-declaration -DSOFTFLOAT_ROUND_ODD -I. -I../../source/RISCV -I../../source/include -O2 -o f128M_to_ui64_r_minMag.o ../../source/f128M_to_ui64_r_minMag.c
cc -c -Werror-implicit-function-declaration -DSOFTFLOAT_ROUND_ODD -I. -I../../source/RISCV -I../../source/include -O2 -o f128M_to_i32_r_minMag.o ../../source/f128M_to_i32_r_minMag.c
cc -c -Werror-implicit-function-declaration -DSOFTFLOAT_ROUND_ODD -I. -I../../source/RISCV -I../../source/include -O2 -o f128M_to_i64_r_minMag.o ../../source/f128M_to_i64_r_minMag.c
cc -c -Werror-implicit-function-declaration -DSOFTFLOAT_ROUND_ODD -I. -I../../source/RISCV -I../../source/include -O2 -o f128M_to_f16.o ../../source/f128M_to_f16.c
cc -c -Werror-implicit-function-declaration -DSOFTFLOAT_ROUND_ODD -I. -I../../source/RISCV -I../../source/include -O2 -o f128M_to_f32.o ../../source/f128M_to_f32.c
cc -c -Werror-implicit-function-declaration -DSOFTFLOAT_ROUND_ODD -I. -I../../source/RISCV -I../../source/include -O2 -o f128M_to_extF80M.o ../../source/f128M_to_extF80M.c
cc -c -Werror-implicit-function-declaration -DSOFTFLOAT_ROUND_ODD -I. -I../../source/RISCV -I../../source/include -O2 -o f128M_to_f64.o ../../source/f128M_to_f64.c
cc -c -Werror-implicit-function-declaration -DSOFTFLOAT_ROUND_ODD -I. -I../../source/RISCV -I../../source/include -O2 -o f128M_roundToInt.o ../../source/f128M_roundToInt.c
cc -c -Werror-implicit-function-declaration -DSOFTFLOAT_ROUND_ODD -I. -I../../source/RISCV -I../../source/include -O2 -o f128M_add.o ../../source/f128M_add.c
cc -c -Werror-implicit-function-declaration -DSOFTFLOAT_ROUND_ODD -I. -I../../source/RISCV -I../../source/include -O2 -o f128M_sub.o ../../source/f128M_sub.c
cc -c -Werror-implicit-function-declaration -DSOFTFLOAT_ROUND_ODD -I. -I../../source/RISCV -I../../source/include -O2 -o f128M_mul.o ../../source/f128M_mul.c
cc -c -Werror-implicit-function-declaration -DSOFTFLOAT_ROUND_ODD -I. -I../../source/RISCV -I../../source/include -O2 -o f128M_mulAdd.o ../../source/f128M_mulAdd.c
cc -c -Werror-implicit-function-declaration -DSOFTFLOAT_ROUND_ODD -I. -I../../source/RISCV -I../../source/include -O2 -o f128M_div.o ../../source/f128M_div.c
cc -c -Werror-implicit-function-declaration -DSOFTFLOAT_ROUND_ODD -I. -I../../source/RISCV -I../../source/include -O2 -o f128M_rem.o ../../source/f128M_rem.c
cc -c -Werror-implicit-function-declaration -DSOFTFLOAT_ROUND_ODD -I. -I../../source/RISCV -I../../source/include -O2 -o f128M_sqrt.o ../../source/f128M_sqrt.c
cc -c -Werror-implicit-function-declaration -DSOFTFLOAT_ROUND_ODD -I. -I../../source/RISCV -I../../source/include -O2 -o f128M_eq.o ../../source/f128M_eq.c
cc -c -Werror-implicit-function-declaration -DSOFTFLOAT_ROUND_ODD -I. -I../../source/RISCV -I../../source/include -O2 -o f128M_le.o ../../source/f128M_le.c
cc -c -Werror-implicit-function-declaration -DSOFTFLOAT_ROUND_ODD -I. -I../../source/RISCV -I../../source/include -O2 -o f128M_lt.o ../../source/f128M_lt.c
cc -c -Werror-implicit-function-declaration -DSOFTFLOAT_ROUND_ODD -I. -I../../source/RISCV -I../../source/include -O2 -o f128M_eq_signaling.o ../../source/f128M_eq_signaling.c
cc -c -Werror-implicit-function-declaration -DSOFTFLOAT_ROUND_ODD -I. -I../../source/RISCV -I../../source/include -O2 -o f128M_le_quiet.o ../../source/f128M_le_quiet.c
cc -c -Werror-implicit-function-declaration -DSOFTFLOAT_ROUND_ODD -I. -I../../source/RISCV -I../../source/include -O2 -o f128M_lt_quiet.o ../../source/f128M_lt_quiet.c
rm -f softfloat.a
ar crs softfloat.a s_eq128.o s_le128.o s_lt128.o s_shortShiftLeft128.o s_shortShiftRight128.o s_shortShiftRightJam64.o s_shortShiftRightJam64Extra.o s_shortShiftRightJam128.o s_shortShiftRightJam128Extra.o s_shiftRightJam32.o s_shiftRightJam64.o s_shiftRightJam64Extra.o s_shiftRightJam128.o s_shiftRightJam128Extra.o s_shiftRightJam256M.o s_countLeadingZeros8.o s_countLeadingZeros16.o s_countLeadingZeros32.o s_countLeadingZeros64.o s_add128.o s_add256M.o s_sub128.o s_sub256M.o s_mul64ByShifted32To128.o s_mul64To128.o s_mul128By32.o s_mul128To256M.o s_approxRecip_1Ks.o s_approxRecip32_1.o s_approxRecipSqrt_1Ks.o s_approxRecipSqrt32_1.o softfloat_raiseFlags.o s_propagateNaNF16UI.o s_f32UIToCommonNaN.o s_commonNaNToF32UI.o s_propagateNaNF32UI.o s_f64UIToCommonNaN.o s_commonNaNToF64UI.o s_propagateNaNF64UI.o s_propagateNaNF128UI.o s_roundToUI32.o s_roundToUI64.o s_roundToI32.o s_roundToI64.o s_normSubnormalF16Sig.o s_roundPackToF16.o s_normRoundPackToF16.o s_addMagsF16.o s_subMagsF16.o s_mulAddF16.o s_normSubnormalF32Sig.o s_roundPackToF32.o s_normRoundPackToF32.o s_addMagsF32.o s_subMagsF32.o s_mulAddF32.o s_normSubnormalF64Sig.o s_roundPackToF64.o s_normRoundPackToF64.o s_addMagsF64.o s_subMagsF64.o s_mulAddF64.o s_normSubnormalExtF80Sig.o s_roundPackToExtF80.o s_normRoundPackToExtF80.o s_addMagsExtF80.o s_subMagsExtF80.o s_normSubnormalF128Sig.o s_roundPackToF128.o s_normRoundPackToF128.o s_addMagsF128.o s_subMagsF128.o s_mulAddF128.o softfloat_state.o ui32_to_f16.o ui32_to_f32.o ui32_to_f64.o ui32_to_extF80.o ui32_to_extF80M.o ui32_to_f128.o ui32_to_f128M.o ui64_to_f16.o ui64_to_f32.o ui64_to_f64.o ui64_to_extF80.o ui64_to_extF80M.o ui64_to_f128.o ui64_to_f128M.o i32_to_f16.o i32_to_f32.o i32_to_f64.o i32_to_extF80.o i32_to_extF80M.o i32_to_f128.o i32_to_f128M.o i64_to_f16.o i64_to_f32.o i64_to_f64.o i64_to_extF80.o i64_to_extF80M.o i64_to_f128.o i64_to_f128M.o f16_to_ui32.o f16_to_ui64.o f16_to_i32.o f16_to_i64.o f16_to_ui32_r_minMag.o f16_to_ui64_r_minMag.o f16_to_i32_r_minMag.o f16_to_i64_r_minMag.o f16_to_f32.o f16_to_f64.o f16_to_extF80.o f16_to_extF80M.o f16_to_f128.o f16_to_f128M.o f16_roundToInt.o f16_add.o f16_sub.o f16_mul.o f16_mulAdd.o f16_div.o f16_rem.o f16_sqrt.o f16_eq.o f16_le.o f16_lt.o f16_eq_signaling.o f16_le_quiet.o f16_lt_quiet.o f16_isSignalingNaN.o f32_to_ui32.o f32_to_ui64.o f32_to_i32.o f32_to_i64.o f32_to_ui32_r_minMag.o f32_to_ui64_r_minMag.o f32_to_i32_r_minMag.o f32_to_i64_r_minMag.o f32_to_f16.o f32_to_f64.o f32_to_extF80.o f32_to_extF80M.o f32_to_f128.o f32_to_f128M.o f32_roundToInt.o f32_add.o f32_sub.o f32_mul.o f32_mulAdd.o f32_div.o f32_rem.o f32_sqrt.o f32_eq.o f32_le.o f32_lt.o f32_eq_signaling.o f32_le_quiet.o f32_lt_quiet.o f32_isSignalingNaN.o f64_to_ui32.o f64_to_ui64.o f64_to_i32.o f64_to_i64.o f64_to_ui32_r_minMag.o f64_to_ui64_r_minMag.o f64_to_i32_r_minMag.o f64_to_i64_r_minMag.o f64_to_f16.o f64_to_f32.o f64_to_extF80.o f64_to_extF80M.o f64_to_f128.o f64_to_f128M.o f64_roundToInt.o f64_add.o f64_sub.o f64_mul.o f64_mulAdd.o f64_div.o f64_rem.o f64_sqrt.o f64_eq.o f64_le.o f64_lt.o f64_eq_signaling.o f64_le_quiet.o f64_lt_quiet.o f64_isSignalingNaN.o extF80_to_ui32.o extF80_to_ui64.o extF80_to_i32.o extF80_to_i64.o extF80_to_ui32_r_minMag.o extF80_to_ui64_r_minMag.o extF80_to_i32_r_minMag.o extF80_to_i64_r_minMag.o extF80_to_f16.o extF80_to_f32.o extF80_to_f64.o extF80_to_f128.o extF80_roundToInt.o extF80_add.o extF80_sub.o extF80_mul.o extF80_div.o extF80_rem.o extF80_sqrt.o extF80_eq.o extF80_le.o extF80_lt.o extF80_eq_signaling.o extF80_le_quiet.o extF80_lt_quiet.o extF80_isSignalingNaN.o extF80M_to_ui32.o extF80M_to_ui64.o extF80M_to_i32.o extF80M_to_i64.o extF80M_to_ui32_r_minMag.o extF80M_to_ui64_r_minMag.o extF80M_to_i32_r_minMag.o extF80M_to_i64_r_minMag.o extF80M_to_f16.o extF80M_to_f32.o extF80M_to_f64.o extF80M_to_f128M.o extF80M_roundToInt.o extF80M_add.o extF80M_sub.o extF80M_mul.o extF80M_div.o extF80M_rem.o extF80M_sqrt.o extF80M_eq.o extF80M_le.o extF80M_lt.o extF80M_eq_signaling.o extF80M_le_quiet.o extF80M_lt_quiet.o f128_to_ui32.o f128_to_ui64.o f128_to_i32.o f128_to_i64.o f128_to_ui32_r_minMag.o f128_to_ui64_r_minMag.o f128_to_i32_r_minMag.o f128_to_i64_r_minMag.o f128_to_f16.o f128_to_f32.o f128_to_extF80.o f128_to_f64.o f128_roundToInt.o f128_add.o f128_sub.o f128_mul.o f128_mulAdd.o f128_div.o f128_rem.o f128_sqrt.o f128_eq.o f128_le.o f128_lt.o f128_eq_signaling.o f128_le_quiet.o f128_lt_quiet.o f128_isSignalingNaN.o f128M_to_ui32.o f128M_to_ui64.o f128M_to_i32.o f128M_to_i64.o f128M_to_ui32_r_minMag.o f128M_to_ui64_r_minMag.o f128M_to_i32_r_minMag.o f128M_to_i64_r_minMag.o f128M_to_f16.o f128M_to_f32.o f128M_to_extF80M.o f128M_to_f64.o f128M_roundToInt.o f128M_add.o f128M_sub.o f128M_mul.o f128M_mulAdd.o f128M_div.o f128M_rem.o f128M_sqrt.o f128M_eq.o f128M_le.o f128M_lt.o f128M_eq_signaling.o f128M_le_quiet.o f128M_lt_quiet.o
make[1]: se sale del directorio '/home/juancarlos/Escritorio/riscv/sail-riscv/c_emulator/SoftFloat-3e/build/Linux-RISCV-GCC'
cc -g  -I /home/juancarlos/.opam/default/share/sail/lib -I c_emulator   -I c_emulator/SoftFloat-3e/source/include -O3 -flto=auto generated_definitions/c/riscv_rvfi_model_RV32.c -DRVFI_DII c_emulator/riscv_prelude.c c_emulator/riscv_platform_impl.c c_emulator/riscv_platform.c c_emulator/riscv_softfloat.c c_emulator/riscv_sim.c /home/juancarlos/.opam/default/share/sail/lib/*.c -lgmp -lz c_emulator/SoftFloat-3e/build/Linux-RISCV-GCC/softfloat.a -o c_emulator/riscv_rvfi_RV32
Building 32-bit RISCV RVFI C emulator: [0;92mok[0m
32-bit RISCV RVFI C tests: Passed 1 out of 1

rm -rf generated_definitions/ocaml/* generated_definitions/c/* generated_definitions/latex/*
rm -rf generated_definitions/lem/* generated_definitions/isabelle/* generated_definitions/hol4/* generated_definitions/coq/*
rm -rf generated_definitions/for-rmem/*
make -C c_emulator/SoftFloat-3e/build/Linux-RISCV-GCC clean
make[1]: se entra en el directorio '/home/juancarlos/Escritorio/riscv/sail-riscv/c_emulator/SoftFloat-3e/build/Linux-RISCV-GCC'
rm -f s_eq128.o s_le128.o s_lt128.o s_shortShiftLeft128.o s_shortShiftRight128.o s_shortShiftRightJam64.o s_shortShiftRightJam64Extra.o s_shortShiftRightJam128.o s_shortShiftRightJam128Extra.o s_shiftRightJam32.o s_shiftRightJam64.o s_shiftRightJam64Extra.o s_shiftRightJam128.o s_shiftRightJam128Extra.o s_shiftRightJam256M.o s_countLeadingZeros8.o s_countLeadingZeros16.o s_countLeadingZeros32.o s_countLeadingZeros64.o s_add128.o s_add256M.o s_sub128.o s_sub256M.o s_mul64ByShifted32To128.o s_mul64To128.o s_mul128By32.o s_mul128To256M.o s_approxRecip_1Ks.o s_approxRecip32_1.o s_approxRecipSqrt_1Ks.o s_approxRecipSqrt32_1.o  softfloat_raiseFlags.o s_propagateNaNF16UI.o s_f32UIToCommonNaN.o s_commonNaNToF32UI.o s_propagateNaNF32UI.o s_f64UIToCommonNaN.o s_commonNaNToF64UI.o s_propagateNaNF64UI.o s_propagateNaNF128UI.o s_roundToUI32.o s_roundToUI64.o s_roundToI32.o s_roundToI64.o s_normSubnormalF16Sig.o s_roundPackToF16.o s_normRoundPackToF16.o s_addMagsF16.o s_subMagsF16.o s_mulAddF16.o s_normSubnormalF32Sig.o s_roundPackToF32.o s_normRoundPackToF32.o s_addMagsF32.o s_subMagsF32.o s_mulAddF32.o s_normSubnormalF64Sig.o s_roundPackToF64.o s_normRoundPackToF64.o s_addMagsF64.o s_subMagsF64.o s_mulAddF64.o s_normSubnormalExtF80Sig.o s_roundPackToExtF80.o s_normRoundPackToExtF80.o s_addMagsExtF80.o s_subMagsExtF80.o s_normSubnormalF128Sig.o s_roundPackToF128.o s_normRoundPackToF128.o s_addMagsF128.o s_subMagsF128.o s_mulAddF128.o softfloat_state.o ui32_to_f16.o ui32_to_f32.o ui32_to_f64.o ui32_to_extF80.o ui32_to_extF80M.o ui32_to_f128.o ui32_to_f128M.o ui64_to_f16.o ui64_to_f32.o ui64_to_f64.o ui64_to_extF80.o ui64_to_extF80M.o ui64_to_f128.o ui64_to_f128M.o i32_to_f16.o i32_to_f32.o i32_to_f64.o i32_to_extF80.o i32_to_extF80M.o i32_to_f128.o i32_to_f128M.o i64_to_f16.o i64_to_f32.o i64_to_f64.o i64_to_extF80.o i64_to_extF80M.o i64_to_f128.o i64_to_f128M.o f16_to_ui32.o f16_to_ui64.o f16_to_i32.o f16_to_i64.o f16_to_ui32_r_minMag.o f16_to_ui64_r_minMag.o f16_to_i32_r_minMag.o f16_to_i64_r_minMag.o f16_to_f32.o f16_to_f64.o f16_to_extF80.o f16_to_extF80M.o f16_to_f128.o f16_to_f128M.o f16_roundToInt.o f16_add.o f16_sub.o f16_mul.o f16_mulAdd.o f16_div.o f16_rem.o f16_sqrt.o f16_eq.o f16_le.o f16_lt.o f16_eq_signaling.o f16_le_quiet.o f16_lt_quiet.o f16_isSignalingNaN.o f32_to_ui32.o f32_to_ui64.o f32_to_i32.o f32_to_i64.o f32_to_ui32_r_minMag.o f32_to_ui64_r_minMag.o f32_to_i32_r_minMag.o f32_to_i64_r_minMag.o f32_to_f16.o f32_to_f64.o f32_to_extF80.o f32_to_extF80M.o f32_to_f128.o f32_to_f128M.o f32_roundToInt.o f32_add.o f32_sub.o f32_mul.o f32_mulAdd.o f32_div.o f32_rem.o f32_sqrt.o f32_eq.o f32_le.o f32_lt.o f32_eq_signaling.o f32_le_quiet.o f32_lt_quiet.o f32_isSignalingNaN.o f64_to_ui32.o f64_to_ui64.o f64_to_i32.o f64_to_i64.o f64_to_ui32_r_minMag.o f64_to_ui64_r_minMag.o f64_to_i32_r_minMag.o f64_to_i64_r_minMag.o f64_to_f16.o f64_to_f32.o f64_to_extF80.o f64_to_extF80M.o f64_to_f128.o f64_to_f128M.o f64_roundToInt.o f64_add.o f64_sub.o f64_mul.o f64_mulAdd.o f64_div.o f64_rem.o f64_sqrt.o f64_eq.o f64_le.o f64_lt.o f64_eq_signaling.o f64_le_quiet.o f64_lt_quiet.o f64_isSignalingNaN.o extF80_to_ui32.o extF80_to_ui64.o extF80_to_i32.o extF80_to_i64.o extF80_to_ui32_r_minMag.o extF80_to_ui64_r_minMag.o extF80_to_i32_r_minMag.o extF80_to_i64_r_minMag.o extF80_to_f16.o extF80_to_f32.o extF80_to_f64.o extF80_to_f128.o extF80_roundToInt.o extF80_add.o extF80_sub.o extF80_mul.o extF80_div.o extF80_rem.o extF80_sqrt.o extF80_eq.o extF80_le.o extF80_lt.o extF80_eq_signaling.o extF80_le_quiet.o extF80_lt_quiet.o extF80_isSignalingNaN.o extF80M_to_ui32.o extF80M_to_ui64.o extF80M_to_i32.o extF80M_to_i64.o extF80M_to_ui32_r_minMag.o extF80M_to_ui64_r_minMag.o extF80M_to_i32_r_minMag.o extF80M_to_i64_r_minMag.o extF80M_to_f16.o extF80M_to_f32.o extF80M_to_f64.o extF80M_to_f128M.o extF80M_roundToInt.o extF80M_add.o extF80M_sub.o extF80M_mul.o extF80M_div.o extF80M_rem.o extF80M_sqrt.o extF80M_eq.o extF80M_le.o extF80M_lt.o extF80M_eq_signaling.o extF80M_le_quiet.o extF80M_lt_quiet.o f128_to_ui32.o f128_to_ui64.o f128_to_i32.o f128_to_i64.o f128_to_ui32_r_minMag.o f128_to_ui64_r_minMag.o f128_to_i32_r_minMag.o f128_to_i64_r_minMag.o f128_to_f16.o f128_to_f32.o f128_to_extF80.o f128_to_f64.o f128_roundToInt.o f128_add.o f128_sub.o f128_mul.o f128_mulAdd.o f128_div.o f128_rem.o f128_sqrt.o f128_eq.o f128_le.o f128_lt.o f128_eq_signaling.o f128_le_quiet.o f128_lt_quiet.o f128_isSignalingNaN.o f128M_to_ui32.o f128M_to_ui64.o f128M_to_i32.o f128M_to_i64.o f128M_to_ui32_r_minMag.o f128M_to_ui64_r_minMag.o f128M_to_i32_r_minMag.o f128M_to_i64_r_minMag.o f128M_to_f16.o f128M_to_f32.o f128M_to_extF80M.o f128M_to_f64.o f128M_roundToInt.o f128M_add.o f128M_sub.o f128M_mul.o f128M_mulAdd.o f128M_div.o f128M_rem.o f128M_sqrt.o f128M_eq.o f128M_le.o f128M_lt.o f128M_eq_signaling.o f128M_le_quiet.o f128M_lt_quiet.o  softfloat.a
make[1]: se sale del directorio '/home/juancarlos/Escritorio/riscv/sail-riscv/c_emulator/SoftFloat-3e/build/Linux-RISCV-GCC'
rm -f c_emulator/riscv_sim_RV32 c_emulator/riscv_sim_RV64  c_emulator/riscv_rvfi_RV32 c_emulator/riscv_rvfi_RV64
rm -rf ocaml_emulator/_sbuild ocaml_emulator/_build ocaml_emulator/riscv_ocaml_sim_RV32 ocaml_emulator/riscv_ocaml_sim_RV64 ocaml_emulator/tracecmp
rm -f *.gcno *.gcda
rm -f z3_problems
Holmake cleanAll
make: Holmake: No existe el archivo o el directorio
make: [Makefile:494: clean] Error 127 (no tiene efecto)
rm -f handwritten_support/riscv_extras.vo handwritten_support/riscv_extras.vos handwritten_support/riscv_extras.vok handwritten_support/riscv_extras.glob handwritten_support/.riscv_extras.aux
rm -f handwritten_support/mem_metadata.vo handwritten_support/mem_metadata.vos handwritten_support/mem_metadata.vok handwritten_support/mem_metadata.glob handwritten_support/.mem_metadata.aux
rm -f sail_doc/riscv_RV32.json
rm -f sail_doc/riscv_RV64.json
ocamlbuild -clean
mkdir -p generated_definitions/c
sail -c_preserve _set_Misa_C -c_preserve rvfi_set_instr_packet -c_preserve rvfi_get_cmd -c_preserve rvfi_get_insn -c_preserve rvfi_get_v2_trace_size -c_preserve rvfi_get_v2_support_packet -c_preserve rvfi_get_exec_packet_v1 -c_preserve rvfi_get_exec_packet_v2 -c_preserve rvfi_get_mem_data -c_preserve rvfi_get_int_data -c_preserve rvfi_zero_exec_packet -c_preserve rvfi_halt_exec_packet -c_preserve print_rvfi_exec -c_preserve print_instr_packet -c_preserve print_rvfi_exec -dno_cast -O -Oconstant_fold -memo_z3 -c -c_include riscv_prelude.h -c_include riscv_platform.h -c_no_main model/prelude.sail model/riscv_xlen64.sail model/riscv_flen_D.sail model/riscv_vlen.sail model/prelude_mem_metadata.sail model/prelude_mem.sail model/rvfi_dii.sail model/riscv_types_common.sail model/riscv_types_ext.sail model/riscv_types.sail model/riscv_vmem_types.sail model/riscv_reg_type.sail model/riscv_freg_type.sail model/riscv_regs.sail model/riscv_pc_access.sail model/riscv_sys_regs.sail model/riscv_pmp_regs.sail model/riscv_pmp_control.sail model/riscv_ext_regs.sail model/riscv_addr_checks_common.sail model/riscv_addr_checks.sail model/riscv_misa_ext.sail model/riscv_vreg_type.sail model/riscv_vext_regs.sail model/riscv_csr_map.sail model/riscv_vext_control.sail model/riscv_next_regs.sail model/riscv_sys_exceptions.sail model/riscv_sync_exception.sail model/riscv_next_control.sail model/riscv_softfloat_interface.sail model/riscv_fdext_regs.sail model/riscv_fdext_control.sail model/riscv_csr_ext.sail model/riscv_sys_control.sail model/riscv_platform.sail model/riscv_mem.sail model/riscv_vmem_common.sail model/riscv_vmem_pte.sail model/riscv_vmem_ptw.sail model/riscv_vmem_tlb.sail model/riscv_vmem.sail model/riscv_types_kext.sail model/riscv_insts_begin.sail model/riscv_insts_base.sail model/riscv_insts_aext.sail model/riscv_insts_cext.sail model/riscv_insts_mext.sail model/riscv_insts_zicsr.sail model/riscv_insts_next.sail model/riscv_insts_hints.sail model/riscv_insts_fext.sail model/riscv_insts_cfext.sail model/riscv_insts_dext.sail model/riscv_insts_cdext.sail model/riscv_insts_svinval.sail model/riscv_insts_zba.sail model/riscv_insts_zbb.sail model/riscv_insts_zbc.sail model/riscv_insts_zbs.sail model/riscv_insts_zcb.sail model/riscv_insts_zfh.sail model/riscv_insts_zfa.sail model/riscv_insts_zkn.sail model/riscv_insts_zks.sail model/riscv_insts_zbkb.sail model/riscv_insts_zbkx.sail model/riscv_insts_zicond.sail model/riscv_insts_vext_utils.sail model/riscv_insts_vext_fp_utils.sail model/riscv_insts_vext_vset.sail model/riscv_insts_vext_arith.sail model/riscv_insts_vext_fp.sail model/riscv_insts_vext_mem.sail model/riscv_insts_vext_mask.sail model/riscv_insts_vext_vm.sail model/riscv_insts_vext_fp_vm.sail model/riscv_insts_vext_red.sail model/riscv_insts_vext_fp_red.sail model/riscv_jalr_seq.sail model/riscv_insts_end.sail model/riscv_step_common.sail model/riscv_step_rvfi.sail model/riscv_decode_ext.sail model/riscv_fetch_rvfi.sail model/riscv_step.sail model/main.sail -o generated_definitions/c/riscv_rvfi_model_RV64
[93mWarning[0m: Deprecated [96mmodel/prelude.sail[0m:42.14-100:
42[96m |[0mval int_power = {ocaml: "int_power", interpreter: "int_power", lem: "pow", coq: "pow", c: "pow_int"} : (int, int) -> int
  [91m |[0m              [91m^------------------------------------------------------------------------------------^[0m
  [91m |[0m 
All external bindings should be marked as either monadic or pure

[93mWarning[0m: Duplicate function type definition for min_int
[96mmodel/prelude.sail[0m:58.4-11:
58[96m |[0mval min_int = {ocaml: "min_int", interpreter: "min_int", lem: "min", coq: "min_atom", c: "min_int"} : forall 'x 'y.
  [91m |[0m    [91m^-----^[0m
  [91m |[0m This duplicate definition is being ignored!
  [91m |[0m [96m/home/juancarlos/.opam/default/share/sail/lib/arith.sail[0m:217.4-11:
  [91m |[0m 217[96m |[0mval min_int = pure {lem: "integerMin", coq: "Z.min", _: "min_int"} : forall 'x 'y.
  [91m |[0m    [91m |[0m    [91m^-----^[0m [91mprevious definition here[0m
make: *** [Makefile:309: generated_definitions/c/riscv_rvfi_model_RV64.c] Interrupción
